Archive member included to satisfy reference by file (symbol)

/opt/st/stm32cubeide_2.1.1/plugins/com.st.stm32cube.ide.mcu.externaltools.gnu-tools-for-stm32.14.3.rel1.linux64_1.0.100.202602081740/tools/bin/../lib/gcc/arm-none-eabi/14.3.1/../../../../arm-none-eabi/lib/thumb/v7e-m+fp/hard/libc_nano.a(libc_a-exit.o)
                              /opt/st/stm32cubeide_2.1.1/plugins/com.st.stm32cube.ide.mcu.externaltools.gnu-tools-for-stm32.14.3.rel1.linux64_1.0.100.202602081740/tools/bin/../lib/gcc/arm-none-eabi/14.3.1/../../../../arm-none-eabi/lib/thumb/v7e-m+fp/hard/crt0.o (exit)
/opt/st/stm32cubeide_2.1.1/plugins/com.st.stm32cube.ide.mcu.externaltools.gnu-tools-for-stm32.14.3.rel1.linux64_1.0.100.202602081740/tools/bin/../lib/gcc/arm-none-eabi/14.3.1/../../../../arm-none-eabi/lib/thumb/v7e-m+fp/hard/libc_nano.a(libc_a-findfp.o)
                              /opt/st/stm32cubeide_2.1.1/plugins/com.st.stm32cube.ide.mcu.externaltools.gnu-tools-for-stm32.14.3.rel1.linux64_1.0.100.202602081740/tools/bin/../lib/gcc/arm-none-eabi/14.3.1/../../../../arm-none-eabi/lib/thumb/v7e-m+fp/hard/libc_nano.a(libc_a-exit.o) (__stdio_exit_handler)
/opt/st/stm32cubeide_2.1.1/plugins/com.st.stm32cube.ide.mcu.externaltools.gnu-tools-for-stm32.14.3.rel1.linux64_1.0.100.202602081740/tools/bin/../lib/gcc/arm-none-eabi/14.3.1/../../../../arm-none-eabi/lib/thumb/v7e-m+fp/hard/libc_nano.a(libc_a-fwalk.o)
                              /opt/st/stm32cubeide_2.1.1/plugins/com.st.stm32cube.ide.mcu.externaltools.gnu-tools-for-stm32.14.3.rel1.linux64_1.0.100.202602081740/tools/bin/../lib/gcc/arm-none-eabi/14.3.1/../../../../arm-none-eabi/lib/thumb/v7e-m+fp/hard/libc_nano.a(libc_a-findfp.o) (_fwalk_sglue)
/opt/st/stm32cubeide_2.1.1/plugins/com.st.stm32cube.ide.mcu.externaltools.gnu-tools-for-stm32.14.3.rel1.linux64_1.0.100.202602081740/tools/bin/../lib/gcc/arm-none-eabi/14.3.1/../../../../arm-none-eabi/lib/thumb/v7e-m+fp/hard/libc_nano.a(libc_a-snprintf.o)
                              ./Core/Src/adc_ads1256.o (snprintf)
/opt/st/stm32cubeide_2.1.1/plugins/com.st.stm32cube.ide.mcu.externaltools.gnu-tools-for-stm32.14.3.rel1.linux64_1.0.100.202602081740/tools/bin/../lib/gcc/arm-none-eabi/14.3.1/../../../../arm-none-eabi/lib/thumb/v7e-m+fp/hard/libc_nano.a(libc_a-stdio.o)
                              /opt/st/stm32cubeide_2.1.1/plugins/com.st.stm32cube.ide.mcu.externaltools.gnu-tools-for-stm32.14.3.rel1.linux64_1.0.100.202602081740/tools/bin/../lib/gcc/arm-none-eabi/14.3.1/../../../../arm-none-eabi/lib/thumb/v7e-m+fp/hard/libc_nano.a(libc_a-findfp.o) (__sread)
/opt/st/stm32cubeide_2.1.1/plugins/com.st.stm32cube.ide.mcu.externaltools.gnu-tools-for-stm32.14.3.rel1.linux64_1.0.100.202602081740/tools/bin/../lib/gcc/arm-none-eabi/14.3.1/../../../../arm-none-eabi/lib/thumb/v7e-m+fp/hard/libc_nano.a(libc_a-memset.o)
                              /opt/st/stm32cubeide_2.1.1/plugins/com.st.stm32cube.ide.mcu.externaltools.gnu-tools-for-stm32.14.3.rel1.linux64_1.0.100.202602081740/tools/bin/../lib/gcc/arm-none-eabi/14.3.1/../../../../arm-none-eabi/lib/thumb/v7e-m+fp/hard/crt0.o (memset)
/opt/st/stm32cubeide_2.1.1/plugins/com.st.stm32cube.ide.mcu.externaltools.gnu-tools-for-stm32.14.3.rel1.linux64_1.0.100.202602081740/tools/bin/../lib/gcc/arm-none-eabi/14.3.1/../../../../arm-none-eabi/lib/thumb/v7e-m+fp/hard/libc_nano.a(libc_a-closer.o)
                              /opt/st/stm32cubeide_2.1.1/plugins/com.st.stm32cube.ide.mcu.externaltools.gnu-tools-for-stm32.14.3.rel1.linux64_1.0.100.202602081740/tools/bin/../lib/gcc/arm-none-eabi/14.3.1/../../../../arm-none-eabi/lib/thumb/v7e-m+fp/hard/libc_nano.a(libc_a-stdio.o) (_close_r)
/opt/st/stm32cubeide_2.1.1/plugins/com.st.stm32cube.ide.mcu.externaltools.gnu-tools-for-stm32.14.3.rel1.linux64_1.0.100.202602081740/tools/bin/../lib/gcc/arm-none-eabi/14.3.1/../../../../arm-none-eabi/lib/thumb/v7e-m+fp/hard/libc_nano.a(libc_a-reent.o)
                              /opt/st/stm32cubeide_2.1.1/plugins/com.st.stm32cube.ide.mcu.externaltools.gnu-tools-for-stm32.14.3.rel1.linux64_1.0.100.202602081740/tools/bin/../lib/gcc/arm-none-eabi/14.3.1/../../../../arm-none-eabi/lib/thumb/v7e-m+fp/hard/libc_nano.a(libc_a-closer.o) (errno)
/opt/st/stm32cubeide_2.1.1/plugins/com.st.stm32cube.ide.mcu.externaltools.gnu-tools-for-stm32.14.3.rel1.linux64_1.0.100.202602081740/tools/bin/../lib/gcc/arm-none-eabi/14.3.1/../../../../arm-none-eabi/lib/thumb/v7e-m+fp/hard/libc_nano.a(libc_a-impure.o)
                              /opt/st/stm32cubeide_2.1.1/plugins/com.st.stm32cube.ide.mcu.externaltools.gnu-tools-for-stm32.14.3.rel1.linux64_1.0.100.202602081740/tools/bin/../lib/gcc/arm-none-eabi/14.3.1/../../../../arm-none-eabi/lib/thumb/v7e-m+fp/hard/libc_nano.a(libc_a-snprintf.o) (_impure_ptr)
/opt/st/stm32cubeide_2.1.1/plugins/com.st.stm32cube.ide.mcu.externaltools.gnu-tools-for-stm32.14.3.rel1.linux64_1.0.100.202602081740/tools/bin/../lib/gcc/arm-none-eabi/14.3.1/../../../../arm-none-eabi/lib/thumb/v7e-m+fp/hard/libc_nano.a(libc_a-lseekr.o)
[...]
Memory Configuration

Name             Origin             Length             Attributes
RAM              0x20000000         0x00020000         xrw
FLASH            0x08004000         0x0007c000         xr
*default*        0x00000000         0xffffffff

Linker script and memory map

LOAD /opt/st/stm32cubeide_2.1.1/plugins/com.st.stm32cube.ide.mcu.externaltools.gnu-tools-for-stm32.14.3.rel1.linux64_1.0.100.202602081740/tools/bin/../lib/gcc/arm-none-eabi/14.3.1/thumb/v7e-m+fp/hard/crti.o
LOAD /opt/st/stm32cubeide_2.1.1/plugins/com.st.stm32cube.ide.mcu.externaltools.gnu-tools-for-stm32.14.3.rel1.linux64_1.0.100.202602081740/tools/bin/../lib/gcc/arm-none-eabi/14.3.1/thumb/v7e-m+fp/hard/crtbegin.o
LOAD /opt/st/stm32cubeide_2.1.1/plugins/com.st.stm32cube.ide.mcu.externaltools.gnu-tools-for-stm32.14.3.rel1.linux64_1.0.100.202602081740/tools/bin/../lib/gcc/arm-none-eabi/14.3.1/../../../../arm-none-eabi/lib/thumb/v7e-m+fp/hard/crt0.o
LOAD ./Core/Src/adc_ads1256.o
LOAD ./Core/Src/application_error.o
LOAD ./Core/Src/display_st7735.o
LOAD ./Core/Src/gpio.o
LOAD ./Core/Src/main.o
LOAD ./Core/Src/microsecond_delay.o
LOAD ./Core/Src/spi.o
LOAD ./Core/Src/stm32f4xx_hal_msp.o
LOAD ./Core/Src/stm32f4xx_it.o
LOAD ./Core/Src/syscalls.o
LOAD ./Core/Src/sysmem.o
LOAD ./Core/Src/system_stm32f4xx.o
LOAD ./Core/Src/usb_cdc_serial.o
LOAD ./Core/Startup/startup_stm32f411ceux.o
LOAD ./Drivers/STM32F4xx_HAL_Driver/Src/stm32f4xx_hal.o
LOAD ./Drivers/STM32F4xx_HAL_Driver/Src/stm32f4xx_hal_cortex.o
LOAD ./Drivers/STM32F4xx_HAL_Driver/Src/stm32f4xx_hal_dma.o
LOAD ./Drivers/STM32F4xx_HAL_Driver/Src/stm32f4xx_hal_dma_ex.o
LOAD ./Drivers/STM32F4xx_HAL_Driver/Src/stm32f4xx_hal_exti.o
LOAD ./Drivers/STM32F4xx_HAL_Driver/Src/stm32f4xx_hal_flash.o
LOAD ./Drivers/STM32F4xx_HAL_Driver/Src/stm32f4xx_hal_flash_ex.o
LOAD ./Drivers/STM32F4xx_HAL_Driver/Src/stm32f4xx_hal_flash_ramfunc.o
LOAD ./Drivers/STM32F4xx_HAL_Driver/Src/stm32f4xx_hal_gpio.o
LOAD ./Drivers/STM32F4xx_HAL_Driver/Src/stm32f4xx_hal_pcd.o
LOAD ./Drivers/STM32F4xx_HAL_Driver/Src/stm32f4xx_hal_pcd_ex.o
LOAD ./Drivers/STM32F4xx_HAL_Driver/Src/stm32f4xx_hal_pwr.o
LOAD ./Drivers/STM32F4xx_HAL_Driver/Src/stm32f4xx_hal_pwr_ex.o
LOAD ./Drivers/STM32F4xx_HAL_Driver/Src/stm32f4xx_hal_rcc.o
LOAD ./Drivers/STM32F4xx_HAL_Driver/Src/stm32f4xx_hal_rcc_ex.o
LOAD ./Drivers/STM32F4xx_HAL_Driver/Src/stm32f4xx_hal_spi.o
LOAD ./Drivers/STM32F4xx_HAL_Driver/Src/stm32f4xx_ll_usb.o
LOAD ./Middlewares/ST/STM32_USB_Device_Library/Class/CDC/Src/usbd_cdc.o
LOAD ./Middlewares/ST/STM32_USB_Device_Library/Core/Src/usbd_core.o
LOAD ./Middlewares/ST/STM32_USB_Device_Library/Core/Src/usbd_ctlreq.o
LOAD ./Middlewares/ST/STM32_USB_Device_Library/Core/Src/usbd_ioreq.o
LOAD ./USB_DEVICE/App/usb_device.o
LOAD ./USB_DEVICE/App/usbd_cdc_if.o
LOAD ./USB_DEVICE/App/usbd_desc.o
LOAD ./USB_DEVICE/Target/usbd_conf.o
START GROUP
LOAD /opt/st/stm32cubeide_2.1.1/plugins/com.st.stm32cube.ide.mcu.externaltools.gnu-tools-for-stm32.14.3.rel1.linux64_1.0.100.202602081740/tools/bin/../lib/gcc/arm-none-eabi/14.3.1/../../../../arm-none-eabi/lib/thumb/v7e-m+fp/hard/libc_nano.a
LOAD /opt/st/stm32cubeide_2.1.1/plugins/com.st.stm32cube.ide.mcu.externaltools.gnu-tools-for-stm32.14.3.rel1.linux64_1.0.100.202602081740/tools/bin/../lib/gcc/arm-none-eabi/14.3.1/../../../../arm-none-eabi/lib/thumb/v7e-m+fp/hard/libm.a
END GROUP
START GROUP
LOAD /opt/st/stm32cubeide_2.1.1/plugins/com.st.stm32cube.ide.mcu.externaltools.gnu-tools-for-stm32.14.3.rel1.linux64_1.0.100.202602081740/tools/bin/../lib/gcc/arm-none-eabi/14.3.1/thumb/v7e-m+fp/hard/libgcc.a
LOAD /opt/st/stm32cubeide_2.1.1/plugins/com.st.stm32cube.ide.mcu.externaltools.gnu-tools-for-stm32.14.3.rel1.linux64_1.0.100.202602081740/tools/bin/../lib/gcc/arm-none-eabi/14.3.1/../../../../arm-none-eabi/lib/thumb/v7e-m+fp/hard/libc_nano.a
END GROUP
START GROUP
LOAD /opt/st/stm32cubeide_2.1.1/plugins/com.st.stm32cube.ide.mcu.externaltools.gnu-tools-for-stm32.14.3.rel1.linux64_1.0.100.202602081740/tools/bin/../lib/gcc/arm-none-eabi/14.3.1/thumb/v7e-m+fp/hard/libgcc.a
LOAD /opt/st/stm32cubeide_2.1.1/plugins/com.st.stm32cube.ide.mcu.externaltools.gnu-tools-for-stm32.14.3.rel1.linux64_1.0.100.202602081740/tools/bin/../lib/gcc/arm-none-eabi/14.3.1/../../../../arm-none-eabi/lib/thumb/v7e-m+fp/hard/libc_nano.a
LOAD /opt/st/stm32cubeide_2.1.1/plugins/com.st.stm32cube.ide.mcu.externaltools.gnu-tools-for-stm32.14.3.rel1.linux64_1.0.100.202602081740/tools/bin/../lib/gcc/arm-none-eabi/14.3.1/../../../../arm-none-eabi/lib/thumb/v7e-m+fp/hard/libnosys.a
END GROUP
START GROUP
LOAD /opt/st/stm32cubeide_2.1.1/plugins/com.st.stm32cube.ide.mcu.externaltools.gnu-tools-for-stm32.14.3.rel1.linux64_1.0.100.202602081740/tools/bin/../lib/gcc/arm-none-eabi/14.3.1/thumb/v7e-m+fp/hard/libgcc.a
LOAD /opt/st/stm32cubeide_2.1.1/plugins/com.st.stm32cube.ide.mcu.externaltools.gnu-tools-for-stm32.14.3.rel1.linux64_1.0.100.202602081740/tools/bin/../lib/gcc/arm-none-eabi/14.3.1/../../../../arm-none-eabi/lib/thumb/v7e-m+fp/hard/libc_nano.a
LOAD /opt/st/stm32cubeide_2.1.1/plugins/com.st.stm32cube.ide.mcu.externaltools.gnu-tools-for-stm32.14.3.rel1.linux64_1.0.100.202602081740/tools/bin/../lib/gcc/arm-none-eabi/14.3.1/../../../../arm-none-eabi/lib/thumb/v7e-m+fp/hard/libnosys.a
END GROUP
LOAD /opt/st/stm32cubeide_2.1.1/plugins/com.st.stm32cube.ide.mcu.externaltools.gnu-tools-for-stm32.14.3.rel1.linux64_1.0.100.202602081740/tools/bin/../lib/gcc/arm-none-eabi/14.3.1/thumb/v7e-m+fp/hard/crtend.o
LOAD /opt/st/stm32cubeide_2.1.1/plugins/com.st.stm32cube.ide.mcu.externaltools.gnu-tools-for-stm32.14.3.rel1.linux64_1.0.100.202602081740/tools/bin/../lib/gcc/arm-none-eabi/14.3.1/thumb/v7e-m+fp/hard/crtn.o
                0x20020000                        _estack = (ORIGIN (RAM) + LENGTH (RAM))
                0x00000200                        _Min_Heap_Size = 0x200
                0x00000400                        _Min_Stack_Size = 0x400

.isr_vector     0x08004000      0x198
                0x08004000                        . = ALIGN (0x4)
 *(.isr_vector)
 .isr_vector    0x08004000      0x198 ./Core/Startup/startup_stm32f411ceux.o
                0x08004000                g_pfnVectors
                0x08004198                        . = ALIGN (0x4)

.text           0x080041a0     0x9150
                0x080041a0                        . = ALIGN (0x4)
 *(.text)
 .text          0x080041a0       0x40 /opt/st/stm32cubeide_2.1.1/plugins/com.st.stm32cube.ide.mcu.externaltools.gnu-tools-for-stm32.14.3.rel1.linux64_1.0.100.202602081740/tools/bin/../lib/gcc/arm-none-eabi/14.3.1/thumb/v7e-m+fp/hard/crtbegin.o
 .text          0x080041e0       0x10 /opt/st/stm32cubeide_2.1.1/plugins/com.st.stm32cube.ide.mcu.externaltools.gnu-tools-for-stm32.14.3.rel1.linux64_1.0.100.202602081740/tools/bin/../lib/gcc/arm-none-eabi/14.3.1/../../../../arm-none-eabi/lib/thumb/v7e-m+fp/hard/libc_nano.a(libc_a-strlen.o)
                0x080041e0                strlen
 .text          0x080041f0       0xa0 /opt/st/stm32cubeide_2.1.1/plugins/com.st.stm32cube.ide.mcu.externaltools.gnu-tools-for-stm32.14.3.rel1.linux64_1.0.100.202602081740/tools/bin/../lib/gcc/arm-none-eabi/14.3.1/../../../../arm-none-eabi/lib/thumb/v7e-m+fp/hard/libc_nano.a(libc_a-memchr.o)
                0x080041f0                memchr
 .text          0x08004290       0x30 /opt/st/stm32cubeide_2.1.1/plugins/com.st.stm32cube.ide.mcu.externaltools.gnu-tools-for-stm32.14.3.rel1.linux64_1.0.100.202602081740/tools/bin/../lib/gcc/arm-none-eabi/14.3.1/thumb/v7e-m+fp/hard/libgcc.a(_aeabi_uldivmod.o)
                0x08004290                __aeabi_uldivmod
 .text          0x080042c0      0x2f8 /opt/st/stm32cubeide_2.1.1/plugins/com.st.stm32cube.ide.mcu.externaltools.gnu-tools-for-stm32.14.3.rel1.linux64_1.0.100.202602081740/tools/bin/../lib/gcc/arm-none-eabi/14.3.1/thumb/v7e-m+fp/hard/libgcc.a(_udivmoddi4.o)
                0x080042c0                __udivmoddi4
 .text          0x080045b8        0x4 /opt/st/stm32cubeide_2.1.1/plugins/com.st.stm32cube.ide.mcu.externaltools.gnu-tools-for-stm32.14.3.rel1.linux64_1.0.100.202602081740/tools/bin/../lib/gcc/arm-none-eabi/14.3.1/thumb/v7e-m+fp/hard/libgcc.a(_dvmd_tls.o)
                0x080045b8                __aeabi_ldiv0
                0x080045b8                __aeabi_idiv0
 *(.text*)
 .text.AdcADS1256_SetPinsToSafeState
                0x080045bc       0x28 ./Core/Src/adc_ads1256.o
                0x080045bc                AdcADS1256_SetPinsToSafeState
 .text.AdcADS1256_SelectAdcOnSpiBus
                0x080045e4       0x18 ./Core/Src/adc_ads1256.o
 .text.AdcADS1256_ReleaseAdcFromSpiBus
                0x080045fc       0x18 ./Core/Src/adc_ads1256.o
 .text.AdcADS1256_SendCommand
                0x08004614       0x40 ./Core/Src/adc_ads1256.o
 .text.AdcADS1256_WriteSingleRegister
                0x08004654       0x68 ./Core/Src/adc_ads1256.o
 .text.AdcADS1256_ReadSingleRegister
                0x080046bc       0x88 ./Core/Src/adc_ads1256.o
                0x080046bc                AdcADS1256_ReadSingleRegister
 .text.AdcADS1256_WaitUntilDataIsReadyWithTimeout
                0x08004744       0x44 ./Core/Src/adc_ads1256.o
 .text.AdcADS1256_WaitUntilDataIsReady
                0x08004788       0x24 ./Core/Src/adc_ads1256.o
                0x08004788                AdcADS1256_WaitUntilDataIsReady
 .text.AdcADS1256_Initialize
                0x080047ac      0x128 ./Core/Src/adc_ads1256.o
                0x080047ac                AdcADS1256_Initialize
 .text.AdcADS1256_DrawOperatingStatusOnDisplay
                0x080048d4      0x184 ./Core/Src/adc_ads1256.o
 .text.AdcADS1256_FormatFixedPointCenti
                0x08004a58       0x48 ./Core/Src/adc_ads1256.o
 .text.AdcADS1256_ConvertThreeBytesToSigned24BitValue
                0x08004aa0       0x42 ./Core/Src/adc_ads1256.o
 *fill*         0x08004ae2        0x2 
 .text.AdcADS1256_ReadRawSigned24BitValueSingleMode
                0x08004ae4       0x8c ./Core/Src/adc_ads1256.o
 .text.AdcADS1256_StartConversionOnChannel
                0x08004b70       0x34 ./Core/Src/adc_ads1256.o
 .text.AdcADS1256_ReadDifferentialChannelFrame
                0x08004ba4       0x88 ./Core/Src/adc_ads1256.o
                0x08004ba4                AdcADS1256_ReadDifferentialChannelFrame
 .text.ApplicationError_BlinkLedForeverFast
                0x08004c2c       0x30 ./Core/Src/application_error.o
                0x08004c2c                ApplicationError_BlinkLedForeverFast
 .text.Error_Handler
                0x08004c5c       0x10 ./Core/Src/application_error.o
                0x08004c5c                Error_Handler
 .text.DisplayST7735_SetPinsToSafeState
                0x08004c6c       0x2c ./Core/Src/display_st7735.o
                0x08004c6c                DisplayST7735_SetPinsToSafeState
 .text.DisplayST7735_SelectDisplayOnSpiBus
                0x08004c98       0x18 ./Core/Src/display_st7735.o
 .text.DisplayST7735_ReleaseDisplayFromSpiBus
                0x08004cb0       0x18 ./Core/Src/display_st7735.o
 .text.DisplayST7735_SetCommandMode
                0x08004cc8       0x18 ./Core/Src/display_st7735.o
 .text.DisplayST7735_SetDataMode
                0x08004ce0       0x18 ./Core/Src/display_st7735.o
 .text.DisplayST7735_WriteCommandByte
                0x08004cf8       0x40 ./Core/Src/display_st7735.o
 .text.DisplayST7735_WriteDataByte
                0x08004d38       0x40 ./Core/Src/display_st7735.o
 .text.DisplayST7735_WriteDataBytes
                0x08004d78       0x44 ./Core/Src/display_st7735.o
 .text.DisplayST7735_HardwareReset
                0x08004dbc       0x3c ./Core/Src/display_st7735.o
 .text.DisplayST7735_Initialize
                0x08004df8       0x52 ./Core/Src/display_st7735.o
                0x08004df8                DisplayST7735_Initialize
 .text.DisplayST7735_SetAddressWindow
                0x08004e4a       0x70 ./Core/Src/display_st7735.o
 .text.DisplayST7735_DrawPixel
                0x08004eba       0x56 ./Core/Src/display_st7735.o
                0x08004eba                DisplayST7735_DrawPixel
 .text.DisplayST7735_FillScreen
                0x08004f10       0x80 ./Core/Src/display_st7735.o
                0x08004f10                DisplayST7735_FillScreen
 .text.DisplayST7735_DrawCharacter5x7
                0x08004f90       0xa8 ./Core/Src/display_st7735.o
 .text.DisplayST7735_DrawText
                0x08005038       0x8e ./Core/Src/display_st7735.o
                0x08005038                DisplayST7735_DrawText
 *fill*         0x080050c6        0x2 
 .text.MX_GPIO_Init
                0x080050c8      0x140 ./Core/Src/gpio.o
                0x080050c8                MX_GPIO_Init
 .text.main     0x08005208       0xec ./Core/Src/main.o
                0x08005208                main
 .text.SystemClock_Config
                0x080052f4       0xd0 ./Core/Src/main.o
                0x080052f4                SystemClock_Config
 .text.Application_SetVectorTableToStartAfterWeActBootloader
                0x080053c4       0x28 ./Core/Src/main.o
 .text.Application_SetInitialPinStates
                0x080053ec       0x20 ./Core/Src/main.o
 .text.MicrosecondDelay_Initialize
                0x0800540c       0x50 ./Core/Src/microsecond_delay.o
                0x0800540c                MicrosecondDelay_Initialize
 .text.MicrosecondDelay_Wait
                0x0800545c       0x54 ./Core/Src/microsecond_delay.o
                0x0800545c                MicrosecondDelay_Wait
 .text.MicrosecondDelay_GetTimestampMicroseconds
                0x080054b0       0x98 ./Core/Src/microsecond_delay.o
                0x080054b0                MicrosecondDelay_GetTimestampMicroseconds
 .text.MX_SPI2_Init
                0x08005548       0x6c ./Core/Src/spi.o
                0x08005548                MX_SPI2_Init
 .text.MX_SPI3_Init
                0x080055b4       0x6c ./Core/Src/spi.o
                0x080055b4                MX_SPI3_Init
 .text.HAL_SPI_MspInit
                0x08005620       0xf8 ./Core/Src/spi.o
                0x08005620                HAL_SPI_MspInit
 .text.HAL_MspInit
                0x08005718       0x50 ./Core/Src/stm32f4xx_hal_msp.o
                0x08005718                HAL_MspInit
 .text.NMI_Handler
                0x08005768        0x8 ./Core/Src/stm32f4xx_it.o
                0x08005768                NMI_Handler
 .text.HardFault_Handler
                0x08005770        0x8 ./Core/Src/stm32f4xx_it.o
                0x08005770                HardFault_Handler
 .text.MemManage_Handler
                0x08005778        0x8 ./Core/Src/stm32f4xx_it.o
                0x08005778                MemManage_Handler
 .text.BusFault_Handler
                0x08005780        0x8 ./Core/Src/stm32f4xx_it.o
                0x08005780                BusFault_Handler
 .text.UsageFault_Handler
                0x08005788        0x8 ./Core/Src/stm32f4xx_it.o
                0x08005788                UsageFault_Handler
 .text.SVC_Handler
                0x08005790        0xe ./Core/Src/stm32f4xx_it.o
                0x08005790                SVC_Handler
 .text.DebugMon_Handler
                0x0800579e        0xe ./Core/Src/stm32f4xx_it.o
                0x0800579e                DebugMon_Handler
 .text.PendSV_Handler
                0x080057ac        0xe ./Core/Src/stm32f4xx_it.o
                0x080057ac                PendSV_Handler
 .text.SysTick_Handler
                0x080057ba        0xc ./Core/Src/stm32f4xx_it.o
                0x080057ba                SysTick_Handler
 *fill*         0x080057c6        0x2 
 .text.OTG_FS_IRQHandler
                0x080057c8       0x14 ./Core/Src/stm32f4xx_it.o
                0x080057c8                OTG_FS_IRQHandler
 .text._sbrk    0x080057dc       0x6c ./Core/Src/sysmem.o
                0x080057dc                _sbrk
 .text.SystemInit
                0x08005848       0x24 ./Core/Src/system_stm32f4xx.o
                0x08005848                SystemInit
 .text.UsbCdcSerial_WriteBytesBlocking
                0x0800586c       0x4a ./Core/Src/usb_cdc_serial.o
                0x0800586c                UsbCdcSerial_WriteBytesBlocking
 .text.UsbCdcSerial_WriteTextBlocking
                0x080058b6       0x24 ./Core/Src/usb_cdc_serial.o
                0x080058b6                UsbCdcSerial_WriteTextBlocking
 *fill*         0x080058da        0x2 
 .text.Reset_Handler
                0x080058dc       0x50 ./Core/Startup/startup_stm32f411ceux.o
                0x080058dc                Reset_Handler
 .text.Default_Handler
                0x0800592c        0x2 ./Core/Startup/startup_stm32f411ceux.o
                0x0800592c                RTC_Alarm_IRQHandler
                0x0800592c                EXTI2_IRQHandler
                0x0800592c                SPI4_IRQHandler
                0x0800592c                TIM1_CC_IRQHandler
                0x0800592c                DMA2_Stream5_IRQHandler
                0x0800592c                DMA1_Stream5_IRQHandler
                0x0800592c                PVD_IRQHandler
                0x0800592c                SDIO_IRQHandler
                0x0800592c                TAMP_STAMP_IRQHandler
                0x0800592c                EXTI3_IRQHandler
                0x0800592c                TIM1_UP_TIM10_IRQHandler
                0x0800592c                I2C3_ER_IRQHandler
                0x0800592c                EXTI0_IRQHandler
                0x0800592c                I2C2_EV_IRQHandler
                0x0800592c                DMA1_Stream2_IRQHandler
                0x0800592c                FPU_IRQHandler
                0x0800592c                DMA2_Stream2_IRQHandler
                0x0800592c                SPI1_IRQHandler
                0x0800592c                TIM1_BRK_TIM9_IRQHandler
                0x0800592c                DMA2_Stream3_IRQHandler
                0x0800592c                USART6_IRQHandler
                0x0800592c                DMA2_Stream0_IRQHandler
                0x0800592c                TIM4_IRQHandler
                0x0800592c                I2C1_EV_IRQHandler
                0x0800592c                DMA1_Stream6_IRQHandler
                0x0800592c                DMA1_Stream1_IRQHandler
                0x0800592c                TIM3_IRQHandler
                0x0800592c                RCC_IRQHandler
                0x0800592c                Default_Handler
                0x0800592c                EXTI15_10_IRQHandler
                0x0800592c                ADC_IRQHandler
                0x0800592c                DMA1_Stream7_IRQHandler
                0x0800592c                SPI5_IRQHandler
                0x0800592c                TIM5_IRQHandler
                0x0800592c                DMA2_Stream7_IRQHandler
                0x0800592c                I2C3_EV_IRQHandler
                0x0800592c                EXTI9_5_IRQHandler
                0x0800592c                RTC_WKUP_IRQHandler
                0x0800592c                SPI2_IRQHandler
                0x0800592c                DMA1_Stream0_IRQHandler
                0x0800592c                EXTI4_IRQHandler
                0x0800592c                WWDG_IRQHandler
                0x0800592c                TIM2_IRQHandler
                0x0800592c                OTG_FS_WKUP_IRQHandler
                0x0800592c                TIM1_TRG_COM_TIM11_IRQHandler
                0x0800592c                EXTI1_IRQHandler
                0x0800592c                USART2_IRQHandler
                0x0800592c                I2C2_ER_IRQHandler
                0x0800592c                DMA2_Stream1_IRQHandler
                0x0800592c                FLASH_IRQHandler
                0x0800592c                DMA2_Stream4_IRQHandler
                0x0800592c                USART1_IRQHandler
                0x0800592c                SPI3_IRQHandler
                0x0800592c                DMA1_Stream4_IRQHandler
                0x0800592c                I2C1_ER_IRQHandler
                0x0800592c                DMA2_Stream6_IRQHandler
                0x0800592c                DMA1_Stream3_IRQHandler
 *fill*         0x0800592e        0x2 
 .text.HAL_Init
                0x08005930       0x44 ./Drivers/STM32F4xx_HAL_Driver/Src/stm32f4xx_hal.o
                0x08005930                HAL_Init
 .text.HAL_InitTick
                0x08005974       0x60 ./Drivers/STM32F4xx_HAL_Driver/Src/stm32f4xx_hal.o
                0x08005974                HAL_InitTick
 .text.HAL_IncTick
                0x080059d4       0x28 ./Drivers/STM32F4xx_HAL_Driver/Src/stm32f4xx_hal.o
                0x080059d4                HAL_IncTick
 .text.HAL_GetTick
                0x080059fc       0x18 ./Drivers/STM32F4xx_HAL_Driver/Src/stm32f4xx_hal.o
                0x080059fc                HAL_GetTick
 .text.HAL_Delay
                0x08005a14       0x48 ./Drivers/STM32F4xx_HAL_Driver/Src/stm32f4xx_hal.o
                0x08005a14                HAL_Delay
 .text.__NVIC_SetPriorityGrouping
                0x08005a5c       0x48 ./Drivers/STM32F4xx_HAL_Driver/Src/stm32f4xx_hal_cortex.o
 .text.__NVIC_GetPriorityGrouping
                0x08005aa4       0x1c ./Drivers/STM32F4xx_HAL_Driver/Src/stm32f4xx_hal_cortex.o
 .text.__NVIC_EnableIRQ
                0x08005ac0       0x3c ./Drivers/STM32F4xx_HAL_Driver/Src/stm32f4xx_hal_cortex.o
 .text.__NVIC_SetPriority
                0x08005afc       0x54 ./Drivers/STM32F4xx_HAL_Driver/Src/stm32f4xx_hal_cortex.o
 .text.NVIC_EncodePriority
                0x08005b50       0x66 ./Drivers/STM32F4xx_HAL_Driver/Src/stm32f4xx_hal_cortex.o
 *fill*         0x08005bb6        0x2 
 .text.SysTick_Config
                0x08005bb8       0x44 ./Drivers/STM32F4xx_HAL_Driver/Src/stm32f4xx_hal_cortex.o
 .text.HAL_NVIC_SetPriorityGrouping
                0x08005bfc       0x16 ./Drivers/STM32F4xx_HAL_Driver/Src/stm32f4xx_hal_cortex.o
                0x08005bfc                HAL_NVIC_SetPriorityGrouping
 .text.HAL_NVIC_SetPriority
                0x08005c12       0x38 ./Drivers/STM32F4xx_HAL_Driver/Src/stm32f4xx_hal_cortex.o
                0x08005c12                HAL_NVIC_SetPriority
 .text.HAL_NVIC_EnableIRQ
                0x08005c4a       0x1c ./Drivers/STM32F4xx_HAL_Driver/Src/stm32f4xx_hal_cortex.o
                0x08005c4a                HAL_NVIC_EnableIRQ
 .text.HAL_SYSTICK_Config
                0x08005c66       0x18 ./Drivers/STM32F4xx_HAL_Driver/Src/stm32f4xx_hal_cortex.o
                0x08005c66                HAL_SYSTICK_Config
 *fill*         0x08005c7e        0x2 
 .text.HAL_GPIO_Init
                0x08005c80      0x308 ./Drivers/STM32F4xx_HAL_Driver/Src/stm32f4xx_hal_gpio.o
                0x08005c80                HAL_GPIO_Init
 .text.HAL_GPIO_ReadPin
                0x08005f88       0x30 ./Drivers/STM32F4xx_HAL_Driver/Src/stm32f4xx_hal_gpio.o
                0x08005f88                HAL_GPIO_ReadPin
 .text.HAL_GPIO_WritePin
                0x08005fb8       0x32 ./Drivers/STM32F4xx_HAL_Driver/Src/stm32f4xx_hal_gpio.o
                0x08005fb8                HAL_GPIO_WritePin
 .text.HAL_GPIO_TogglePin
                0x08005fea       0x34 ./Drivers/STM32F4xx_HAL_Driver/Src/stm32f4xx_hal_gpio.o
                0x08005fea                HAL_GPIO_TogglePin
 .text.HAL_PCD_Init
                0x0800601e      0x21e ./Drivers/STM32F4xx_HAL_Driver/Src/stm32f4xx_hal_pcd.o
                0x0800601e                HAL_PCD_Init
 .text.HAL_PCD_Start
                0x0800623c       0x6a ./Drivers/STM32F4xx_HAL_Driver/Src/stm32f4xx_hal_pcd.o
                0x0800623c                HAL_PCD_Start
 .text.HAL_PCD_IRQHandler
                0x080062a6      0x942 ./Drivers/STM32F4xx_HAL_Driver/Src/stm32f4xx_hal_pcd.o
                0x080062a6                HAL_PCD_IRQHandler
 .text.HAL_PCD_SetAddress
                0x08006be8       0x48 ./Drivers/STM32F4xx_HAL_Driver/Src/stm32f4xx_hal_pcd.o
                0x08006be8                HAL_PCD_SetAddress
 .text.HAL_PCD_EP_Open
                0x08006c30       0xd4 ./Drivers/STM32F4xx_HAL_Driver/Src/stm32f4xx_hal_pcd.o
                0x08006c30                HAL_PCD_EP_Open
 .text.HAL_PCD_EP_Close
                0x08006d04       0x94 ./Drivers/STM32F4xx_HAL_Driver/Src/stm32f4xx_hal_pcd.o
                0x08006d04                HAL_PCD_EP_Close
 .text.HAL_PCD_EP_Receive
                0x08006d98       0x76 ./Drivers/STM32F4xx_HAL_Driver/Src/stm32f4xx_hal_pcd.o
                0x08006d98                HAL_PCD_EP_Receive
 .text.HAL_PCD_EP_GetRxCount
                0x08006e0e       0x30 ./Drivers/STM32F4xx_HAL_Driver/Src/stm32f4xx_hal_pcd.o
                0x08006e0e                HAL_PCD_EP_GetRxCount
 .text.HAL_PCD_EP_Transmit
                0x08006e3e       0x74 ./Drivers/STM32F4xx_HAL_Driver/Src/stm32f4xx_hal_pcd.o
                0x08006e3e                HAL_PCD_EP_Transmit
 .text.HAL_PCD_EP_SetStall
                0x08006eb2       0xc6 ./Drivers/STM32F4xx_HAL_Driver/Src/stm32f4xx_hal_pcd.o
                0x08006eb2                HAL_PCD_EP_SetStall
 .text.HAL_PCD_EP_ClrStall
                0x08006f78       0xac ./Drivers/STM32F4xx_HAL_Driver/Src/stm32f4xx_hal_pcd.o
                0x08006f78                HAL_PCD_EP_ClrStall
 .text.HAL_PCD_EP_Abort
                0x08007024       0x62 ./Drivers/STM32F4xx_HAL_Driver/Src/stm32f4xx_hal_pcd.o
                0x08007024                HAL_PCD_EP_Abort
 .text.PCD_WriteEmptyTxFifo
                0x08007086      0x118 ./Drivers/STM32F4xx_HAL_Driver/Src/stm32f4xx_hal_pcd.o
 *fill*         0x0800719e        0x2 
 .text.PCD_EP_OutXfrComplete_int
                0x080071a0      0x1d0 ./Drivers/STM32F4xx_HAL_Driver/Src/stm32f4xx_hal_pcd.o
 .text.PCD_EP_OutSetupPacket_int
                0x08007370       0x8c ./Drivers/STM32F4xx_HAL_Driver/Src/stm32f4xx_hal_pcd.o
 .text.HAL_PCDEx_SetTxFiFo
                0x080073fc       0x8e ./Drivers/STM32F4xx_HAL_Driver/Src/stm32f4xx_hal_pcd_ex.o
                0x080073fc                HAL_PCDEx_SetTxFiFo
 .text.HAL_PCDEx_SetRxFiFo
                0x0800748a       0x22 ./Drivers/STM32F4xx_HAL_Driver/Src/stm32f4xx_hal_pcd_ex.o
                0x0800748a                HAL_PCDEx_SetRxFiFo
 .text.HAL_PCDEx_LPM_Callback
                0x080074ac       0x18 ./Drivers/STM32F4xx_HAL_Driver/Src/stm32f4xx_hal_pcd_ex.o
                0x080074ac                HAL_PCDEx_LPM_Callback
 .text.HAL_RCC_OscConfig
                0x080074c4      0x4f0 ./Drivers/STM32F4xx_HAL_Driver/Src/stm32f4xx_hal_rcc.o
                0x080074c4                HAL_RCC_OscConfig
 .text.HAL_RCC_ClockConfig
                0x080079b4      0x1cc ./Drivers/STM32F4xx_HAL_Driver/Src/stm32f4xx_hal_rcc.o
                0x080079b4                HAL_RCC_ClockConfig
 .text.HAL_RCC_GetSysClockFreq
                0x08007b80      0x188 ./Drivers/STM32F4xx_HAL_Driver/Src/stm32f4xx_hal_rcc.o
                0x08007b80                HAL_RCC_GetSysClockFreq
 .text.HAL_RCC_GetHCLKFreq
                0x08007d08       0x18 ./Drivers/STM32F4xx_HAL_Driver/Src/stm32f4xx_hal_rcc.o
                0x08007d08                HAL_RCC_GetHCLKFreq
 .text.HAL_SPI_Init
                0x08007d20      0x112 ./Drivers/STM32F4xx_HAL_Driver/Src/stm32f4xx_hal_spi.o
                0x08007d20                HAL_SPI_Init
 .text.HAL_SPI_Transmit
                0x08007e32      0x288 ./Drivers/STM32F4xx_HAL_Driver/Src/stm32f4xx_hal_spi.o
                0x08007e32                HAL_SPI_Transmit
 .text.HAL_SPI_Receive
                0x080080ba      0x232 ./Drivers/STM32F4xx_HAL_Driver/Src/stm32f4xx_hal_spi.o
                0x080080ba                HAL_SPI_Receive
 .text.HAL_SPI_TransmitReceive
                0x080082ec      0x352 ./Drivers/STM32F4xx_HAL_Driver/Src/stm32f4xx_hal_spi.o
                0x080082ec                HAL_SPI_TransmitReceive
 *fill*         0x0800863e        0x2 
 .text.SPI_WaitFlagStateUntilTimeout
                0x08008640      0x110 ./Drivers/STM32F4xx_HAL_Driver/Src/stm32f4xx_hal_spi.o
 .text.SPI_EndRxTransaction
                0x08008750       0xca ./Drivers/STM32F4xx_HAL_Driver/Src/stm32f4xx_hal_spi.o
 *fill*         0x0800881a        0x2 
 .text.SPI_EndRxTxTransaction
                0x0800881c       0xa8 ./Drivers/STM32F4xx_HAL_Driver/Src/stm32f4xx_hal_spi.o
 .text.USB_CoreInit
                0x080088c4       0xc8 ./Drivers/STM32F4xx_HAL_Driver/Src/stm32f4xx_ll_usb.o
                0x080088c4                USB_CoreInit
 .text.USB_SetTurnaroundTime
                0x0800898c      0x144 ./Drivers/STM32F4xx_HAL_Driver/Src/stm32f4xx_ll_usb.o
                0x0800898c                USB_SetTurnaroundTime
 .text.USB_EnableGlobalInt
                0x08008ad0       0x22 ./Drivers/STM32F4xx_HAL_Driver/Src/stm32f4xx_ll_usb.o
                0x08008ad0                USB_EnableGlobalInt
 .text.USB_DisableGlobalInt
                0x08008af2       0x22 ./Drivers/STM32F4xx_HAL_Driver/Src/stm32f4xx_ll_usb.o
                0x08008af2                USB_DisableGlobalInt
 .text.USB_SetCurrentMode
                0x08008b14       0x98 ./Drivers/STM32F4xx_HAL_Driver/Src/stm32f4xx_ll_usb.o
                0x08008b14                USB_SetCurrentMode
 .text.USB_DevInit
                0x08008bac      0x2c8 ./Drivers/STM32F4xx_HAL_Driver/Src/stm32f4xx_ll_usb.o
                0x08008bac                USB_DevInit
 .text.USB_FlushTxFifo
                0x08008e74       0x64 ./Drivers/STM32F4xx_HAL_Driver/Src/stm32f4xx_ll_usb.o
                0x08008e74                USB_FlushTxFifo
 .text.USB_FlushRxFifo
                0x08008ed8       0x5c ./Drivers/STM32F4xx_HAL_Driver/Src/stm32f4xx_ll_usb.o
                0x08008ed8                USB_FlushRxFifo
 .text.USB_SetDevSpeed
                0x08008f34       0x32 ./Drivers/STM32F4xx_HAL_Driver/Src/stm32f4xx_ll_usb.o
                0x08008f34                USB_SetDevSpeed
 .text.USB_GetDevSpeed
                0x08008f66       0x4a ./Drivers/STM32F4xx_HAL_Driver/Src/stm32f4xx_ll_usb.o
                0x08008f66                USB_GetDevSpeed
 .text.USB_ActivateEndpoint
                0x08008fb0      0x10e ./Drivers/STM32F4xx_HAL_Driver/Src/stm32f4xx_ll_usb.o
                0x08008fb0                USB_ActivateEndpoint
 *fill*         0x080090be        0x2 
 .text.USB_DeactivateEndpoint
                0x080090c0      0x1b8 ./Drivers/STM32F4xx_HAL_Driver/Src/stm32f4xx_ll_usb.o
                0x080090c0                USB_DeactivateEndpoint
 .text.USB_EPStartXfer
                0x08009278      0x53c ./Drivers/STM32F4xx_HAL_Driver/Src/stm32f4xx_ll_usb.o
                0x08009278                USB_EPStartXfer
 .text.USB_EPStopXfer
                0x080097b4      0x154 ./Drivers/STM32F4xx_HAL_Driver/Src/stm32f4xx_ll_usb.o
                0x080097b4                USB_EPStopXfer
 .text.USB_WritePacket
                0x08009908       0x7c ./Drivers/STM32F4xx_HAL_Driver/Src/stm32f4xx_ll_usb.o
                0x08009908                USB_WritePacket
 .text.USB_ReadPacket
                0x08009984       0xb0 ./Drivers/STM32F4xx_HAL_Driver/Src/stm32f4xx_ll_usb.o
                0x08009984                USB_ReadPacket
 .text.USB_EPSetStall
                0x08009a34       0xdc ./Drivers/STM32F4xx_HAL_Driver/Src/stm32f4xx_ll_usb.o
                0x08009a34                USB_EPSetStall
 .text.USB_EPClearStall
                0x08009b10       0xcc ./Drivers/STM32F4xx_HAL_Driver/Src/stm32f4xx_ll_usb.o
                0x08009b10                USB_EPClearStall
 .text.USB_SetDevAddress
                0x08009bdc       0x4c ./Drivers/STM32F4xx_HAL_Driver/Src/stm32f4xx_ll_usb.o
                0x08009bdc                USB_SetDevAddress
 .text.USB_DevConnect
                0x08009c28       0x42 ./Drivers/STM32F4xx_HAL_Driver/Src/stm32f4xx_ll_usb.o
                0x08009c28                USB_DevConnect
 .text.USB_DevDisconnect
                0x08009c6a       0x42 ./Drivers/STM32F4xx_HAL_Driver/Src/stm32f4xx_ll_usb.o
                0x08009c6a                USB_DevDisconnect
 .text.USB_ReadInterrupts
                0x08009cac       0x26 ./Drivers/STM32F4xx_HAL_Driver/Src/stm32f4xx_ll_usb.o
                0x08009cac                USB_ReadInterrupts
 .text.USB_ReadDevAllOutEpInterrupt
                0x08009cd2       0x34 ./Drivers/STM32F4xx_HAL_Driver/Src/stm32f4xx_ll_usb.o
                0x08009cd2                USB_ReadDevAllOutEpInterrupt
 .text.USB_ReadDevAllInEpInterrupt
                0x08009d06       0x34 ./Drivers/STM32F4xx_HAL_Driver/Src/stm32f4xx_ll_usb.o
                0x08009d06                USB_ReadDevAllInEpInterrupt
 .text.USB_ReadDevOutEPInterrupt
                0x08009d3a       0x3c ./Drivers/STM32F4xx_HAL_Driver/Src/stm32f4xx_ll_usb.o
                0x08009d3a                USB_ReadDevOutEPInterrupt
 .text.USB_ReadDevInEPInterrupt
                0x08009d76       0x5c ./Drivers/STM32F4xx_HAL_Driver/Src/stm32f4xx_ll_usb.o
                0x08009d76                USB_ReadDevInEPInterrupt
 .text.USB_GetMode
                0x08009dd2       0x1c ./Drivers/STM32F4xx_HAL_Driver/Src/stm32f4xx_ll_usb.o
                0x08009dd2                USB_GetMode
 .text.USB_ActivateSetup
                0x08009dee       0x46 ./Drivers/STM32F4xx_HAL_Driver/Src/stm32f4xx_ll_usb.o
                0x08009dee                USB_ActivateSetup
 .text.USB_EP0_OutStart
                0x08009e34       0xbc ./Drivers/STM32F4xx_HAL_Driver/Src/stm32f4xx_ll_usb.o
                0x08009e34                USB_EP0_OutStart
 .text.USB_CoreReset
                0x08009ef0       0x70 ./Drivers/STM32F4xx_HAL_Driver/Src/stm32f4xx_ll_usb.o
 .text.USBD_CDC_Init
                0x08009f60      0x1f0 ./Middlewares/ST/STM32_USB_Device_Library/Class/CDC/Src/usbd_cdc.o
 .text.USBD_CDC_DeInit
                0x0800a150      0x104 ./Middlewares/ST/STM32_USB_Device_Library/Class/CDC/Src/usbd_cdc.o
 .text.USBD_CDC_Setup
                0x0800a254      0x1b8 ./Middlewares/ST/STM32_USB_Device_Library/Class/CDC/Src/usbd_cdc.o
 .text.USBD_CDC_DataIn
                0x0800a40c       0xfe ./Middlewares/ST/STM32_USB_Device_Library/Class/CDC/Src/usbd_cdc.o
 .text.USBD_CDC_DataOut
                0x0800a50a       0x70 ./Middlewares/ST/STM32_USB_Device_Library/Class/CDC/Src/usbd_cdc.o
 .text.USBD_CDC_EP0_RxReady
                0x0800a57a       0x74 ./Middlewares/ST/STM32_USB_Device_Library/Class/CDC/Src/usbd_cdc.o
 *fill*         0x0800a5ee        0x2 
 .text.USBD_CDC_GetFSCfgDesc
                0x0800a5f0       0x70 ./Middlewares/ST/STM32_USB_Device_Library/Class/CDC/Src/usbd_cdc.o
 .text.USBD_CDC_GetHSCfgDesc
                0x0800a660       0x70 ./Middlewares/ST/STM32_USB_Device_Library/Class/CDC/Src/usbd_cdc.o
 .text.USBD_CDC_GetOtherSpeedCfgDesc
                0x0800a6d0       0x70 ./Middlewares/ST/STM32_USB_Device_Library/Class/CDC/Src/usbd_cdc.o
 .text.USBD_CDC_GetDeviceQualifierDescriptor
                0x0800a740       0x20 ./Middlewares/ST/STM32_USB_Device_Library/Class/CDC/Src/usbd_cdc.o
                0x0800a740                USBD_CDC_GetDeviceQualifierDescriptor
 .text.USBD_CDC_RegisterInterface
                0x0800a760       0x34 ./Middlewares/ST/STM32_USB_Device_Library/Class/CDC/Src/usbd_cdc.o
                0x0800a760                USBD_CDC_RegisterInterface
 .text.USBD_CDC_SetTxBuffer
                0x0800a794       0x44 ./Middlewares/ST/STM32_USB_Device_Library/Class/CDC/Src/usbd_cdc.o
                0x0800a794                USBD_CDC_SetTxBuffer
 .text.USBD_CDC_SetRxBuffer
                0x0800a7d8       0x3a ./Middlewares/ST/STM32_USB_Device_Library/Class/CDC/Src/usbd_cdc.o
                0x0800a7d8                USBD_CDC_SetRxBuffer
 *fill*         0x0800a812        0x2 
 .text.USBD_CDC_TransmitPacket
                0x0800a814       0x80 ./Middlewares/ST/STM32_USB_Device_Library/Class/CDC/Src/usbd_cdc.o
                0x0800a814                USBD_CDC_TransmitPacket
 .text.USBD_CDC_ReceivePacket
                0x0800a894       0x6c ./Middlewares/ST/STM32_USB_Device_Library/Class/CDC/Src/usbd_cdc.o
                0x0800a894                USBD_CDC_ReceivePacket
 .text.USBD_Init
                0x0800a900       0x60 ./Middlewares/ST/STM32_USB_Device_Library/Core/Src/usbd_core.o
                0x0800a900                USBD_Init
 .text.USBD_RegisterClass
                0x0800a960       0x6c ./Middlewares/ST/STM32_USB_Device_Library/Core/Src/usbd_core.o
                0x0800a960                USBD_RegisterClass
 .text.USBD_Start
                0x0800a9cc       0x18 ./Middlewares/ST/STM32_USB_Device_Library/Core/Src/usbd_core.o
                0x0800a9cc                USBD_Start
 .text.USBD_RunTestMode
                0x0800a9e4       0x16 ./Middlewares/ST/STM32_USB_Device_Library/Core/Src/usbd_core.o
                0x0800a9e4                USBD_RunTestMode
 .text.USBD_SetClassConfig
                0x0800a9fa       0x38 ./Middlewares/ST/STM32_USB_Device_Library/Core/Src/usbd_core.o
                0x0800a9fa                USBD_SetClassConfig
 .text.USBD_ClrClassConfig
                0x0800aa32       0x34 ./Middlewares/ST/STM32_USB_Device_Library/Core/Src/usbd_core.o
                0x0800aa32                USBD_ClrClassConfig
 .text.USBD_LL_SetupStage
                0x0800aa66       0xaa ./Middlewares/ST/STM32_USB_Device_Library/Core/Src/usbd_core.o
                0x0800aa66                USBD_LL_SetupStage
 .text.USBD_LL_DataOutStage
                0x0800ab10      0x178 ./Middlewares/ST/STM32_USB_Device_Library/Core/Src/usbd_core.o
                0x0800ab10                USBD_LL_DataOutStage
 .text.USBD_LL_DataInStage
                0x0800ac88      0x176 ./Middlewares/ST/STM32_USB_Device_Library/Core/Src/usbd_core.o
                0x0800ac88                USBD_LL_DataInStage
 .text.USBD_LL_Reset
                0x0800adfe       0xa6 ./Middlewares/ST/STM32_USB_Device_Library/Core/Src/usbd_core.o
                0x0800adfe                USBD_LL_Reset
 .text.USBD_LL_SetSpeed
                0x0800aea4       0x20 ./Middlewares/ST/STM32_USB_Device_Library/Core/Src/usbd_core.o
                0x0800aea4                USBD_LL_SetSpeed
 .text.USBD_LL_Suspend
                0x0800aec4       0x38 ./Middlewares/ST/STM32_USB_Device_Library/Core/Src/usbd_core.o
                0x0800aec4                USBD_LL_Suspend
 .text.USBD_LL_Resume
                0x0800aefc       0x30 ./Middlewares/ST/STM32_USB_Device_Library/Core/Src/usbd_core.o
                0x0800aefc                USBD_LL_Resume
 .text.USBD_LL_SOF
                0x0800af2c       0x40 ./Middlewares/ST/STM32_USB_Device_Library/Core/Src/usbd_core.o
                0x0800af2c                USBD_LL_SOF
 .text.USBD_LL_IsoINIncomplete
                0x0800af6c       0x64 ./Middlewares/ST/STM32_USB_Device_Library/Core/Src/usbd_core.o
                0x0800af6c                USBD_LL_IsoINIncomplete
 .text.USBD_LL_IsoOUTIncomplete
                0x0800afd0       0x64 ./Middlewares/ST/STM32_USB_Device_Library/Core/Src/usbd_core.o
                0x0800afd0                USBD_LL_IsoOUTIncomplete
 .text.USBD_LL_DevConnected
                0x0800b034       0x16 ./Middlewares/ST/STM32_USB_Device_Library/Core/Src/usbd_core.o
                0x0800b034                USBD_LL_DevConnected
 .text.USBD_LL_DevDisconnected
                0x0800b04a       0x46 ./Middlewares/ST/STM32_USB_Device_Library/Core/Src/usbd_core.o
                0x0800b04a                USBD_LL_DevDisconnected
 .text.USBD_CoreFindIF
                0x0800b090       0x1a ./Middlewares/ST/STM32_USB_Device_Library/Core/Src/usbd_core.o
                0x0800b090                USBD_CoreFindIF
 .text.USBD_CoreFindEP
                0x0800b0aa       0x1a ./Middlewares/ST/STM32_USB_Device_Library/Core/Src/usbd_core.o
                0x0800b0aa                USBD_CoreFindEP
 .text.USBD_GetEpDesc
                0x0800b0c4       0x70 ./Middlewares/ST/STM32_USB_Device_Library/Core/Src/usbd_core.o
                0x0800b0c4                USBD_GetEpDesc
 .text.USBD_GetNextDesc
                0x0800b134       0x38 ./Middlewares/ST/STM32_USB_Device_Library/Core/Src/usbd_core.o
                0x0800b134                USBD_GetNextDesc
 .text.SWAPBYTE
                0x0800b16c       0x3e ./Middlewares/ST/STM32_USB_Device_Library/Core/Src/usbd_ctlreq.o
 *fill*         0x0800b1aa        0x2 
 .text.USBD_StdDevReq
                0x0800b1ac       0xe4 ./Middlewares/ST/STM32_USB_Device_Library/Core/Src/usbd_ctlreq.o
                0x0800b1ac                USBD_StdDevReq
 .text.USBD_StdItfReq
                0x0800b290       0xd8 ./Middlewares/ST/STM32_USB_Device_Library/Core/Src/usbd_ctlreq.o
                0x0800b290                USBD_StdItfReq
 .text.USBD_StdEPReq
                0x0800b368      0x33e ./Middlewares/ST/STM32_USB_Device_Library/Core/Src/usbd_ctlreq.o
                0x0800b368                USBD_StdEPReq
 *fill*         0x0800b6a6        0x2 
 .text.USBD_GetDescriptor
                0x0800b6a8      0x2d4 ./Middlewares/ST/STM32_USB_Device_Library/Core/Src/usbd_ctlreq.o
 .text.USBD_SetAddress
                0x0800b97c       0x88 ./Middlewares/ST/STM32_USB_Device_Library/Core/Src/usbd_ctlreq.o
 .text.USBD_SetConfig
                0x0800ba04      0x154 ./Middlewares/ST/STM32_USB_Device_Library/Core/Src/usbd_ctlreq.o
 .text.USBD_GetConfig
                0x0800bb58       0x6c ./Middlewares/ST/STM32_USB_Device_Library/Core/Src/usbd_ctlreq.o
 .text.USBD_GetStatus
                0x0800bbc4       0x68 ./Middlewares/ST/STM32_USB_Device_Library/Core/Src/usbd_ctlreq.o
 .text.USBD_SetFeature
                0x0800bc2c       0x52 ./Middlewares/ST/STM32_USB_Device_Library/Core/Src/usbd_ctlreq.o
 .text.USBD_ClrFeature
                0x0800bc7e       0x44 ./Middlewares/ST/STM32_USB_Device_Library/Core/Src/usbd_ctlreq.o
 .text.USBD_ParseSetupRequest
                0x0800bcc2       0x74 ./Middlewares/ST/STM32_USB_Device_Library/Core/Src/usbd_ctlreq.o
                0x0800bcc2                USBD_ParseSetupRequest
 .text.USBD_CtlError
                0x0800bd36       0x22 ./Middlewares/ST/STM32_USB_Device_Library/Core/Src/usbd_ctlreq.o
                0x0800bd36                USBD_CtlError
 .text.USBD_GetString
                0x0800bd58       0xa4 ./Middlewares/ST/STM32_USB_Device_Library/Core/Src/usbd_ctlreq.o
                0x0800bd58                USBD_GetString
 .text.USBD_GetLen
                0x0800bdfc       0x34 ./Middlewares/ST/STM32_USB_Device_Library/Core/Src/usbd_ctlreq.o
 .text.USBD_CtlSendData
                0x0800be30       0x3c ./Middlewares/ST/STM32_USB_Device_Library/Core/Src/usbd_ioreq.o
                0x0800be30                USBD_CtlSendData
 .text.USBD_CtlContinueSendData
                0x0800be6c       0x22 ./Middlewares/ST/STM32_USB_Device_Library/Core/Src/usbd_ioreq.o
                0x0800be6c                USBD_CtlContinueSendData
 .text.USBD_CtlPrepareRx
                0x0800be8e       0x42 ./Middlewares/ST/STM32_USB_Device_Library/Core/Src/usbd_ioreq.o
                0x0800be8e                USBD_CtlPrepareRx
 .text.USBD_CtlContinueRx
                0x0800bed0       0x22 ./Middlewares/ST/STM32_USB_Device_Library/Core/Src/usbd_ioreq.o
                0x0800bed0                USBD_CtlContinueRx
 .text.USBD_CtlSendStatus
                0x0800bef2       0x26 ./Middlewares/ST/STM32_USB_Device_Library/Core/Src/usbd_ioreq.o
                0x0800bef2                USBD_CtlSendStatus
 .text.USBD_CtlReceiveStatus
                0x0800bf18       0x26 ./Middlewares/ST/STM32_USB_Device_Library/Core/Src/usbd_ioreq.o
                0x0800bf18                USBD_CtlReceiveStatus
 *fill*         0x0800bf3e        0x2 
 .text.MX_USB_DEVICE_Init
                0x0800bf40       0x60 ./USB_DEVICE/App/usb_device.o
                0x0800bf40                MX_USB_DEVICE_Init
 .text.CDC_Init_FS
                0x0800bfa0       0x28 ./USB_DEVICE/App/usbd_cdc_if.o
 .text.CDC_DeInit_FS
                0x0800bfc8       0x10 ./USB_DEVICE/App/usbd_cdc_if.o
 .text.CDC_Control_FS
                0x0800bfd8       0xbc ./USB_DEVICE/App/usbd_cdc_if.o
 .text.CDC_Receive_FS
                0x0800c094       0x28 ./USB_DEVICE/App/usbd_cdc_if.o
 .text.CDC_Transmit_FS
                0x0800c0bc       0x4c ./USB_DEVICE/App/usbd_cdc_if.o
                0x0800c0bc                CDC_Transmit_FS
 .text.CDC_TransmitCplt_FS
                0x0800c108       0x22 ./USB_DEVICE/App/usbd_cdc_if.o
 *fill*         0x0800c12a        0x2 
 .text.USBD_FS_DeviceDescriptor
                0x0800c12c       0x24 ./USB_DEVICE/App/usbd_desc.o
                0x0800c12c                USBD_FS_DeviceDescriptor
 .text.USBD_FS_LangIDStrDescriptor
                0x0800c150       0x24 ./USB_DEVICE/App/usbd_desc.o
                0x0800c150                USBD_FS_LangIDStrDescriptor
 .text.USBD_FS_ProductStrDescriptor
                0x0800c174       0x3c ./USB_DEVICE/App/usbd_desc.o
                0x0800c174                USBD_FS_ProductStrDescriptor
 .text.USBD_FS_ManufacturerStrDescriptor
                0x0800c1b0       0x28 ./USB_DEVICE/App/usbd_desc.o
                0x0800c1b0                USBD_FS_ManufacturerStrDescriptor
 .text.USBD_FS_SerialStrDescriptor
                0x0800c1d8       0x24 ./USB_DEVICE/App/usbd_desc.o
                0x0800c1d8                USBD_FS_SerialStrDescriptor
 .text.USBD_FS_ConfigStrDescriptor
                0x0800c1fc       0x3c ./USB_DEVICE/App/usbd_desc.o
                0x0800c1fc                USBD_FS_ConfigStrDescriptor
 .text.USBD_FS_InterfaceStrDescriptor
                0x0800c238       0x3c ./USB_DEVICE/App/usbd_desc.o
                0x0800c238                USBD_FS_InterfaceStrDescriptor
 .text.Get_SerialNum
                0x0800c274       0x58 ./USB_DEVICE/App/usbd_desc.o
 .text.IntToUnicode
                0x0800c2cc       0x7e ./USB_DEVICE/App/usbd_desc.o
 *fill*         0x0800c34a        0x2 
 .text.HAL_PCD_MspInit
                0x0800c34c       0xa8 ./USB_DEVICE/Target/usbd_conf.o
                0x0800c34c                HAL_PCD_MspInit
 .text.HAL_PCD_SetupStageCallback
                0x0800c3f4       0x24 ./USB_DEVICE/Target/usbd_conf.o
                0x0800c3f4                HAL_PCD_SetupStageCallback
 .text.HAL_PCD_DataOutStageCallback
                0x0800c418       0x36 ./USB_DEVICE/Target/usbd_conf.o
                0x0800c418                HAL_PCD_DataOutStageCallback
 .text.HAL_PCD_DataInStageCallback
                0x0800c44e       0x34 ./USB_DEVICE/Target/usbd_conf.o
                0x0800c44e                HAL_PCD_DataInStageCallback
 .text.HAL_PCD_SOFCallback
                0x0800c482       0x1c ./USB_DEVICE/Target/usbd_conf.o
                0x0800c482                HAL_PCD_SOFCallback
 .text.HAL_PCD_ResetCallback
                0x0800c49e       0x3c ./USB_DEVICE/Target/usbd_conf.o
                0x0800c49e                HAL_PCD_ResetCallback
 *fill*         0x0800c4da        0x2 
 .text.HAL_PCD_SuspendCallback
                0x0800c4dc       0x4c ./USB_DEVICE/Target/usbd_conf.o
                0x0800c4dc                HAL_PCD_SuspendCallback
 .text.HAL_PCD_ResumeCallback
                0x0800c528       0x1c ./USB_DEVICE/Target/usbd_conf.o
                0x0800c528                HAL_PCD_ResumeCallback
 .text.HAL_PCD_ISOOUTIncompleteCallback
                0x0800c544       0x24 ./USB_DEVICE/Target/usbd_conf.o
                0x0800c544                HAL_PCD_ISOOUTIncompleteCallback
 .text.HAL_PCD_ISOINIncompleteCallback
                0x0800c568       0x24 ./USB_DEVICE/Target/usbd_conf.o
                0x0800c568                HAL_PCD_ISOINIncompleteCallback
 .text.HAL_PCD_ConnectCallback
                0x0800c58c       0x1c ./USB_DEVICE/Target/usbd_conf.o
                0x0800c58c                HAL_PCD_ConnectCallback
 .text.HAL_PCD_DisconnectCallback
                0x0800c5a8       0x1c ./USB_DEVICE/Target/usbd_conf.o
                0x0800c5a8                HAL_PCD_DisconnectCallback
 .text.USBD_LL_Init
                0x0800c5c4       0x98 ./USB_DEVICE/Target/usbd_conf.o
                0x0800c5c4                USBD_LL_Init
 .text.USBD_LL_Start
                0x0800c65c       0x36 ./USB_DEVICE/Target/usbd_conf.o
                0x0800c65c                USBD_LL_Start
 .text.USBD_LL_OpenEP
                0x0800c692       0x4c ./USB_DEVICE/Target/usbd_conf.o
                0x0800c692                USBD_LL_OpenEP
 .text.USBD_LL_CloseEP
                0x0800c6de       0x3e ./USB_DEVICE/Target/usbd_conf.o
                0x0800c6de                USBD_LL_CloseEP
 .text.USBD_LL_StallEP
                0x0800c71c       0x3e ./USB_DEVICE/Target/usbd_conf.o
                0x0800c71c                USBD_LL_StallEP
 .text.USBD_LL_ClearStallEP
                0x0800c75a       0x3e ./USB_DEVICE/Target/usbd_conf.o
                0x0800c75a                USBD_LL_ClearStallEP
 .text.USBD_LL_IsStallEP
                0x0800c798       0x58 ./USB_DEVICE/Target/usbd_conf.o
                0x0800c798                USBD_LL_IsStallEP
 .text.USBD_LL_SetUSBAddress
                0x0800c7f0       0x3e ./USB_DEVICE/Target/usbd_conf.o
                0x0800c7f0                USBD_LL_SetUSBAddress
 .text.USBD_LL_Transmit
                0x0800c82e       0x42 ./USB_DEVICE/Target/usbd_conf.o
                0x0800c82e                USBD_LL_Transmit
 .text.USBD_LL_PrepareReceive
                0x0800c870       0x42 ./USB_DEVICE/Target/usbd_conf.o
                0x0800c870                USBD_LL_PrepareReceive
 .text.USBD_LL_GetRxDataSize
                0x0800c8b2       0x26 ./USB_DEVICE/Target/usbd_conf.o
                0x0800c8b2                USBD_LL_GetRxDataSize
 .text.USBD_static_malloc
                0x0800c8d8       0x1c ./USB_DEVICE/Target/usbd_conf.o
                0x0800c8d8                USBD_static_malloc
 .text.USBD_static_free
                0x0800c8f4       0x14 ./USB_DEVICE/Target/usbd_conf.o
                0x0800c8f4                USBD_static_free
 .text.USBD_Get_USB_Status
                0x0800c908       0x58 ./USB_DEVICE/Target/usbd_conf.o
                0x0800c908                USBD_Get_USB_Status
 .text.snprintf
                0x0800c960       0x6c /opt/st/stm32cubeide_2.1.1/plugins/com.st.stm32cube.ide.mcu.externaltools.gnu-tools-for-stm32.14.3.rel1.linux64_1.0.100.202602081740/tools/bin/../lib/gcc/arm-none-eabi/14.3.1/../../../../arm-none-eabi/lib/thumb/v7e-m+fp/hard/libc_nano.a(libc_a-snprintf.o)
                0x0800c960                snprintf
                0x0800c960                sniprintf
 .text.memset   0x0800c9cc       0x10 /opt/st/stm32cubeide_2.1.1/plugins/com.st.stm32cube.ide.mcu.externaltools.gnu-tools-for-stm32.14.3.rel1.linux64_1.0.100.202602081740/tools/bin/../lib/gcc/arm-none-eabi/14.3.1/../../../../arm-none-eabi/lib/thumb/v7e-m+fp/hard/libc_nano.a(libc_a-memset.o)
                0x0800c9cc                memset
 .text.__errno  0x0800c9dc        0xc /opt/st/stm32cubeide_2.1.1/plugins/com.st.stm32cube.ide.mcu.externaltools.gnu-tools-for-stm32.14.3.rel1.linux64_1.0.100.202602081740/tools/bin/../lib/gcc/arm-none-eabi/14.3.1/../../../../arm-none-eabi/lib/thumb/v7e-m+fp/hard/libc_nano.a(libc_a-errno.o)
                0x0800c9dc                __errno
 .text.__libc_init_array
                0x0800c9e8       0x48 /opt/st/stm32cubeide_2.1.1/plugins/com.st.stm32cube.ide.mcu.externaltools.gnu-tools-for-stm32.14.3.rel1.linux64_1.0.100.202602081740/tools/bin/../lib/gcc/arm-none-eabi/14.3.1/../../../../arm-none-eabi/lib/thumb/v7e-m+fp/hard/libc_nano.a(libc_a-init.o)
                0x0800c9e8                __libc_init_array
 .text.__retarget_lock_acquire_recursive
                0x0800ca30        0x2 /opt/st/stm32cubeide_2.1.1/plugins/com.st.stm32cube.ide.mcu.externaltools.gnu-tools-for-stm32.14.3.rel1.linux64_1.0.100.202602081740/tools/bin/../lib/gcc/arm-none-eabi/14.3.1/../../../../arm-none-eabi/lib/thumb/v7e-m+fp/hard/libc_nano.a(libc_a-lock.o)
                0x0800ca30                __retarget_lock_acquire_recursive
 .text.__retarget_lock_release_recursive
                0x0800ca32        0x2 /opt/st/stm32cubeide_2.1.1/plugins/com.st.stm32cube.ide.mcu.externaltools.gnu-tools-for-stm32.14.3.rel1.linux64_1.0.100.202602081740/tools/bin/../lib/gcc/arm-none-eabi/14.3.1/../../../../arm-none-eabi/lib/thumb/v7e-m+fp/hard/libc_nano.a(libc_a-lock.o)
                0x0800ca32                __retarget_lock_release_recursive
 .text._free_r  0x0800ca34       0x94 /opt/st/stm32cubeide_2.1.1/plugins/com.st.stm32cube.ide.mcu.externaltools.gnu-tools-for-stm32.14.3.rel1.linux64_1.0.100.202602081740/tools/bin/../lib/gcc/arm-none-eabi/14.3.1/../../../../arm-none-eabi/lib/thumb/v7e-m+fp/hard/libc_nano.a(libc_a-freer.o)
                0x0800ca34                _free_r
 .text.sbrk_aligned
                0x0800cac8       0x44 /opt/st/stm32cubeide_2.1.1/plugins/com.st.stm32cube.ide.mcu.externaltools.gnu-tools-for-stm32.14.3.rel1.linux64_1.0.100.202602081740/tools/bin/../lib/gcc/arm-none-eabi/14.3.1/../../../../arm-none-eabi/lib/thumb/v7e-m+fp/hard/libc_nano.a(libc_a-mallocr.o)
 .text._malloc_r
                0x0800cb0c      0x100 /opt/st/stm32cubeide_2.1.1/plugins/com.st.stm32cube.ide.mcu.externaltools.gnu-tools-for-stm32.14.3.rel1.linux64_1.0.100.202602081740/tools/bin/../lib/gcc/arm-none-eabi/14.3.1/../../../../arm-none-eabi/lib/thumb/v7e-m+fp/hard/libc_nano.a(libc_a-mallocr.o)
                0x0800cb0c                _malloc_r
 .text.__malloc_lock
                0x0800cc0c        0xc /opt/st/stm32cubeide_2.1.1/plugins/com.st.stm32cube.ide.mcu.externaltools.gnu-tools-for-stm32.14.3.rel1.linux64_1.0.100.202602081740/tools/bin/../lib/gcc/arm-none-eabi/14.3.1/../../../../arm-none-eabi/lib/thumb/v7e-m+fp/hard/libc_nano.a(libc_a-mlock.o)
                0x0800cc0c                __malloc_lock
 .text.__malloc_unlock
                0x0800cc18        0xc /opt/st/stm32cubeide_2.1.1/plugins/com.st.stm32cube.ide.mcu.externaltools.gnu-tools-for-stm32.14.3.rel1.linux64_1.0.100.202602081740/tools/bin/../lib/gcc/arm-none-eabi/14.3.1/../../../../arm-none-eabi/lib/thumb/v7e-m+fp/hard/libc_nano.a(libc_a-mlock.o)
                0x0800cc18                __malloc_unlock
 .text.__ssputs_r
                0x0800cc24       0xc0 /opt/st/stm32cubeide_2.1.1/plugins/com.st.stm32cube.ide.mcu.externaltools.gnu-tools-for-stm32.14.3.rel1.linux64_1.0.100.202602081740/tools/bin/../lib/gcc/arm-none-eabi/14.3.1/../../../../arm-none-eabi/lib/thumb/v7e-m+fp/hard/libc_nano.a(libc_a-nano-svfprintf.o)
                0x0800cc24                __ssputs_r
 .text._svfprintf_r
                0x0800cce4      0x1f0 /opt/st/stm32cubeide_2.1.1/plugins/com.st.stm32cube.ide.mcu.externaltools.gnu-tools-for-stm32.14.3.rel1.linux64_1.0.100.202602081740/tools/bin/../lib/gcc/arm-none-eabi/14.3.1/../../../../arm-none-eabi/lib/thumb/v7e-m+fp/hard/libc_nano.a(libc_a-nano-svfprintf.o)
                0x0800cce4                _svfprintf_r
                0x0800cce4                _svfiprintf_r
 .text._printf_common
                0x0800ced4       0xda /opt/st/stm32cubeide_2.1.1/plugins/com.st.stm32cube.ide.mcu.externaltools.gnu-tools-for-stm32.14.3.rel1.linux64_1.0.100.202602081740/tools/bin/../lib/gcc/arm-none-eabi/14.3.1/../../../../arm-none-eabi/lib/thumb/v7e-m+fp/hard/libc_nano.a(libc_a-nano-vfprintf_i.o)
                0x0800ced4                _printf_common
 *fill*         0x0800cfae        0x2 
 .text._printf_i
                0x0800cfb0      0x24c /opt/st/stm32cubeide_2.1.1/plugins/com.st.stm32cube.ide.mcu.externaltools.gnu-tools-for-stm32.14.3.rel1.linux64_1.0.100.202602081740/tools/bin/../lib/gcc/arm-none-eabi/14.3.1/../../../../arm-none-eabi/lib/thumb/v7e-m+fp/hard/libc_nano.a(libc_a-nano-vfprintf_i.o)
                0x0800cfb0                _printf_i
 .text.memmove  0x0800d1fc       0x32 /opt/st/stm32cubeide_2.1.1/plugins/com.st.stm32cube.ide.mcu.externaltools.gnu-tools-for-stm32.14.3.rel1.linux64_1.0.100.202602081740/tools/bin/../lib/gcc/arm-none-eabi/14.3.1/../../../../arm-none-eabi/lib/thumb/v7e-m+fp/hard/libc_nano.a(libc_a-memmove.o)
                0x0800d1fc                memmove
 *fill*         0x0800d22e        0x2 
 .text._sbrk_r  0x0800d230       0x20 /opt/st/stm32cubeide_2.1.1/plugins/com.st.stm32cube.ide.mcu.externaltools.gnu-tools-for-stm32.14.3.rel1.linux64_1.0.100.202602081740/tools/bin/../lib/gcc/arm-none-eabi/14.3.1/../../../../arm-none-eabi/lib/thumb/v7e-m+fp/hard/libc_nano.a(libc_a-sbrkr.o)
                0x0800d230                _sbrk_r
 .text.memcpy   0x0800d250       0x1c /opt/st/stm32cubeide_2.1.1/plugins/com.st.stm32cube.ide.mcu.externaltools.gnu-tools-for-stm32.14.3.rel1.linux64_1.0.100.202602081740/tools/bin/../lib/gcc/arm-none-eabi/14.3.1/../../../../arm-none-eabi/lib/thumb/v7e-m+fp/hard/libc_nano.a(libc_a-memcpy-stub.o)
                0x0800d250                memcpy
 .text._realloc_r
                0x0800d26c       0x5c /opt/st/stm32cubeide_2.1.1/plugins/com.st.stm32cube.ide.mcu.externaltools.gnu-tools-for-stm32.14.3.rel1.linux64_1.0.100.202602081740/tools/bin/../lib/gcc/arm-none-eabi/14.3.1/../../../../arm-none-eabi/lib/thumb/v7e-m+fp/hard/libc_nano.a(libc_a-reallocr.o)
                0x0800d26c                _realloc_r
 .text._malloc_usable_size_r
                0x0800d2c8       0x10 /opt/st/stm32cubeide_2.1.1/plugins/com.st.stm32cube.ide.mcu.externaltools.gnu-tools-for-stm32.14.3.rel1.linux64_1.0.100.202602081740/tools/bin/../lib/gcc/arm-none-eabi/14.3.1/../../../../arm-none-eabi/lib/thumb/v7e-m+fp/hard/libc_nano.a(libc_a-msizer.o)
                0x0800d2c8                _malloc_usable_size_r
 *(.glue_7)
 .glue_7        0x0800d2d8        0x0 linker stubs
 *(.glue_7t)
 .glue_7t       0x0800d2d8        0x0 linker stubs
 *(.eh_frame)
 .eh_frame      0x0800d2d8        0x0 /opt/st/stm32cubeide_2.1.1/plugins/com.st.stm32cube.ide.mcu.externaltools.gnu-tools-for-stm32.14.3.rel1.linux64_1.0.100.202602081740/tools/bin/../lib/gcc/arm-none-eabi/14.3.1/thumb/v7e-m+fp/hard/crtbegin.o
 *(.init)
 .init          0x0800d2d8        0x4 /opt/st/stm32cubeide_2.1.1/plugins/com.st.stm32cube.ide.mcu.externaltools.gnu-tools-for-stm32.14.3.rel1.linux64_1.0.100.202602081740/tools/bin/../lib/gcc/arm-none-eabi/14.3.1/thumb/v7e-m+fp/hard/crti.o
                0x0800d2d8                _init
 .init          0x0800d2dc        0x8 /opt/st/stm32cubeide_2.1.1/plugins/com.st.stm32cube.ide.mcu.externaltools.gnu-tools-for-stm32.14.3.rel1.linux64_1.0.100.202602081740/tools/bin/../lib/gcc/arm-none-eabi/14.3.1/thumb/v7e-m+fp/hard/crtn.o
 *(.fini)
 .fini          0x0800d2e4        0x4 /opt/st/stm32cubeide_2.1.1/plugins/com.st.stm32cube.ide.mcu.externaltools.gnu-tools-for-stm32.14.3.rel1.linux64_1.0.100.202602081740/tools/bin/../lib/gcc/arm-none-eabi/14.3.1/thumb/v7e-m+fp/hard/crti.o
                0x0800d2e4                _fini
 .fini          0x0800d2e8        0x8 /opt/st/stm32cubeide_2.1.1/plugins/com.st.stm32cube.ide.mcu.externaltools.gnu-tools-for-stm32.14.3.rel1.linux64_1.0.100.202602081740/tools/bin/../lib/gcc/arm-none-eabi/14.3.1/thumb/v7e-m+fp/hard/crtn.o
                0x0800d2f0                        . = ALIGN (0x4)
                0x0800d2f0                        _etext = .

.vfp11_veneer   0x0800d2f0        0x0
 .vfp11_veneer  0x0800d2f0        0x0 linker stubs

.v4_bx          0x0800d2f0        0x0
 .v4_bx         0x0800d2f0        0x0 linker stubs

.iplt           0x0800d2f0        0x0
 .iplt          0x0800d2f0        0x0 /opt/st/stm32cubeide_2.1.1/plugins/com.st.stm32cube.ide.mcu.externaltools.gnu-tools-for-stm32.14.3.rel1.linux64_1.0.100.202602081740/tools/bin/../lib/gcc/arm-none-eabi/14.3.1/thumb/v7e-m+fp/hard/crtbegin.o

.rodata         0x0800d2f0      0x50c
                0x0800d2f0                        . = ALIGN (0x4)
 *(.rodata)
 .rodata        0x0800d2f0      0x1f3 ./Core/Src/adc_ads1256.o
 *fill*         0x0800d4e3        0x1 
 .rodata        0x0800d4e4       0x90 ./Core/Src/main.o
 .rodata        0x0800d574       0x46 ./USB_DEVICE/App/usbd_desc.o
 *(.rodata*)
 *fill*         0x0800d5ba        0x2 
 .rodata.AdcADS1256_DifferentialChannels
                0x0800d5bc       0x20 ./Core/Src/adc_ads1256.o
                0x0800d5bc                AdcADS1256_DifferentialChannels
 .rodata.DisplayST7735_Font5x7
                0x0800d5dc      0x1db ./Core/Src/display_st7735.o
 *fill*         0x0800d7b7        0x1 
 .rodata.AHBPrescTable
                0x0800d7b8       0x10 ./Core/Src/system_stm32f4xx.o
                0x0800d7b8                AHBPrescTable
 .rodata._svfprintf_r.str1.1
                0x0800d7c8       0x33 /opt/st/stm32cubeide_2.1.1/plugins/com.st.stm32cube.ide.mcu.externaltools.gnu-tools-for-stm32.14.3.rel1.linux64_1.0.100.202602081740/tools/bin/../lib/gcc/arm-none-eabi/14.3.1/../../../../arm-none-eabi/lib/thumb/v7e-m+fp/hard/libc_nano.a(libc_a-nano-svfprintf.o)
                                 0x11 (size before relaxing)
 .rodata._printf_i.str1.1
                0x0800d7fb       0x22 /opt/st/stm32cubeide_2.1.1/plugins/com.st.stm32cube.ide.mcu.externaltools.gnu-tools-for-stm32.14.3.rel1.linux64_1.0.100.202602081740/tools/bin/../lib/gcc/arm-none-eabi/14.3.1/../../../../arm-none-eabi/lib/thumb/v7e-m+fp/hard/libc_nano.a(libc_a-nano-vfprintf_i.o)
                0x0800d820                        . = ALIGN (0x4)
 *fill*         0x0800d7fb        0x1 

.ARM.extab      0x0800d7fc        0x0
                0x0800d7fc                        . = ALIGN (0x4)
 *(.ARM.extab* .gnu.linkonce.armextab.*)
                0x0800d7fc                        . = ALIGN (0x4)

.ARM            0x0800d7fc        0x8
                0x0800d7fc                        . = ALIGN (0x4)
                0x0800d7fc                        __exidx_start = .
 *(.ARM.exidx*)
 .ARM.exidx     0x0800d7fc        0x8 /opt/st/stm32cubeide_2.1.1/plugins/com.st.stm32cube.ide.mcu.externaltools.gnu-tools-for-stm32.14.3.rel1.linux64_1.0.100.202602081740/tools/bin/../lib/gcc/arm-none-eabi/14.3.1/../../../../arm-none-eabi/lib/thumb/v7e-m+fp/hard/libc_nano.a(libc_a-strlen.o)
 .ARM.exidx     0x0800d804        0x0 /opt/st/stm32cubeide_2.1.1/plugins/com.st.stm32cube.ide.mcu.externaltools.gnu-tools-for-stm32.14.3.rel1.linux64_1.0.100.202602081740/tools/bin/../lib/gcc/arm-none-eabi/14.3.1/../../../../arm-none-eabi/lib/thumb/v7e-m+fp/hard/libc_nano.a(libc_a-memchr.o)
                                  0x8 (size before relaxing)
 .ARM.exidx     0x0800d804        0x0 /opt/st/stm32cubeide_2.1.1/plugins/com.st.stm32cube.ide.mcu.externaltools.gnu-tools-for-stm32.14.3.rel1.linux64_1.0.100.202602081740/tools/bin/../lib/gcc/arm-none-eabi/14.3.1/thumb/v7e-m+fp/hard/libgcc.a(_udivmoddi4.o)
                                  0x8 (size before relaxing)
                0x0800d804                        __exidx_end = .
                0x0800d804                        . = ALIGN (0x4)

.preinit_array  0x0800d804        0x0
                0x0800d804                        . = ALIGN (0x4)
                0x0800d804                        PROVIDE (__preinit_array_start = .)
 *(.preinit_array*)
                0x0800d804                        PROVIDE (__preinit_array_end = .)
                0x0800d804                        . = ALIGN (0x4)

.init_array     0x0800d804        0x4
                0x0800d804                        . = ALIGN (0x4)
                0x0800d804                        PROVIDE (__init_array_start = .)
 *(SORT_BY_NAME(.init_array.*))
 *(.init_array*)
 .init_array    0x0800d804        0x4 /opt/st/stm32cubeide_2.1.1/plugins/com.st.stm32cube.ide.mcu.externaltools.gnu-tools-for-stm32.14.3.rel1.linux64_1.0.100.202602081740/tools/bin/../lib/gcc/arm-none-eabi/14.3.1/thumb/v7e-m+fp/hard/crtbegin.o
                0x0800d808                        PROVIDE (__init_array_end = .)
                0x0800d808                        . = ALIGN (0x4)

.fini_array     0x0800d808        0x4
                0x0800d808                        . = ALIGN (0x4)
                [!provide]                        PROVIDE (__fini_array_start = .)
 *(SORT_BY_NAME(.fini_array.*))
 *(.fini_array*)
 .fini_array    0x0800d808        0x4 /opt/st/stm32cubeide_2.1.1/plugins/com.st.stm32cube.ide.mcu.externaltools.gnu-tools-for-stm32.14.3.rel1.linux64_1.0.100.202602081740/tools/bin/../lib/gcc/arm-none-eabi/14.3.1/thumb/v7e-m+fp/hard/crtbegin.o
                [!provide]                        PROVIDE (__fini_array_end = .)
                0x0800d80c                        . = ALIGN (0x4)
                0x0800d80c                        _sidata = LOADADDR (.data)

.rel.dyn        0x0800d80c        0x0
 .rel.iplt      0x0800d80c        0x0 /opt/st/stm32cubeide_2.1.1/plugins/com.st.stm32cube.ide.mcu.externaltools.gnu-tools-for-stm32.14.3.rel1.linux64_1.0.100.202602081740/tools/bin/../lib/gcc/arm-none-eabi/14.3.1/thumb/v7e-m+fp/hard/crtbegin.o

.data           0x20000000      0x14c load address 0x0800d80c
                0x20000000                        . = ALIGN (0x4)
                0x20000000                        _sdata = .
 *(.data)
 *(.data*)
 .data.SystemCoreClock
                0x20000000        0x4 ./Core/Src/system_stm32f4xx.o
                0x20000000                SystemCoreClock
 .data.uwTickPrio
                0x20000004        0x4 ./Drivers/STM32F4xx_HAL_Driver/Src/stm32f4xx_hal.o
                0x20000004                uwTickPrio
 .data.uwTickFreq
                0x20000008        0x1 ./Drivers/STM32F4xx_HAL_Driver/Src/stm32f4xx_hal.o
                0x20000008                uwTickFreq
 *fill*         0x20000009        0x3 
 .data.USBD_CDC_DeviceQualifierDesc
                0x2000000c        0xa ./Middlewares/ST/STM32_USB_Device_Library/Class/CDC/Src/usbd_cdc.o
 *fill*         0x20000016        0x2 
 .data.USBD_CDC
                0x20000018       0x38 ./Middlewares/ST/STM32_USB_Device_Library/Class/CDC/Src/usbd_cdc.o
                0x20000018                USBD_CDC
 .data.USBD_CDC_CfgDesc
                0x20000050       0x43 ./Middlewares/ST/STM32_USB_Device_Library/Class/CDC/Src/usbd_cdc.o
 .data.CDCInEpAdd
                0x20000093        0x1 ./Middlewares/ST/STM32_USB_Device_Library/Class/CDC/Src/usbd_cdc.o
 .data.CDCOutEpAdd
                0x20000094        0x1 ./Middlewares/ST/STM32_USB_Device_Library/Class/CDC/Src/usbd_cdc.o
 .data.CDCCmdEpAdd
                0x20000095        0x1 ./Middlewares/ST/STM32_USB_Device_Library/Class/CDC/Src/usbd_cdc.o
 *fill*         0x20000096        0x2 
 .data.USBD_Interface_fops_FS
                0x20000098       0x14 ./USB_DEVICE/App/usbd_cdc_if.o
                0x20000098                USBD_Interface_fops_FS
 .data.FS_Desc  0x200000ac       0x1c ./USB_DEVICE/App/usbd_desc.o
                0x200000ac                FS_Desc
 .data.USBD_FS_DeviceDesc
                0x200000c8       0x12 ./USB_DEVICE/App/usbd_desc.o
                0x200000c8                USBD_FS_DeviceDesc
 *fill*         0x200000da        0x2 
 .data.USBD_LangIDDesc
                0x200000dc        0x4 ./USB_DEVICE/App/usbd_desc.o
                0x200000dc                USBD_LangIDDesc
 .data.USBD_StringSerial
                0x200000e0       0x1a ./USB_DEVICE/App/usbd_desc.o
                0x200000e0                USBD_StringSerial
 *fill*         0x200000fa        0x2 
 .data._impure_ptr
                0x200000fc        0x4 /opt/st/stm32cubeide_2.1.1/plugins/com.st.stm32cube.ide.mcu.externaltools.gnu-tools-for-stm32.14.3.rel1.linux64_1.0.100.202602081740/tools/bin/../lib/gcc/arm-none-eabi/14.3.1/../../../../arm-none-eabi/lib/thumb/v7e-m+fp/hard/libc_nano.a(libc_a-impure.o)
                0x200000fc                _impure_ptr
 .data._impure_data
                0x20000100       0x4c /opt/st/stm32cubeide_2.1.1/plugins/com.st.stm32cube.ide.mcu.externaltools.gnu-tools-for-stm32.14.3.rel1.linux64_1.0.100.202602081740/tools/bin/../lib/gcc/arm-none-eabi/14.3.1/../../../../arm-none-eabi/lib/thumb/v7e-m+fp/hard/libc_nano.a(libc_a-impure.o)
                0x20000100                _impure_data
 *(.RamFunc)
 *(.RamFunc*)
                0x2000014c                        . = ALIGN (0x4)
                0x2000014c                        _edata = .

.igot.plt       0x2000014c        0x0 load address 0x0800d958
 .igot.plt      0x2000014c        0x0 /opt/st/stm32cubeide_2.1.1/plugins/com.st.stm32cube.ide.mcu.externaltools.gnu-tools-for-stm32.14.3.rel1.linux64_1.0.100.202602081740/tools/bin/../lib/gcc/arm-none-eabi/14.3.1/thumb/v7e-m+fp/hard/crtbegin.o
                0x2000014c                        . = ALIGN (0x4)

.bss            0x20000150     0x1e14 load address 0x0800d958
                0x20000150                        _sbss = .
                0x20000150                        __bss_start__ = _sbss
 *(.bss)
 .bss           0x20000150       0x1c /opt/st/stm32cubeide_2.1.1/plugins/com.st.stm32cube.ide.mcu.externaltools.gnu-tools-for-stm32.14.3.rel1.linux64_1.0.100.202602081740/tools/bin/../lib/gcc/arm-none-eabi/14.3.1/thumb/v7e-m+fp/hard/crtbegin.o
 *(.bss*)
 .bss.isPipelineInitialized.1
                0x2000016c        0x1 ./Core/Src/adc_ads1256.o
 .bss.readyChannelIndex.0
                0x2000016d        0x1 ./Core/Src/adc_ads1256.o
 *fill*         0x2000016e        0x2 
 .bss.previousCycleCounterValue
                0x20000170        0x4 ./Core/Src/microsecond_delay.o
 *fill*         0x20000174        0x4 
 .bss.extendedCycleCounterHighWord
                0x20000178        0x8 ./Core/Src/microsecond_delay.o
 .bss.hspi2     0x20000180       0x58 ./Core/Src/spi.o
                0x20000180                hspi2
 .bss.hspi3     0x200001d8       0x58 ./Core/Src/spi.o
                0x200001d8                hspi3
 .bss.__sbrk_heap_end
                0x20000230        0x4 ./Core/Src/sysmem.o
 .bss.uwTick    0x20000234        0x4 ./Drivers/STM32F4xx_HAL_Driver/Src/stm32f4xx_hal.o
                0x20000234                uwTick
 .bss.cfgidx.0  0x20000238        0x1 ./Middlewares/ST/STM32_USB_Device_Library/Core/Src/usbd_ctlreq.o
 *fill*         0x20000239        0x3 
 .bss.hUsbDeviceFS
                0x2000023c      0x2dc ./USB_DEVICE/App/usb_device.o
                0x2000023c                hUsbDeviceFS
 .bss.UserRxBufferFS
                0x20000518      0x800 ./USB_DEVICE/App/usbd_cdc_if.o
                0x20000518                UserRxBufferFS
 .bss.UserTxBufferFS
                0x20000d18      0x800 ./USB_DEVICE/App/usbd_cdc_if.o
                0x20000d18                UserTxBufferFS
 .bss.USBD_StrDesc
                0x20001518      0x200 ./USB_DEVICE/App/usbd_desc.o
                0x20001518                USBD_StrDesc
 .bss.hpcd_USB_OTG_FS
                0x20001718      0x4e4 ./USB_DEVICE/Target/usbd_conf.o
                0x20001718                hpcd_USB_OTG_FS
 .bss.mem.0     0x20001bfc      0x220 ./USB_DEVICE/Target/usbd_conf.o
 .bss.__sf      0x20001e1c      0x138 /opt/st/stm32cubeide_2.1.1/plugins/com.st.stm32cube.ide.mcu.externaltools.gnu-tools-for-stm32.14.3.rel1.linux64_1.0.100.202602081740/tools/bin/../lib/gcc/arm-none-eabi/14.3.1/../../../../arm-none-eabi/lib/thumb/v7e-m+fp/hard/libc_nano.a(libc_a-findfp.o)
                0x20001e1c                __sf
 .bss.errno     0x20001f54        0x4 /opt/st/stm32cubeide_2.1.1/plugins/com.st.stm32cube.ide.mcu.externaltools.gnu-tools-for-stm32.14.3.rel1.linux64_1.0.100.202602081740/tools/bin/../lib/gcc/arm-none-eabi/14.3.1/../../../../arm-none-eabi/lib/thumb/v7e-m+fp/hard/libc_nano.a(libc_a-reent.o)
                0x20001f54                errno
 .bss.__lock___malloc_recursive_mutex
                0x20001f58        0x1 /opt/st/stm32cubeide_2.1.1/plugins/com.st.stm32cube.ide.mcu.externaltools.gnu-tools-for-stm32.14.3.rel1.linux64_1.0.100.202602081740/tools/bin/../lib/gcc/arm-none-eabi/14.3.1/../../../../arm-none-eabi/lib/thumb/v7e-m+fp/hard/libc_nano.a(libc_a-lock.o)
                0x20001f58                __lock___malloc_recursive_mutex
 *fill*         0x20001f59        0x3 
 .bss.__malloc_sbrk_start
                0x20001f5c        0x4 /opt/st/stm32cubeide_2.1.1/plugins/com.st.stm32cube.ide.mcu.externaltools.gnu-tools-for-stm32.14.3.rel1.linux64_1.0.100.202602081740/tools/bin/../lib/gcc/arm-none-eabi/14.3.1/../../../../arm-none-eabi/lib/thumb/v7e-m+fp/hard/libc_nano.a(libc_a-mallocr.o)
                0x20001f5c                __malloc_sbrk_start
 .bss.__malloc_free_list
                0x20001f60        0x4 /opt/st/stm32cubeide_2.1.1/plugins/com.st.stm32cube.ide.mcu.externaltools.gnu-tools-for-stm32.14.3.rel1.linux64_1.0.100.202602081740/tools/bin/../lib/gcc/arm-none-eabi/14.3.1/../../../../arm-none-eabi/lib/thumb/v7e-m+fp/hard/libc_nano.a(libc_a-mallocr.o)
                0x20001f60                __malloc_free_list
 *(COMMON)
                0x20001f64                        . = ALIGN (0x4)
                0x20001f64                        _ebss = .
                0x20001f64                        __bss_end__ = _ebss

._user_heap_stack
                0x20001f64      0x604 load address 0x0800d958
                0x20001f68                        . = ALIGN (0x8)
 *fill*         0x20001f64        0x4 
                [!provide]                        PROVIDE (end = .)
                0x20001f68                        PROVIDE (_end = .)
                0x20002168                        . = (. + _Min_Heap_Size)
 *fill*         0x20001f68      0x200 
                0x20002568                        . = (. + _Min_Stack_Size)
 *fill*         0x20002168      0x400 
                0x20002568                        . = ALIGN (0x8)

/DISCARD/
 libc.a(*)
 libm.a(*)
 libgcc.a(*)

.ARM.attributes
                0x00000000       0x30
 *(.ARM.attributes)
 .ARM.attributes
                0x00000000       0x22 /opt/st/stm32cubeide_2.1.1/plugins/com.st.stm32cube.ide.mcu.externaltools.gnu-tools-for-stm32.14.3.rel1.linux64_1.0.100.202602081740/tools/bin/../lib/gcc/arm-none-eabi/14.3.1/thumb/v7e-m+fp/hard/crti.o
 .ARM.attributes
                0x00000022       0x34 /opt/st/stm32cubeide_2.1.1/plugins/com.st.stm32cube.ide.mcu.externaltools.gnu-tools-for-stm32.14.3.rel1.linux64_1.0.100.202602081740/tools/bin/../lib/gcc/arm-none-eabi/14.3.1/thumb/v7e-m+fp/hard/crtbegin.o
 .ARM.attributes
                0x00000056       0x34 ./Core/Src/adc_ads1256.o
 .ARM.attributes
                0x0000008a       0x34 ./Core/Src/application_error.o
 .ARM.attributes
                0x000000be       0x34 ./Core/Src/display_st7735.o
 .ARM.attributes
                0x000000f2       0x34 ./Core/Src/gpio.o
 .ARM.attributes
                0x00000126       0x34 ./Core/Src/main.o
 .ARM.attributes
                0x0000015a       0x34 ./Core/Src/microsecond_delay.o
 .ARM.attributes
                0x0000018e       0x34 ./Core/Src/spi.o
 .ARM.attributes
                0x000001c2       0x34 ./Core/Src/stm32f4xx_hal_msp.o
 .ARM.attributes
                0x000001f6       0x34 ./Core/Src/stm32f4xx_it.o
 .ARM.attributes
                0x0000022a       0x34 ./Core/Src/sysmem.o
 .ARM.attributes
                0x0000025e       0x34 ./Core/Src/system_stm32f4xx.o
 .ARM.attributes
                0x00000292       0x34 ./Core/Src/usb_cdc_serial.o
 .ARM.attributes
                0x000002c6       0x21 ./Core/Startup/startup_stm32f411ceux.o
 .ARM.attributes
                0x000002e7       0x34 ./Drivers/STM32F4xx_HAL_Driver/Src/stm32f4xx_hal.o
 .ARM.attributes
                0x0000031b       0x34 ./Drivers/STM32F4xx_HAL_Driver/Src/stm32f4xx_hal_cortex.o
 .ARM.attributes
                0x0000034f       0x34 ./Drivers/STM32F4xx_HAL_Driver/Src/stm32f4xx_hal_gpio.o
 .ARM.attributes
                0x00000383       0x34 ./Drivers/STM32F4xx_HAL_Driver/Src/stm32f4xx_hal_pcd.o
 .ARM.attributes
                0x000003b7       0x34 ./Drivers/STM32F4xx_HAL_Driver/Src/stm32f4xx_hal_pcd_ex.o
 .ARM.attributes
                0x000003eb       0x34 ./Drivers/STM32F4xx_HAL_Driver/Src/stm32f4xx_hal_rcc.o
 .ARM.attributes
                0x0000041f       0x34 ./Drivers/STM32F4xx_HAL_Driver/Src/stm32f4xx_hal_spi.o
 .ARM.attributes
                0x00000453       0x34 ./Drivers/STM32F4xx_HAL_Driver/Src/stm32f4xx_ll_usb.o
 .ARM.attributes
                0x00000487       0x34 ./Middlewares/ST/STM32_USB_Device_Library/Class/CDC/Src/usbd_cdc.o
 .ARM.attributes
                0x000004bb       0x34 ./Middlewares/ST/STM32_USB_Device_Library/Core/Src/usbd_core.o
 .ARM.attributes
                0x000004ef       0x34 ./Middlewares/ST/STM32_USB_Device_Library/Core/Src/usbd_ctlreq.o
 .ARM.attributes
                0x00000523       0x34 ./Middlewares/ST/STM32_USB_Device_Library/Core/Src/usbd_ioreq.o
 .ARM.attributes
                0x00000557       0x34 ./USB_DEVICE/App/usb_device.o
 .ARM.attributes
                0x0000058b       0x34 ./USB_DEVICE/App/usbd_cdc_if.o
 .ARM.attributes
                0x000005bf       0x34 ./USB_DEVICE/App/usbd_desc.o
 .ARM.attributes
                0x000005f3       0x34 ./USB_DEVICE/Target/usbd_conf.o
 .ARM.attributes
                0x00000627       0x34 /opt/st/stm32cubeide_2.1.1/plugins/com.st.stm32cube.ide.mcu.externaltools.gnu-tools-for-stm32.14.3.rel1.linux64_1.0.100.202602081740/tools/bin/../lib/gcc/arm-none-eabi/14.3.1/../../../../arm-none-eabi/lib/thumb/v7e-m+fp/hard/libc_nano.a(libc_a-findfp.o)
 .ARM.attributes
                0x0000065b       0x34 /opt/st/stm32cubeide_2.1.1/plugins/com.st.stm32cube.ide.mcu.externaltools.gnu-tools-for-stm32.14.3.rel1.linux64_1.0.100.202602081740/tools/bin/../lib/gcc/arm-none-eabi/14.3.1/../../../../arm-none-eabi/lib/thumb/v7e-m+fp/hard/libc_nano.a(libc_a-snprintf.o)
 .ARM.attributes
                0x0000068f       0x34 /opt/st/stm32cubeide_2.1.1/plugins/com.st.stm32cube.ide.mcu.externaltools.gnu-tools-for-stm32.14.3.rel1.linux64_1.0.100.202602081740/tools/bin/../lib/gcc/arm-none-eabi/14.3.1/../../../../arm-none-eabi/lib/thumb/v7e-m+fp/hard/libc_nano.a(libc_a-memset.o)
 .ARM.attributes
                0x000006c3       0x34 /opt/st/stm32cubeide_2.1.1/plugins/com.st.stm32cube.ide.mcu.externaltools.gnu-tools-for-stm32.14.3.rel1.linux64_1.0.100.202602081740/tools/bin/../lib/gcc/arm-none-eabi/14.3.1/../../../../arm-none-eabi/lib/thumb/v7e-m+fp/hard/libc_nano.a(libc_a-reent.o)
 .ARM.attributes
                0x000006f7       0x34 /opt/st/stm32cubeide_2.1.1/plugins/com.st.stm32cube.ide.mcu.externaltools.gnu-tools-for-stm32.14.3.rel1.linux64_1.0.100.202602081740/tools/bin/../lib/gcc/arm-none-eabi/14.3.1/../../../../arm-none-eabi/lib/thumb/v7e-m+fp/hard/libc_nano.a(libc_a-impure.o)
 .ARM.attributes
                0x0000072b       0x34 /opt/st/stm32cubeide_2.1.1/plugins/com.st.stm32cube.ide.mcu.externaltools.gnu-tools-for-stm32.14.3.rel1.linux64_1.0.100.202602081740/tools/bin/../lib/gcc/arm-none-eabi/14.3.1/../../../../arm-none-eabi/lib/thumb/v7e-m+fp/hard/libc_nano.a(libc_a-errno.o)
 .ARM.attributes
                0x0000075f       0x34 /opt/st/stm32cubeide_2.1.1/plugins/com.st.stm32cube.ide.mcu.externaltools.gnu-tools-for-stm32.14.3.rel1.linux64_1.0.100.202602081740/tools/bin/../lib/gcc/arm-none-eabi/14.3.1/../../../../arm-none-eabi/lib/thumb/v7e-m+fp/hard/libc_nano.a(libc_a-init.o)
 .ARM.attributes
                0x00000793       0x34 /opt/st/stm32cubeide_2.1.1/plugins/com.st.stm32cube.ide.mcu.externaltools.gnu-tools-for-stm32.14.3.rel1.linux64_1.0.100.202602081740/tools/bin/../lib/gcc/arm-none-eabi/14.3.1/../../../../arm-none-eabi/lib/thumb/v7e-m+fp/hard/libc_nano.a(libc_a-lock.o)
 .ARM.attributes
                0x000007c7       0x17 /opt/st/stm32cubeide_2.1.1/plugins/com.st.stm32cube.ide.mcu.externaltools.gnu-tools-for-stm32.14.3.rel1.linux64_1.0.100.202602081740/tools/bin/../lib/gcc/arm-none-eabi/14.3.1/../../../../arm-none-eabi/lib/thumb/v7e-m+fp/hard/libc_nano.a(libc_a-strlen.o)
 .ARM.attributes
                0x000007de       0x34 /opt/st/stm32cubeide_2.1.1/plugins/com.st.stm32cube.ide.mcu.externaltools.gnu-tools-for-stm32.14.3.rel1.linux64_1.0.100.202602081740/tools/bin/../lib/gcc/arm-none-eabi/14.3.1/../../../../arm-none-eabi/lib/thumb/v7e-m+fp/hard/libc_nano.a(libc_a-freer.o)
 .ARM.attributes
                0x00000812       0x34 /opt/st/stm32cubeide_2.1.1/plugins/com.st.stm32cube.ide.mcu.externaltools.gnu-tools-for-stm32.14.3.rel1.linux64_1.0.100.202602081740/tools/bin/../lib/gcc/arm-none-eabi/14.3.1/../../../../arm-none-eabi/lib/thumb/v7e-m+fp/hard/libc_nano.a(libc_a-mallocr.o)
 .ARM.attributes
                0x00000846       0x34 /opt/st/stm32cubeide_2.1.1/plugins/com.st.stm32cube.ide.mcu.externaltools.gnu-tools-for-stm32.14.3.rel1.linux64_1.0.100.202602081740/tools/bin/../lib/gcc/arm-none-eabi/14.3.1/../../../../arm-none-eabi/lib/thumb/v7e-m+fp/hard/libc_nano.a(libc_a-mlock.o)
 .ARM.attributes
                0x0000087a       0x34 /opt/st/stm32cubeide_2.1.1/plugins/com.st.stm32cube.ide.mcu.externaltools.gnu-tools-for-stm32.14.3.rel1.linux64_1.0.100.202602081740/tools/bin/../lib/gcc/arm-none-eabi/14.3.1/../../../../arm-none-eabi/lib/thumb/v7e-m+fp/hard/libc_nano.a(libc_a-nano-svfprintf.o)
 .ARM.attributes
                0x000008ae       0x34 /opt/st/stm32cubeide_2.1.1/plugins/com.st.stm32cube.ide.mcu.externaltools.gnu-tools-for-stm32.14.3.rel1.linux64_1.0.100.202602081740/tools/bin/../lib/gcc/arm-none-eabi/14.3.1/../../../../arm-none-eabi/lib/thumb/v7e-m+fp/hard/libc_nano.a(libc_a-nano-vfprintf_i.o)
 .ARM.attributes
                0x000008e2       0x34 /opt/st/stm32cubeide_2.1.1/plugins/com.st.stm32cube.ide.mcu.externaltools.gnu-tools-for-stm32.14.3.rel1.linux64_1.0.100.202602081740/tools/bin/../lib/gcc/arm-none-eabi/14.3.1/../../../../arm-none-eabi/lib/thumb/v7e-m+fp/hard/libc_nano.a(libc_a-memmove.o)
 .ARM.attributes
                0x00000916       0x34 /opt/st/stm32cubeide_2.1.1/plugins/com.st.stm32cube.ide.mcu.externaltools.gnu-tools-for-stm32.14.3.rel1.linux64_1.0.100.202602081740/tools/bin/../lib/gcc/arm-none-eabi/14.3.1/../../../../arm-none-eabi/lib/thumb/v7e-m+fp/hard/libc_nano.a(libc_a-sbrkr.o)
 .ARM.attributes
                0x0000094a       0x1c /opt/st/stm32cubeide_2.1.1/plugins/com.st.stm32cube.ide.mcu.externaltools.gnu-tools-for-stm32.14.3.rel1.linux64_1.0.100.202602081740/tools/bin/../lib/gcc/arm-none-eabi/14.3.1/../../../../arm-none-eabi/lib/thumb/v7e-m+fp/hard/libc_nano.a(libc_a-memchr.o)
 .ARM.attributes
                0x00000966       0x34 /opt/st/stm32cubeide_2.1.1/plugins/com.st.stm32cube.ide.mcu.externaltools.gnu-tools-for-stm32.14.3.rel1.linux64_1.0.100.202602081740/tools/bin/../lib/gcc/arm-none-eabi/14.3.1/../../../../arm-none-eabi/lib/thumb/v7e-m+fp/hard/libc_nano.a(libc_a-memcpy-stub.o)
 .ARM.attributes
                0x0000099a       0x34 /opt/st/stm32cubeide_2.1.1/plugins/com.st.stm32cube.ide.mcu.externaltools.gnu-tools-for-stm32.14.3.rel1.linux64_1.0.100.202602081740/tools/bin/../lib/gcc/arm-none-eabi/14.3.1/../../../../arm-none-eabi/lib/thumb/v7e-m+fp/hard/libc_nano.a(libc_a-reallocr.o)
 .ARM.attributes
                0x000009ce       0x34 /opt/st/stm32cubeide_2.1.1/plugins/com.st.stm32cube.ide.mcu.externaltools.gnu-tools-for-stm32.14.3.rel1.linux64_1.0.100.202602081740/tools/bin/../lib/gcc/arm-none-eabi/14.3.1/../../../../arm-none-eabi/lib/thumb/v7e-m+fp/hard/libc_nano.a(libc_a-msizer.o)
 .ARM.attributes
                0x00000a02       0x22 /opt/st/stm32cubeide_2.1.1/plugins/com.st.stm32cube.ide.mcu.externaltools.gnu-tools-for-stm32.14.3.rel1.linux64_1.0.100.202602081740/tools/bin/../lib/gcc/arm-none-eabi/14.3.1/thumb/v7e-m+fp/hard/libgcc.a(_aeabi_uldivmod.o)
 .ARM.attributes
                0x00000a24       0x34 /opt/st/stm32cubeide_2.1.1/plugins/com.st.stm32cube.ide.mcu.externaltools.gnu-tools-for-stm32.14.3.rel1.linux64_1.0.100.202602081740/tools/bin/../lib/gcc/arm-none-eabi/14.3.1/thumb/v7e-m+fp/hard/libgcc.a(_udivmoddi4.o)
 .ARM.attributes
                0x00000a58       0x22 /opt/st/stm32cubeide_2.1.1/plugins/com.st.stm32cube.ide.mcu.externaltools.gnu-tools-for-stm32.14.3.rel1.linux64_1.0.100.202602081740/tools/bin/../lib/gcc/arm-none-eabi/14.3.1/thumb/v7e-m+fp/hard/libgcc.a(_dvmd_tls.o)
 .ARM.attributes
                0x00000a7a       0x22 /opt/st/stm32cubeide_2.1.1/plugins/com.st.stm32cube.ide.mcu.externaltools.gnu-tools-for-stm32.14.3.rel1.linux64_1.0.100.202602081740/tools/bin/../lib/gcc/arm-none-eabi/14.3.1/thumb/v7e-m+fp/hard/crtn.o
OUTPUT(blackpill_ads1256+display.elf elf32-littlearm)
LOAD linker stubs
LOAD /opt/st/stm32cubeide_2.1.1/plugins/com.st.stm32cube.ide.mcu.externaltools.gnu-tools-for-stm32.14.3.rel1.linux64_1.0.100.202602081740/tools/bin/../lib/gcc/arm-none-eabi/14.3.1/../../../../arm-none-eabi/lib/thumb/v7e-m+fp/hard/libc.a
LOAD /opt/st/stm32cubeide_2.1.1/plugins/com.st.stm32cube.ide.mcu.externaltools.gnu-tools-for-stm32.14.3.rel1.linux64_1.0.100.202602081740/tools/bin/../lib/gcc/arm-none-eabi/14.3.1/../../../../arm-none-eabi/lib/thumb/v7e-m+fp/hard/libm.a
LOAD /opt/st/stm32cubeide_2.1.1/plugins/com.st.stm32cube.ide.mcu.externaltools.gnu-tools-for-stm32.14.3.rel1.linux64_1.0.100.202602081740/tools/bin/../lib/gcc/arm-none-eabi/14.3.1/thumb/v7e-m+fp/hard/libgcc.a

.debug_info     0x00000000    0x11ac4
 .debug_info    0x00000000      0xcf6 ./Core/Src/adc_ads1256.o
 .debug_info    0x00000cf6      0x1e2 ./Core/Src/application_error.o
 .debug_info    0x00000ed8      0xb43 ./Core/Src/display_st7735.o
 .debug_info    0x00001a1b      0x433 ./Core/Src/gpio.o
 .debug_info    0x00001e4e      0x9d7 ./Core/Src/main.o
 .debug_info    0x00002825      0x303 ./Core/Src/microsecond_delay.o
 .debug_info    0x00002b28      0x9d8 ./Core/Src/spi.o
 .debug_info    0x00003500      0x291 ./Core/Src/stm32f4xx_hal_msp.o
 .debug_info    0x00003791      0x627 ./Core/Src/stm32f4xx_it.o
 .debug_info    0x00003db8      0x168 ./Core/Src/sysmem.o
 .debug_info    0x00003f20      0x53e ./Core/Src/system_stm32f4xx.o
 .debug_info    0x0000445e      0x1d1 ./Core/Src/usb_cdc_serial.o
 .debug_info    0x0000462f       0x30 ./Core/Startup/startup_stm32f411ceux.o
 .debug_info    0x0000465f      0x8c4 ./Drivers/STM32F4xx_HAL_Driver/Src/stm32f4xx_hal.o
 .debug_info    0x00004f23      0xcfc ./Drivers/STM32F4xx_HAL_Driver/Src/stm32f4xx_hal_cortex.o
 .debug_info    0x00005c1f      0x6f9 ./Drivers/STM32F4xx_HAL_Driver/Src/stm32f4xx_hal_gpio.o
 .debug_info    0x00006318     0x1577 ./Drivers/STM32F4xx_HAL_Driver/Src/stm32f4xx_hal_pcd.o
 .debug_info    0x0000788f      0x6ea ./Drivers/STM32F4xx_HAL_Driver/Src/stm32f4xx_hal_pcd_ex.o
 .debug_info    0x00007f79      0x904 ./Drivers/STM32F4xx_HAL_Driver/Src/stm32f4xx_hal_rcc.o
 .debug_info    0x0000887d     0x1530 ./Drivers/STM32F4xx_HAL_Driver/Src/stm32f4xx_hal_spi.o
 .debug_info    0x00009dad     0x1993 ./Drivers/STM32F4xx_HAL_Driver/Src/stm32f4xx_ll_usb.o
 .debug_info    0x0000b740     0x12a5 ./Middlewares/ST/STM32_USB_Device_Library/Class/CDC/Src/usbd_cdc.o
 .debug_info    0x0000c9e5      0xe12 ./Middlewares/ST/STM32_USB_Device_Library/Core/Src/usbd_core.o
 .debug_info    0x0000d7f7      0xaeb ./Middlewares/ST/STM32_USB_Device_Library/Core/Src/usbd_ctlreq.o
 .debug_info    0x0000e2e2      0x762 ./Middlewares/ST/STM32_USB_Device_Library/Core/Src/usbd_ioreq.o
 .debug_info    0x0000ea44      0x70e ./USB_DEVICE/App/usb_device.o
 .debug_info    0x0000f152      0x907 ./USB_DEVICE/App/usbd_cdc_if.o
 .debug_info    0x0000fa59      0x458 ./USB_DEVICE/App/usbd_desc.o
 .debug_info    0x0000feb1     0x1c13 ./USB_DEVICE/Target/usbd_conf.o

.debug_abbrev   0x00000000     0x3908
 .debug_abbrev  0x00000000      0x338 ./Core/Src/adc_ads1256.o
 .debug_abbrev  0x00000338      0x130 ./Core/Src/application_error.o
 .debug_abbrev  0x00000468      0x26b ./Core/Src/display_st7735.o
 .debug_abbrev  0x000006d3      0x151 ./Core/Src/gpio.o
 .debug_abbrev  0x00000824      0x212 ./Core/Src/main.o
 .debug_abbrev  0x00000a36      0x117 ./Core/Src/microsecond_delay.o
 .debug_abbrev  0x00000b4d      0x1fe ./Core/Src/spi.o
 .debug_abbrev  0x00000d4b       0xd8 ./Core/Src/stm32f4xx_hal_msp.o
 .debug_abbrev  0x00000e23      0x1a4 ./Core/Src/stm32f4xx_it.o
 .debug_abbrev  0x00000fc7       0xbc ./Core/Src/sysmem.o
 .debug_abbrev  0x00001083      0x11a ./Core/Src/system_stm32f4xx.o
 .debug_abbrev  0x0000119d       0xf4 ./Core/Src/usb_cdc_serial.o
 .debug_abbrev  0x00001291       0x24 ./Core/Startup/startup_stm32f411ceux.o
 .debug_abbrev  0x000012b5      0x24b ./Drivers/STM32F4xx_HAL_Driver/Src/stm32f4xx_hal.o
 .debug_abbrev  0x00001500      0x31d ./Drivers/STM32F4xx_HAL_Driver/Src/stm32f4xx_hal_cortex.o
 .debug_abbrev  0x0000181d      0x1d3 ./Drivers/STM32F4xx_HAL_Driver/Src/stm32f4xx_hal_gpio.o
 .debug_abbrev  0x000019f0      0x2b6 ./Drivers/STM32F4xx_HAL_Driver/Src/stm32f4xx_hal_pcd.o
 .debug_abbrev  0x00001ca6      0x1da ./Drivers/STM32F4xx_HAL_Driver/Src/stm32f4xx_hal_pcd_ex.o
 .debug_abbrev  0x00001e80      0x2b6 ./Drivers/STM32F4xx_HAL_Driver/Src/stm32f4xx_hal_rcc.o
 .debug_abbrev  0x00002136      0x276 ./Drivers/STM32F4xx_HAL_Driver/Src/stm32f4xx_hal_spi.o
 .debug_abbrev  0x000023ac      0x2b3 ./Drivers/STM32F4xx_HAL_Driver/Src/stm32f4xx_ll_usb.o
 .debug_abbrev  0x0000265f      0x2d2 ./Middlewares/ST/STM32_USB_Device_Library/Class/CDC/Src/usbd_cdc.o
 .debug_abbrev  0x00002931      0x27c ./Middlewares/ST/STM32_USB_Device_Library/Core/Src/usbd_core.o
 .debug_abbrev  0x00002bad      0x26f ./Middlewares/ST/STM32_USB_Device_Library/Core/Src/usbd_ctlreq.o
 .debug_abbrev  0x00002e1c      0x19a ./Middlewares/ST/STM32_USB_Device_Library/Core/Src/usbd_ioreq.o
 .debug_abbrev  0x00002fb6      0x195 ./USB_DEVICE/App/usb_device.o
 .debug_abbrev  0x0000314b      0x29d ./USB_DEVICE/App/usbd_cdc_if.o
 .debug_abbrev  0x000033e8      0x1e1 ./USB_DEVICE/App/usbd_desc.o
 .debug_abbrev  0x000035c9      0x33f ./USB_DEVICE/Target/usbd_conf.o

.debug_aranges  0x00000000      0xf58
 .debug_aranges
                0x00000000       0xa0 ./Core/Src/adc_ads1256.o
 .debug_aranges
                0x000000a0       0x28 ./Core/Src/application_error.o
 .debug_aranges
                0x000000c8       0x98 ./Core/Src/display_st7735.o
 .debug_aranges
                0x00000160       0x20 ./Core/Src/gpio.o
 .debug_aranges
                0x00000180       0x40 ./Core/Src/main.o
 .debug_aranges
                0x000001c0       0x30 ./Core/Src/microsecond_delay.o
 .debug_aranges
                0x000001f0       0x38 ./Core/Src/spi.o
 .debug_aranges
                0x00000228       0x20 ./Core/Src/stm32f4xx_hal_msp.o
 .debug_aranges
                0x00000248       0x68 ./Core/Src/stm32f4xx_it.o
 .debug_aranges
                0x000002b0       0x20 ./Core/Src/sysmem.o
 .debug_aranges
                0x000002d0       0x28 ./Core/Src/system_stm32f4xx.o
 .debug_aranges
                0x000002f8       0x28 ./Core/Src/usb_cdc_serial.o
 .debug_aranges
                0x00000320       0x28 ./Core/Startup/startup_stm32f411ceux.o
 .debug_aranges
                0x00000348       0xf0 ./Drivers/STM32F4xx_HAL_Driver/Src/stm32f4xx_hal.o
 .debug_aranges
                0x00000438      0x130 ./Drivers/STM32F4xx_HAL_Driver/Src/stm32f4xx_hal_cortex.o
 .debug_aranges
                0x00000568       0x58 ./Drivers/STM32F4xx_HAL_Driver/Src/stm32f4xx_hal_gpio.o
 .debug_aranges
                0x000005c0      0x148 ./Drivers/STM32F4xx_HAL_Driver/Src/stm32f4xx_hal_pcd.o
 .debug_aranges
                0x00000708       0x38 ./Drivers/STM32F4xx_HAL_Driver/Src/stm32f4xx_hal_pcd_ex.o
 .debug_aranges
                0x00000740       0x88 ./Drivers/STM32F4xx_HAL_Driver/Src/stm32f4xx_hal_rcc.o
 .debug_aranges
                0x000007c8      0x1d0 ./Drivers/STM32F4xx_HAL_Driver/Src/stm32f4xx_hal_spi.o
 .debug_aranges
                0x00000998      0x1a0 ./Drivers/STM32F4xx_HAL_Driver/Src/stm32f4xx_ll_usb.o
 .debug_aranges
                0x00000b38       0x90 ./Middlewares/ST/STM32_USB_Device_Library/Class/CDC/Src/usbd_cdc.o
 .debug_aranges
                0x00000bc8       0xd8 ./Middlewares/ST/STM32_USB_Device_Library/Core/Src/usbd_core.o
 .debug_aranges
                0x00000ca0       0x90 ./Middlewares/ST/STM32_USB_Device_Library/Core/Src/usbd_ctlreq.o
 .debug_aranges
                0x00000d30       0x50 ./Middlewares/ST/STM32_USB_Device_Library/Core/Src/usbd_ioreq.o
 .debug_aranges
                0x00000d80       0x20 ./USB_DEVICE/App/usb_device.o
 .debug_aranges
                0x00000da0       0x48 ./USB_DEVICE/App/usbd_cdc_if.o
 .debug_aranges
                0x00000de8       0x60 ./USB_DEVICE/App/usbd_desc.o
 .debug_aranges
                0x00000e48      0x110 ./USB_DEVICE/Target/usbd_conf.o

.debug_rnglists
                0x00000000      0xb51
 .debug_rnglists
                0x00000000       0x78 ./Core/Src/adc_ads1256.o
 .debug_rnglists
                0x00000078       0x19 ./Core/Src/application_error.o
 .debug_rnglists
                0x00000091       0x71 ./Core/Src/display_st7735.o
 .debug_rnglists
                0x00000102       0x14 ./Core/Src/gpio.o
 .debug_rnglists
                0x00000116       0x2d ./Core/Src/main.o
 .debug_rnglists
                0x00000143       0x20 ./Core/Src/microsecond_delay.o
 .debug_rnglists
                0x00000163       0x26 ./Core/Src/spi.o
 .debug_rnglists
                0x00000189       0x13 ./Core/Src/stm32f4xx_hal_msp.o
 .debug_rnglists
                0x0000019c       0x49 ./Core/Src/stm32f4xx_it.o
 .debug_rnglists
                0x000001e5       0x13 ./Core/Src/sysmem.o
 .debug_rnglists
                0x000001f8       0x1a ./Core/Src/system_stm32f4xx.o
 .debug_rnglists
                0x00000212       0x19 ./Core/Src/usb_cdc_serial.o
 .debug_rnglists
                0x0000022b       0x19 ./Core/Startup/startup_stm32f411ceux.o
 .debug_rnglists
                0x00000244       0xaf ./Drivers/STM32F4xx_HAL_Driver/Src/stm32f4xx_hal.o
 .debug_rnglists
                0x000002f3       0xe0 ./Drivers/STM32F4xx_HAL_Driver/Src/stm32f4xx_hal_cortex.o
 .debug_rnglists
                0x000003d3       0x3f ./Drivers/STM32F4xx_HAL_Driver/Src/stm32f4xx_hal_gpio.o
 .debug_rnglists
                0x00000412       0xfa ./Drivers/STM32F4xx_HAL_Driver/Src/stm32f4xx_hal_pcd.o
 .debug_rnglists
                0x0000050c       0x26 ./Drivers/STM32F4xx_HAL_Driver/Src/stm32f4xx_hal_pcd_ex.o
 .debug_rnglists
                0x00000532       0x66 ./Drivers/STM32F4xx_HAL_Driver/Src/stm32f4xx_hal_rcc.o
 .debug_rnglists
                0x00000598      0x16f ./Drivers/STM32F4xx_HAL_Driver/Src/stm32f4xx_hal_spi.o
 .debug_rnglists
                0x00000707      0x147 ./Drivers/STM32F4xx_HAL_Driver/Src/stm32f4xx_ll_usb.o
 .debug_rnglists
                0x0000084e       0x6c ./Middlewares/ST/STM32_USB_Device_Library/Class/CDC/Src/usbd_cdc.o
 .debug_rnglists
                0x000008ba       0xa1 ./Middlewares/ST/STM32_USB_Device_Library/Core/Src/usbd_core.o
 .debug_rnglists
                0x0000095b       0x6e ./Middlewares/ST/STM32_USB_Device_Library/Core/Src/usbd_ctlreq.o
 .debug_rnglists
                0x000009c9       0x37 ./Middlewares/ST/STM32_USB_Device_Library/Core/Src/usbd_ioreq.o
 .debug_rnglists
                0x00000a00       0x13 ./USB_DEVICE/App/usb_device.o
 .debug_rnglists
                0x00000a13       0x32 ./USB_DEVICE/App/usbd_cdc_if.o
 .debug_rnglists
                0x00000a45       0x43 ./USB_DEVICE/App/usbd_desc.o
 .debug_rnglists
                0x00000a88       0xc9 ./USB_DEVICE/Target/usbd_conf.o
