Archive member included to satisfy reference by file (symbol)

/opt/st/stm32cubeide_2.1.1/plugins/com.st.stm32cube.ide.mcu.externaltools.gnu-tools-for-stm32.14.3.rel1.linux64_1.0.100.202602081740/tools/bin/../lib/gcc/arm-none-eabi/14.3.1/../../../../arm-none-eabi/lib/thumb/v7e-m+fp/hard/libc_nano.a(libc_a-exit.o)
                              /opt/st/stm32cubeide_2.1.1/plugins/com.st.stm32cube.ide.mcu.externaltools.gnu-tools-for-stm32.14.3.rel1.linux64_1.0.100.202602081740/tools/bin/../lib/gcc/arm-none-eabi/14.3.1/../../../../arm-none-eabi/lib/thumb/v7e-m+fp/hard/crt0.o (exit)
/opt/st/stm32cubeide_2.1.1/plugins/com.st.stm32cube.ide.mcu.externaltools.gnu-tools-for-stm32.14.3.rel1.linux64_1.0.100.202602081740/tools/bin/../lib/gcc/arm-none-eabi/14.3.1/../../../../arm-none-eabi/lib/thumb/v7e-m+fp/hard/libc_nano.a(libc_a-findfp.o)
                              /opt/st/stm32cubeide_2.1.1/plugins/com.st.stm32cube.ide.mcu.externaltools.gnu-tools-for-stm32.14.3.rel1.linux64_1.0.100.202602081740/tools/bin/../lib/gcc/arm-none-eabi/14.3.1/../../../../arm-none-eabi/lib/thumb/v7e-m+fp/hard/libc_nano.a(libc_a-exit.o) (__stdio_exit_handler)
/opt/st/stm32cubeide_2.1.1/plugins/com.st.stm32cube.ide.mcu.externaltools.gnu-tools-for-stm32.14.3.rel1.linux64_1.0.100.202602081740/tools/bin/../lib/gcc/arm-none-eabi/14.3.1/../../../../arm-none-eabi/lib/thumb/v7e-m+fp/hard/libc_nano.a(libc_a-fwalk.o)
                              /opt/st/stm32cubeide_2.1.1/plugins/com.st.stm32cube.ide.mcu.externaltools.gnu-tools-for-stm32.14.3.rel1.linux64_1.0.100.202602081740/tools/bin/../lib/gcc/arm-none-eabi/14.3.1/../../../../arm-none-eabi/lib/thumb/v7e-m+fp/hard/libc_nano.a(libc_a-findfp.o) (_fwalk_sglue)
/opt/st/stm32cubeide_2.1.1/plugins/com.st.stm32cube.ide.mcu.externaltools.gnu-tools-for-stm32.14.3.rel1.linux64_1.0.100.202602081740/tools/bin/../lib/gcc/arm-none-eabi/14.3.1/../../../../arm-none-eabi/lib/thumb/v7e-m+fp/hard/libc_nano.a(libc_a-snprintf.o)
                              ./Core/Src/adc_ads1256.o (snprintf)
/opt/st/stm32cubeide_2.1.1/plugins/com.st.stm32cube.ide.mcu.externaltools.gnu-tools-for-stm32.14.3.rel1.linux64_1.0.100.202602081740/tools/bin/../lib/gcc/arm-none-eabi/14.3.1/../../../../arm-none-eabi/lib/thumb/v7e-m+fp/hard/libc_nano.a(libc_a-stdio.o)
                              /opt/st/stm32cubeide_2.1.1/plugins/com.st.stm32cube.ide.mcu.externaltools.gnu-tools-for-stm32.14.3.rel1.linux64_1.0.100.202602081740/tools/bin/../lib/gcc/arm-none-eabi/14.3.1/../../../../arm-none-eabi/lib/thumb/v7e-m+fp/hard/libc_nano.a(libc_a-findfp.o) (__sread)
/opt/st/stm32cubeide_2.1.1/plugins/com.st.stm32cube.ide.mcu.externaltools.gnu-tools-for-stm32.14.3.rel1.linux64_1.0.100.202602081740/tools/bin/../lib/gcc/arm-none-eabi/14.3.1/../../../../arm-none-eabi/lib/thumb/v7e-m+fp/hard/libc_nano.a(libc_a-memset.o)
                              /opt/st/stm32cubeide_2.1.1/plugins/com.st.stm32cube.ide.mcu.externaltools.gnu-tools-for-stm32.14.3.rel1.linux64_1.0.100.202602081740/tools/bin/../lib/gcc/arm-none-eabi/14.3.1/../../../../arm-none-eabi/lib/thumb/v7e-m+fp/hard/crt0.o (memset)
/opt/st/stm32cubeide_2.1.1/plugins/com.st.stm32cube.ide.mcu.externaltools.gnu-tools-for-stm32.14.3.rel1.linux64_1.0.100.202602081740/tools/bin/../lib/gcc/arm-none-eabi/14.3.1/../../../../arm-none-eabi/lib/thumb/v7e-m+fp/hard/libc_nano.a(libc_a-closer.o)
                              /opt/st/stm32cubeide_2.1.1/plugins/com.st.stm32cube.ide.mcu.externaltools.gnu-tools-for-stm32.14.3.rel1.linux64_1.0.100.202602081740/tools/bin/../lib/gcc/arm-none-eabi/14.3.1/../../../../arm-none-eabi/lib/thumb/v7e-m+fp/hard/libc_nano.a(libc_a-stdio.o) (_close_r)
/opt/st/stm32cubeide_2.1.1/plugins/com.st.stm32cube.ide.mcu.externaltools.gnu-tools-for-stm32.14.3.rel1.linux64_1.0.100.202602081740/tools/bin/../lib/gcc/arm-none-eabi/14.3.1/../../../../arm-none-eabi/lib/thumb/v7e-m+fp/hard/libc_nano.a(libc_a-reent.o)
                              /opt/st/stm32cubeide_2.1.1/plugins/com.st.stm32cube.ide.mcu.externaltools.gnu-tools-for-stm32.14.3.rel1.linux64_1.0.100.202602081740/tools/bin/../lib/gcc/arm-none-eabi/14.3.1/../../../../arm-none-eabi/lib/thumb/v7e-m+fp/hard/libc_nano.a(libc_a-closer.o) (errno)
/opt/st/stm32cubeide_2.1.1/plugins/com.st.stm32cube.ide.mcu.externaltools.gnu-tools-for-stm32.14.3.rel1.linux64_1.0.100.202602081740/tools/bin/../lib/gcc/arm-none-eabi/14.3.1/../../../../arm-none-eabi/lib/thumb/v7e-m+fp/hard/libc_nano.a(libc_a-impure.o)
                              /opt/st/stm32cubeide_2.1.1/plugins/com.st.stm32cube.ide.mcu.externaltools.gnu-tools-for-stm32.14.3.rel1.linux64_1.0.100.202602081740/tools/bin/../lib/gcc/arm-none-eabi/14.3.1/../../../../arm-none-eabi/lib/thumb/v7e-m+fp/hard/libc_nano.a(libc_a-snprintf.o) (_impure_ptr)
/opt/st/stm32cubeide_2.1.1/plugins/com.st.stm32cube.ide.mcu.externaltools.gnu-tools-for-stm32.14.3.rel1.linux64_1.0.100.202602081740/tools/bin/../lib/gcc/arm-none-eabi/14.3.1/../../../../arm-none-eabi/lib/thumb/v7e-m+fp/hard/libc_nano.a(libc_a-lseekr.o)
[...]
Memory Configuration

Name             Origin             Length             Attributes
RAM              0x20000000         0x00020000         xrw
FLASH            0x08004000         0x0007c000         xr
*default*        0x00000000         0xffffffff

Linker script and memory map

LOAD /opt/st/stm32cubeide_2.1.1/plugins/com.st.stm32cube.ide.mcu.externaltools.gnu-tools-for-stm32.14.3.rel1.linux64_1.0.100.202602081740/tools/bin/../lib/gcc/arm-none-eabi/14.3.1/thumb/v7e-m+fp/hard/crti.o
LOAD /opt/st/stm32cubeide_2.1.1/plugins/com.st.stm32cube.ide.mcu.externaltools.gnu-tools-for-stm32.14.3.rel1.linux64_1.0.100.202602081740/tools/bin/../lib/gcc/arm-none-eabi/14.3.1/thumb/v7e-m+fp/hard/crtbegin.o
LOAD /opt/st/stm32cubeide_2.1.1/plugins/com.st.stm32cube.ide.mcu.externaltools.gnu-tools-for-stm32.14.3.rel1.linux64_1.0.100.202602081740/tools/bin/../lib/gcc/arm-none-eabi/14.3.1/../../../../arm-none-eabi/lib/thumb/v7e-m+fp/hard/crt0.o
LOAD ./Core/Src/adc_ads1256.o
LOAD ./Core/Src/application_error.o
LOAD ./Core/Src/display_st7735.o
LOAD ./Core/Src/gpio.o
LOAD ./Core/Src/main.o
LOAD ./Core/Src/microsecond_delay.o
LOAD ./Core/Src/spi.o
LOAD ./Core/Src/stm32f4xx_hal_msp.o
LOAD ./Core/Src/stm32f4xx_it.o
LOAD ./Core/Src/syscalls.o
LOAD ./Core/Src/sysmem.o
LOAD ./Core/Src/system_stm32f4xx.o
LOAD ./Core/Src/usb_cdc_serial.o
LOAD ./Core/Startup/startup_stm32f411ceux.o
LOAD ./Drivers/STM32F4xx_HAL_Driver/Src/stm32f4xx_hal.o
LOAD ./Drivers/STM32F4xx_HAL_Driver/Src/stm32f4xx_hal_cortex.o
LOAD ./Drivers/STM32F4xx_HAL_Driver/Src/stm32f4xx_hal_dma.o
LOAD ./Drivers/STM32F4xx_HAL_Driver/Src/stm32f4xx_hal_dma_ex.o
LOAD ./Drivers/STM32F4xx_HAL_Driver/Src/stm32f4xx_hal_exti.o
LOAD ./Drivers/STM32F4xx_HAL_Driver/Src/stm32f4xx_hal_flash.o
LOAD ./Drivers/STM32F4xx_HAL_Driver/Src/stm32f4xx_hal_flash_ex.o
LOAD ./Drivers/STM32F4xx_HAL_Driver/Src/stm32f4xx_hal_flash_ramfunc.o
LOAD ./Drivers/STM32F4xx_HAL_Driver/Src/stm32f4xx_hal_gpio.o
LOAD ./Drivers/STM32F4xx_HAL_Driver/Src/stm32f4xx_hal_pcd.o
LOAD ./Drivers/STM32F4xx_HAL_Driver/Src/stm32f4xx_hal_pcd_ex.o
LOAD ./Drivers/STM32F4xx_HAL_Driver/Src/stm32f4xx_hal_pwr.o
LOAD ./Drivers/STM32F4xx_HAL_Driver/Src/stm32f4xx_hal_pwr_ex.o
LOAD ./Drivers/STM32F4xx_HAL_Driver/Src/stm32f4xx_hal_rcc.o
LOAD ./Drivers/STM32F4xx_HAL_Driver/Src/stm32f4xx_hal_rcc_ex.o
LOAD ./Drivers/STM32F4xx_HAL_Driver/Src/stm32f4xx_hal_spi.o
LOAD ./Drivers/STM32F4xx_HAL_Driver/Src/stm32f4xx_ll_usb.o
LOAD ./Middlewares/ST/STM32_USB_Device_Library/Class/CDC/Src/usbd_cdc.o
LOAD ./Middlewares/ST/STM32_USB_Device_Library/Core/Src/usbd_core.o
LOAD ./Middlewares/ST/STM32_USB_Device_Library/Core/Src/usbd_ctlreq.o
LOAD ./Middlewares/ST/STM32_USB_Device_Library/Core/Src/usbd_ioreq.o
LOAD ./USB_DEVICE/App/usb_device.o
LOAD ./USB_DEVICE/App/usbd_cdc_if.o
LOAD ./USB_DEVICE/App/usbd_desc.o
LOAD ./USB_DEVICE/Target/usbd_conf.o
START GROUP
LOAD /opt/st/stm32cubeide_2.1.1/plugins/com.st.stm32cube.ide.mcu.externaltools.gnu-tools-for-stm32.14.3.rel1.linux64_1.0.100.202602081740/tools/bin/../lib/gcc/arm-none-eabi/14.3.1/../../../../arm-none-eabi/lib/thumb/v7e-m+fp/hard/libc_nano.a
LOAD /opt/st/stm32cubeide_2.1.1/plugins/com.st.stm32cube.ide.mcu.externaltools.gnu-tools-for-stm32.14.3.rel1.linux64_1.0.100.202602081740/tools/bin/../lib/gcc/arm-none-eabi/14.3.1/../../../../arm-none-eabi/lib/thumb/v7e-m+fp/hard/libm.a
END GROUP
START GROUP
LOAD /opt/st/stm32cubeide_2.1.1/plugins/com.st.stm32cube.ide.mcu.externaltools.gnu-tools-for-stm32.14.3.rel1.linux64_1.0.100.202602081740/tools/bin/../lib/gcc/arm-none-eabi/14.3.1/thumb/v7e-m+fp/hard/libgcc.a
LOAD /opt/st/stm32cubeide_2.1.1/plugins/com.st.stm32cube.ide.mcu.externaltools.gnu-tools-for-stm32.14.3.rel1.linux64_1.0.100.202602081740/tools/bin/../lib/gcc/arm-none-eabi/14.3.1/../../../../arm-none-eabi/lib/thumb/v7e-m+fp/hard/libc_nano.a
END GROUP
START GROUP
LOAD /opt/st/stm32cubeide_2.1.1/plugins/com.st.stm32cube.ide.mcu.externaltools.gnu-tools-for-stm32.14.3.rel1.linux64_1.0.100.202602081740/tools/bin/../lib/gcc/arm-none-eabi/14.3.1/thumb/v7e-m+fp/hard/libgcc.a
LOAD /opt/st/stm32cubeide_2.1.1/plugins/com.st.stm32cube.ide.mcu.externaltools.gnu-tools-for-stm32.14.3.rel1.linux64_1.0.100.202602081740/tools/bin/../lib/gcc/arm-none-eabi/14.3.1/../../../../arm-none-eabi/lib/thumb/v7e-m+fp/hard/libc_nano.a
LOAD /opt/st/stm32cubeide_2.1.1/plugins/com.st.stm32cube.ide.mcu.externaltools.gnu-tools-for-stm32.14.3.rel1.linux64_1.0.100.202602081740/tools/bin/../lib/gcc/arm-none-eabi/14.3.1/../../../../arm-none-eabi/lib/thumb/v7e-m+fp/hard/libnosys.a
END GROUP
START GROUP
LOAD /opt/st/stm32cubeide_2.1.1/plugins/com.st.stm32cube.ide.mcu.externaltools.gnu-tools-for-stm32.14.3.rel1.linux64_1.0.100.202602081740/tools/bin/../lib/gcc/arm-none-eabi/14.3.1/thumb/v7e-m+fp/hard/libgcc.a
LOAD /opt/st/stm32cubeide_2.1.1/plugins/com.st.stm32cube.ide.mcu.externaltools.gnu-tools-for-stm32.14.3.rel1.linux64_1.0.100.202602081740/tools/bin/../lib/gcc/arm-none-eabi/14.3.1/../../../../arm-none-eabi/lib/thumb/v7e-m+fp/hard/libc_nano.a
LOAD /opt/st/stm32cubeide_2.1.1/plugins/com.st.stm32cube.ide.mcu.externaltools.gnu-tools-for-stm32.14.3.rel1.linux64_1.0.100.202602081740/tools/bin/../lib/gcc/arm-none-eabi/14.3.1/../../../../arm-none-eabi/lib/thumb/v7e-m+fp/hard/libnosys.a
END GROUP
LOAD /opt/st/stm32cubeide_2.1.1/plugins/com.st.stm32cube.ide.mcu.externaltools.gnu-tools-for-stm32.14.3.rel1.linux64_1.0.100.202602081740/tools/bin/../lib/gcc/arm-none-eabi/14.3.1/thumb/v7e-m+fp/hard/crtend.o
LOAD /opt/st/stm32cubeide_2.1.1/plugins/com.st.stm32cube.ide.mcu.externaltools.gnu-tools-for-stm32.14.3.rel1.linux64_1.0.100.202602081740/tools/bin/../lib/gcc/arm-none-eabi/14.3.1/thumb/v7e-m+fp/hard/crtn.o
                0x20020000                        _estack = (ORIGIN (RAM) + LENGTH (RAM))
                0x00000200                        _Min_Heap_Size = 0x200
                0x00000400                        _Min_Stack_Size = 0x400

.isr_vector     0x08004000      0x198
                0x08004000                        . = ALIGN (0x4)
 *(.isr_vector)
 .isr_vector    0x08004000      0x198 ./Core/Startup/startup_stm32f411ceux.o
                0x08004000                g_pfnVectors
                0x08004198                        . = ALIGN (0x4)

.text           0x080041a0     0x8dd8
                0x080041a0                        . = ALIGN (0x4)
 *(.text)
 .text          0x080041a0       0x40 /opt/st/stm32cubeide_2.1.1/plugins/com.st.stm32cube.ide.mcu.externaltools.gnu-tools-for-stm32.14.3.rel1.linux64_1.0.100.202602081740/tools/bin/../lib/gcc/arm-none-eabi/14.3.1/thumb/v7e-m+fp/hard/crtbegin.o
 .text          0x080041e0       0x10 /opt/st/stm32cubeide_2.1.1/plugins/com.st.stm32cube.ide.mcu.externaltools.gnu-tools-for-stm32.14.3.rel1.linux64_1.0.100.202602081740/tools/bin/../lib/gcc/arm-none-eabi/14.3.1/../../../../arm-none-eabi/lib/thumb/v7e-m+fp/hard/libc_nano.a(libc_a-strlen.o)
                0x080041e0                strlen
 .text          0x080041f0       0xa0 /opt/st/stm32cubeide_2.1.1/plugins/com.st.stm32cube.ide.mcu.externaltools.gnu-tools-for-stm32.14.3.rel1.linux64_1.0.100.202602081740/tools/bin/../lib/gcc/arm-none-eabi/14.3.1/../../../../arm-none-eabi/lib/thumb/v7e-m+fp/hard/libc_nano.a(libc_a-memchr.o)
                0x080041f0                memchr
 .text          0x08004290       0x30 /opt/st/stm32cubeide_2.1.1/plugins/com.st.stm32cube.ide.mcu.externaltools.gnu-tools-for-stm32.14.3.rel1.linux64_1.0.100.202602081740/tools/bin/../lib/gcc/arm-none-eabi/14.3.1/thumb/v7e-m+fp/hard/libgcc.a(_aeabi_uldivmod.o)
                0x08004290                __aeabi_uldivmod
 .text          0x080042c0      0x2f8 /opt/st/stm32cubeide_2.1.1/plugins/com.st.stm32cube.ide.mcu.externaltools.gnu-tools-for-stm32.14.3.rel1.linux64_1.0.100.202602081740/tools/bin/../lib/gcc/arm-none-eabi/14.3.1/thumb/v7e-m+fp/hard/libgcc.a(_udivmoddi4.o)
                0x080042c0                __udivmoddi4
 .text          0x080045b8        0x4 /opt/st/stm32cubeide_2.1.1/plugins/com.st.stm32cube.ide.mcu.externaltools.gnu-tools-for-stm32.14.3.rel1.linux64_1.0.100.202602081740/tools/bin/../lib/gcc/arm-none-eabi/14.3.1/thumb/v7e-m+fp/hard/libgcc.a(_dvmd_tls.o)
                0x080045b8                __aeabi_ldiv0
                0x080045b8                __aeabi_idiv0
 *(.text*)
 .text.AdcADS1256_SetPinsToSafeState
                0x080045bc       0x24 ./Core/Src/adc_ads1256.o
                0x080045bc                AdcADS1256_SetPinsToSafeState
 .text.AdcADS1256_SelectAdcOnSpiBus
                0x080045e0       0x18 ./Core/Src/adc_ads1256.o
 .text.AdcADS1256_ReleaseAdcFromSpiBus
                0x080045f8       0x18 ./Core/Src/adc_ads1256.o
 .text.AdcADS1256_SendCommand
                0x08004610       0x40 ./Core/Src/adc_ads1256.o
 .text.AdcADS1256_WriteSingleRegister
                0x08004650       0x68 ./Core/Src/adc_ads1256.o
 .text.AdcADS1256_ReadSingleRegister
                0x080046b8       0x88 ./Core/Src/adc_ads1256.o
                0x080046b8                AdcADS1256_ReadSingleRegister
 .text.AdcADS1256_WaitUntilDataIsReadyWithTimeout
                0x08004740       0x40 ./Core/Src/adc_ads1256.o
 .text.AdcADS1256_WaitUntilDataIsReady
                0x08004780       0x20 ./Core/Src/adc_ads1256.o
                0x08004780                AdcADS1256_WaitUntilDataIsReady
 .text.AdcADS1256_Initialize
                0x080047a0       0xf0 ./Core/Src/adc_ads1256.o
                0x080047a0                AdcADS1256_Initialize
 .text.AdcADS1256_ReadRawSigned24BitValueContinuousMode
                0x08004890       0x84 ./Core/Src/adc_ads1256.o
                0x08004890                AdcADS1256_ReadRawSigned24BitValueContinuousMode
 .text.ApplicationError_BlinkLedForeverFast
                0x08004914       0x30 ./Core/Src/application_error.o
                0x08004914                ApplicationError_BlinkLedForeverFast
 .text.Error_Handler
                0x08004944       0x10 ./Core/Src/application_error.o
                0x08004944                Error_Handler
 .text.DisplayST7735_SetPinsToSafeState
                0x08004954       0x2c ./Core/Src/display_st7735.o
                0x08004954                DisplayST7735_SetPinsToSafeState
 .text.DisplayST7735_SelectDisplayOnSpiBus
                0x08004980       0x18 ./Core/Src/display_st7735.o
 .text.DisplayST7735_ReleaseDisplayFromSpiBus
                0x08004998       0x18 ./Core/Src/display_st7735.o
 .text.DisplayST7735_SetCommandMode
                0x080049b0       0x18 ./Core/Src/display_st7735.o
 .text.DisplayST7735_SetDataMode
                0x080049c8       0x18 ./Core/Src/display_st7735.o
 .text.DisplayST7735_WriteCommandByte
                0x080049e0       0x40 ./Core/Src/display_st7735.o
 .text.DisplayST7735_WriteDataByte
                0x08004a20       0x40 ./Core/Src/display_st7735.o
 .text.DisplayST7735_WriteDataBytes
                0x08004a60       0x44 ./Core/Src/display_st7735.o
 .text.DisplayST7735_HardwareReset
                0x08004aa4       0x3c ./Core/Src/display_st7735.o
 .text.DisplayST7735_Initialize
                0x08004ae0       0x52 ./Core/Src/display_st7735.o
                0x08004ae0                DisplayST7735_Initialize
 .text.DisplayST7735_SetAddressWindow
                0x08004b32       0x70 ./Core/Src/display_st7735.o
 .text.DisplayST7735_DrawPixel
                0x08004ba2       0x56 ./Core/Src/display_st7735.o
                0x08004ba2                DisplayST7735_DrawPixel
 .text.DisplayST7735_DrawFilledRectangle
                0x08004bf8       0x8c ./Core/Src/display_st7735.o
                0x08004bf8                DisplayST7735_DrawFilledRectangle
 .text.DisplayST7735_FillScreen
                0x08004c84       0x80 ./Core/Src/display_st7735.o
                0x08004c84                DisplayST7735_FillScreen
 .text.MX_GPIO_Init
                0x08004d04      0x110 ./Core/Src/gpio.o
                0x08004d04                MX_GPIO_Init
 .text.main     0x08004e14       0x48 ./Core/Src/main.o
                0x08004e14                main
 .text.Application_SetVectorTableToStartAfterWeActBootloader
                0x08004e5c       0x28 ./Core/Src/main.o
 .text.Application_InitializeCubeGeneratedPeripherals
                0x08004e84       0x18 ./Core/Src/main.o
 .text.Application_SetInitialPinStates
                0x08004e9c       0x20 ./Core/Src/main.o
 .text.Application_SendStartupMessages
                0x08004ebc       0x28 ./Core/Src/main.o
 .text.Application_DrawDisplaySelfTest
                0x08004ee4       0x46 ./Core/Src/main.o
 *fill*         0x08004f2a        0x2 
 .text.Application_RunContinuousAdcReadingLoop
                0x08004f2c       0xa4 ./Core/Src/main.o
 .text.Application_AddTextToUsbBufferAndFlushIfNeeded
                0x08004fd0       0x72 ./Core/Src/main.o
 .text.Application_FlushUsbBufferIfNotEmpty
                0x08005042       0x34 ./Core/Src/main.o
 *fill*         0x08005076        0x2 
 .text.SystemClock_Config
                0x08005078       0xd0 ./Core/Src/main.o
                0x08005078                SystemClock_Config
 .text.MicrosecondDelay_Initialize
                0x08005148       0x34 ./Core/Src/microsecond_delay.o
                0x08005148                MicrosecondDelay_Initialize
 .text.MicrosecondDelay_Wait
                0x0800517c       0x54 ./Core/Src/microsecond_delay.o
                0x0800517c                MicrosecondDelay_Wait
 .text.MX_SPI2_Init
                0x080051d0       0x6c ./Core/Src/spi.o
                0x080051d0                MX_SPI2_Init
 .text.MX_SPI3_Init
                0x0800523c       0x6c ./Core/Src/spi.o
                0x0800523c                MX_SPI3_Init
 .text.HAL_SPI_MspInit
                0x080052a8       0xf8 ./Core/Src/spi.o
                0x080052a8                HAL_SPI_MspInit
 .text.HAL_MspInit
                0x080053a0       0x50 ./Core/Src/stm32f4xx_hal_msp.o
                0x080053a0                HAL_MspInit
 .text.NMI_Handler
                0x080053f0        0x8 ./Core/Src/stm32f4xx_it.o
                0x080053f0                NMI_Handler
 .text.HardFault_Handler
                0x080053f8        0x8 ./Core/Src/stm32f4xx_it.o
                0x080053f8                HardFault_Handler
 .text.MemManage_Handler
                0x08005400        0x8 ./Core/Src/stm32f4xx_it.o
                0x08005400                MemManage_Handler
 .text.BusFault_Handler
                0x08005408        0x8 ./Core/Src/stm32f4xx_it.o
                0x08005408                BusFault_Handler
 .text.UsageFault_Handler
                0x08005410        0x8 ./Core/Src/stm32f4xx_it.o
                0x08005410                UsageFault_Handler
 .text.SVC_Handler
                0x08005418        0xe ./Core/Src/stm32f4xx_it.o
                0x08005418                SVC_Handler
 .text.DebugMon_Handler
                0x08005426        0xe ./Core/Src/stm32f4xx_it.o
                0x08005426                DebugMon_Handler
 .text.PendSV_Handler
                0x08005434        0xe ./Core/Src/stm32f4xx_it.o
                0x08005434                PendSV_Handler
 .text.SysTick_Handler
                0x08005442        0xc ./Core/Src/stm32f4xx_it.o
                0x08005442                SysTick_Handler
 *fill*         0x0800544e        0x2 
 .text.OTG_FS_IRQHandler
                0x08005450       0x14 ./Core/Src/stm32f4xx_it.o
                0x08005450                OTG_FS_IRQHandler
 .text._sbrk    0x08005464       0x6c ./Core/Src/sysmem.o
                0x08005464                _sbrk
 .text.SystemInit
                0x080054d0       0x24 ./Core/Src/system_stm32f4xx.o
                0x080054d0                SystemInit
 .text.UsbCdcSerial_WriteBytesBlocking
                0x080054f4       0x4a ./Core/Src/usb_cdc_serial.o
                0x080054f4                UsbCdcSerial_WriteBytesBlocking
 .text.UsbCdcSerial_WriteTextBlocking
                0x0800553e       0x24 ./Core/Src/usb_cdc_serial.o
                0x0800553e                UsbCdcSerial_WriteTextBlocking
 *fill*         0x08005562        0x2 
 .text.Reset_Handler
                0x08005564       0x50 ./Core/Startup/startup_stm32f411ceux.o
                0x08005564                Reset_Handler
 .text.Default_Handler
                0x080055b4        0x2 ./Core/Startup/startup_stm32f411ceux.o
                0x080055b4                RTC_Alarm_IRQHandler
                0x080055b4                EXTI2_IRQHandler
                0x080055b4                SPI4_IRQHandler
                0x080055b4                TIM1_CC_IRQHandler
                0x080055b4                DMA2_Stream5_IRQHandler
                0x080055b4                DMA1_Stream5_IRQHandler
                0x080055b4                PVD_IRQHandler
                0x080055b4                SDIO_IRQHandler
                0x080055b4                TAMP_STAMP_IRQHandler
                0x080055b4                EXTI3_IRQHandler
                0x080055b4                TIM1_UP_TIM10_IRQHandler
                0x080055b4                I2C3_ER_IRQHandler
                0x080055b4                EXTI0_IRQHandler
                0x080055b4                I2C2_EV_IRQHandler
                0x080055b4                DMA1_Stream2_IRQHandler
                0x080055b4                FPU_IRQHandler
                0x080055b4                DMA2_Stream2_IRQHandler
                0x080055b4                SPI1_IRQHandler
                0x080055b4                TIM1_BRK_TIM9_IRQHandler
                0x080055b4                DMA2_Stream3_IRQHandler
                0x080055b4                USART6_IRQHandler
                0x080055b4                DMA2_Stream0_IRQHandler
                0x080055b4                TIM4_IRQHandler
                0x080055b4                I2C1_EV_IRQHandler
                0x080055b4                DMA1_Stream6_IRQHandler
                0x080055b4                DMA1_Stream1_IRQHandler
                0x080055b4                TIM3_IRQHandler
                0x080055b4                RCC_IRQHandler
                0x080055b4                Default_Handler
                0x080055b4                EXTI15_10_IRQHandler
                0x080055b4                ADC_IRQHandler
                0x080055b4                DMA1_Stream7_IRQHandler
                0x080055b4                SPI5_IRQHandler
                0x080055b4                TIM5_IRQHandler
                0x080055b4                DMA2_Stream7_IRQHandler
                0x080055b4                I2C3_EV_IRQHandler
                0x080055b4                EXTI9_5_IRQHandler
                0x080055b4                RTC_WKUP_IRQHandler
                0x080055b4                SPI2_IRQHandler
                0x080055b4                DMA1_Stream0_IRQHandler
                0x080055b4                EXTI4_IRQHandler
                0x080055b4                WWDG_IRQHandler
                0x080055b4                TIM2_IRQHandler
                0x080055b4                OTG_FS_WKUP_IRQHandler
                0x080055b4                TIM1_TRG_COM_TIM11_IRQHandler
                0x080055b4                EXTI1_IRQHandler
                0x080055b4                USART2_IRQHandler
                0x080055b4                I2C2_ER_IRQHandler
                0x080055b4                DMA2_Stream1_IRQHandler
                0x080055b4                FLASH_IRQHandler
                0x080055b4                DMA2_Stream4_IRQHandler
                0x080055b4                USART1_IRQHandler
                0x080055b4                SPI3_IRQHandler
                0x080055b4                DMA1_Stream4_IRQHandler
                0x080055b4                I2C1_ER_IRQHandler
                0x080055b4                DMA2_Stream6_IRQHandler
                0x080055b4                DMA1_Stream3_IRQHandler
 *fill*         0x080055b6        0x2 
 .text.HAL_Init
                0x080055b8       0x44 ./Drivers/STM32F4xx_HAL_Driver/Src/stm32f4xx_hal.o
                0x080055b8                HAL_Init
 .text.HAL_InitTick
                0x080055fc       0x60 ./Drivers/STM32F4xx_HAL_Driver/Src/stm32f4xx_hal.o
                0x080055fc                HAL_InitTick
 .text.HAL_IncTick
                0x0800565c       0x28 ./Drivers/STM32F4xx_HAL_Driver/Src/stm32f4xx_hal.o
                0x0800565c                HAL_IncTick
 .text.HAL_GetTick
                0x08005684       0x18 ./Drivers/STM32F4xx_HAL_Driver/Src/stm32f4xx_hal.o
                0x08005684                HAL_GetTick
 .text.HAL_Delay
                0x0800569c       0x48 ./Drivers/STM32F4xx_HAL_Driver/Src/stm32f4xx_hal.o
                0x0800569c                HAL_Delay
 .text.__NVIC_SetPriorityGrouping
                0x080056e4       0x48 ./Drivers/STM32F4xx_HAL_Driver/Src/stm32f4xx_hal_cortex.o
 .text.__NVIC_GetPriorityGrouping
                0x0800572c       0x1c ./Drivers/STM32F4xx_HAL_Driver/Src/stm32f4xx_hal_cortex.o
 .text.__NVIC_EnableIRQ
                0x08005748       0x3c ./Drivers/STM32F4xx_HAL_Driver/Src/stm32f4xx_hal_cortex.o
 .text.__NVIC_SetPriority
                0x08005784       0x54 ./Drivers/STM32F4xx_HAL_Driver/Src/stm32f4xx_hal_cortex.o
 .text.NVIC_EncodePriority
                0x080057d8       0x66 ./Drivers/STM32F4xx_HAL_Driver/Src/stm32f4xx_hal_cortex.o
 *fill*         0x0800583e        0x2 
 .text.SysTick_Config
                0x08005840       0x44 ./Drivers/STM32F4xx_HAL_Driver/Src/stm32f4xx_hal_cortex.o
 .text.HAL_NVIC_SetPriorityGrouping
                0x08005884       0x16 ./Drivers/STM32F4xx_HAL_Driver/Src/stm32f4xx_hal_cortex.o
                0x08005884                HAL_NVIC_SetPriorityGrouping
 .text.HAL_NVIC_SetPriority
                0x0800589a       0x38 ./Drivers/STM32F4xx_HAL_Driver/Src/stm32f4xx_hal_cortex.o
                0x0800589a                HAL_NVIC_SetPriority
 .text.HAL_NVIC_EnableIRQ
                0x080058d2       0x1c ./Drivers/STM32F4xx_HAL_Driver/Src/stm32f4xx_hal_cortex.o
                0x080058d2                HAL_NVIC_EnableIRQ
 .text.HAL_SYSTICK_Config
                0x080058ee       0x18 ./Drivers/STM32F4xx_HAL_Driver/Src/stm32f4xx_hal_cortex.o
                0x080058ee                HAL_SYSTICK_Config
 *fill*         0x08005906        0x2 
 .text.HAL_GPIO_Init
                0x08005908      0x308 ./Drivers/STM32F4xx_HAL_Driver/Src/stm32f4xx_hal_gpio.o
                0x08005908                HAL_GPIO_Init
 .text.HAL_GPIO_ReadPin
                0x08005c10       0x30 ./Drivers/STM32F4xx_HAL_Driver/Src/stm32f4xx_hal_gpio.o
                0x08005c10                HAL_GPIO_ReadPin
 .text.HAL_GPIO_WritePin
                0x08005c40       0x32 ./Drivers/STM32F4xx_HAL_Driver/Src/stm32f4xx_hal_gpio.o
                0x08005c40                HAL_GPIO_WritePin
 .text.HAL_GPIO_TogglePin
                0x08005c72       0x34 ./Drivers/STM32F4xx_HAL_Driver/Src/stm32f4xx_hal_gpio.o
                0x08005c72                HAL_GPIO_TogglePin
 .text.HAL_PCD_Init
                0x08005ca6      0x21e ./Drivers/STM32F4xx_HAL_Driver/Src/stm32f4xx_hal_pcd.o
                0x08005ca6                HAL_PCD_Init
 .text.HAL_PCD_Start
                0x08005ec4       0x6a ./Drivers/STM32F4xx_HAL_Driver/Src/stm32f4xx_hal_pcd.o
                0x08005ec4                HAL_PCD_Start
 .text.HAL_PCD_IRQHandler
                0x08005f2e      0x942 ./Drivers/STM32F4xx_HAL_Driver/Src/stm32f4xx_hal_pcd.o
                0x08005f2e                HAL_PCD_IRQHandler
 .text.HAL_PCD_SetAddress
                0x08006870       0x48 ./Drivers/STM32F4xx_HAL_Driver/Src/stm32f4xx_hal_pcd.o
                0x08006870                HAL_PCD_SetAddress
 .text.HAL_PCD_EP_Open
                0x080068b8       0xd4 ./Drivers/STM32F4xx_HAL_Driver/Src/stm32f4xx_hal_pcd.o
                0x080068b8                HAL_PCD_EP_Open
 .text.HAL_PCD_EP_Close
                0x0800698c       0x94 ./Drivers/STM32F4xx_HAL_Driver/Src/stm32f4xx_hal_pcd.o
                0x0800698c                HAL_PCD_EP_Close
 .text.HAL_PCD_EP_Receive
                0x08006a20       0x76 ./Drivers/STM32F4xx_HAL_Driver/Src/stm32f4xx_hal_pcd.o
                0x08006a20                HAL_PCD_EP_Receive
 .text.HAL_PCD_EP_GetRxCount
                0x08006a96       0x30 ./Drivers/STM32F4xx_HAL_Driver/Src/stm32f4xx_hal_pcd.o
                0x08006a96                HAL_PCD_EP_GetRxCount
 .text.HAL_PCD_EP_Transmit
                0x08006ac6       0x74 ./Drivers/STM32F4xx_HAL_Driver/Src/stm32f4xx_hal_pcd.o
                0x08006ac6                HAL_PCD_EP_Transmit
 .text.HAL_PCD_EP_SetStall
                0x08006b3a       0xc6 ./Drivers/STM32F4xx_HAL_Driver/Src/stm32f4xx_hal_pcd.o
                0x08006b3a                HAL_PCD_EP_SetStall
 .text.HAL_PCD_EP_ClrStall
                0x08006c00       0xac ./Drivers/STM32F4xx_HAL_Driver/Src/stm32f4xx_hal_pcd.o
                0x08006c00                HAL_PCD_EP_ClrStall
 .text.HAL_PCD_EP_Abort
                0x08006cac       0x62 ./Drivers/STM32F4xx_HAL_Driver/Src/stm32f4xx_hal_pcd.o
                0x08006cac                HAL_PCD_EP_Abort
 .text.PCD_WriteEmptyTxFifo
                0x08006d0e      0x118 ./Drivers/STM32F4xx_HAL_Driver/Src/stm32f4xx_hal_pcd.o
 *fill*         0x08006e26        0x2 
 .text.PCD_EP_OutXfrComplete_int
                0x08006e28      0x1d0 ./Drivers/STM32F4xx_HAL_Driver/Src/stm32f4xx_hal_pcd.o
 .text.PCD_EP_OutSetupPacket_int
                0x08006ff8       0x8c ./Drivers/STM32F4xx_HAL_Driver/Src/stm32f4xx_hal_pcd.o
 .text.HAL_PCDEx_SetTxFiFo
                0x08007084       0x8e ./Drivers/STM32F4xx_HAL_Driver/Src/stm32f4xx_hal_pcd_ex.o
                0x08007084                HAL_PCDEx_SetTxFiFo
 .text.HAL_PCDEx_SetRxFiFo
                0x08007112       0x22 ./Drivers/STM32F4xx_HAL_Driver/Src/stm32f4xx_hal_pcd_ex.o
                0x08007112                HAL_PCDEx_SetRxFiFo
 .text.HAL_PCDEx_LPM_Callback
                0x08007134       0x18 ./Drivers/STM32F4xx_HAL_Driver/Src/stm32f4xx_hal_pcd_ex.o
                0x08007134                HAL_PCDEx_LPM_Callback
 .text.HAL_RCC_OscConfig
                0x0800714c      0x4f0 ./Drivers/STM32F4xx_HAL_Driver/Src/stm32f4xx_hal_rcc.o
                0x0800714c                HAL_RCC_OscConfig
 .text.HAL_RCC_ClockConfig
                0x0800763c      0x1cc ./Drivers/STM32F4xx_HAL_Driver/Src/stm32f4xx_hal_rcc.o
                0x0800763c                HAL_RCC_ClockConfig
 .text.HAL_RCC_GetSysClockFreq
                0x08007808      0x188 ./Drivers/STM32F4xx_HAL_Driver/Src/stm32f4xx_hal_rcc.o
                0x08007808                HAL_RCC_GetSysClockFreq
 .text.HAL_RCC_GetHCLKFreq
                0x08007990       0x18 ./Drivers/STM32F4xx_HAL_Driver/Src/stm32f4xx_hal_rcc.o
                0x08007990                HAL_RCC_GetHCLKFreq
 .text.HAL_SPI_Init
                0x080079a8      0x112 ./Drivers/STM32F4xx_HAL_Driver/Src/stm32f4xx_hal_spi.o
                0x080079a8                HAL_SPI_Init
 .text.HAL_SPI_Transmit
                0x08007aba      0x288 ./Drivers/STM32F4xx_HAL_Driver/Src/stm32f4xx_hal_spi.o
                0x08007aba                HAL_SPI_Transmit
 .text.HAL_SPI_Receive
                0x08007d42      0x232 ./Drivers/STM32F4xx_HAL_Driver/Src/stm32f4xx_hal_spi.o
                0x08007d42                HAL_SPI_Receive
 .text.HAL_SPI_TransmitReceive
                0x08007f74      0x352 ./Drivers/STM32F4xx_HAL_Driver/Src/stm32f4xx_hal_spi.o
                0x08007f74                HAL_SPI_TransmitReceive
 *fill*         0x080082c6        0x2 
 .text.SPI_WaitFlagStateUntilTimeout
                0x080082c8      0x110 ./Drivers/STM32F4xx_HAL_Driver/Src/stm32f4xx_hal_spi.o
 .text.SPI_EndRxTransaction
                0x080083d8       0xca ./Drivers/STM32F4xx_HAL_Driver/Src/stm32f4xx_hal_spi.o
 *fill*         0x080084a2        0x2 
 .text.SPI_EndRxTxTransaction
                0x080084a4       0xa8 ./Drivers/STM32F4xx_HAL_Driver/Src/stm32f4xx_hal_spi.o
 .text.USB_CoreInit
                0x0800854c       0xc8 ./Drivers/STM32F4xx_HAL_Driver/Src/stm32f4xx_ll_usb.o
                0x0800854c                USB_CoreInit
 .text.USB_SetTurnaroundTime
                0x08008614      0x144 ./Drivers/STM32F4xx_HAL_Driver/Src/stm32f4xx_ll_usb.o
                0x08008614                USB_SetTurnaroundTime
 .text.USB_EnableGlobalInt
                0x08008758       0x22 ./Drivers/STM32F4xx_HAL_Driver/Src/stm32f4xx_ll_usb.o
                0x08008758                USB_EnableGlobalInt
 .text.USB_DisableGlobalInt
                0x0800877a       0x22 ./Drivers/STM32F4xx_HAL_Driver/Src/stm32f4xx_ll_usb.o
                0x0800877a                USB_DisableGlobalInt
 .text.USB_SetCurrentMode
                0x0800879c       0x98 ./Drivers/STM32F4xx_HAL_Driver/Src/stm32f4xx_ll_usb.o
                0x0800879c                USB_SetCurrentMode
 .text.USB_DevInit
                0x08008834      0x2c8 ./Drivers/STM32F4xx_HAL_Driver/Src/stm32f4xx_ll_usb.o
                0x08008834                USB_DevInit
 .text.USB_FlushTxFifo
                0x08008afc       0x64 ./Drivers/STM32F4xx_HAL_Driver/Src/stm32f4xx_ll_usb.o
                0x08008afc                USB_FlushTxFifo
 .text.USB_FlushRxFifo
                0x08008b60       0x5c ./Drivers/STM32F4xx_HAL_Driver/Src/stm32f4xx_ll_usb.o
                0x08008b60                USB_FlushRxFifo
 .text.USB_SetDevSpeed
                0x08008bbc       0x32 ./Drivers/STM32F4xx_HAL_Driver/Src/stm32f4xx_ll_usb.o
                0x08008bbc                USB_SetDevSpeed
 .text.USB_GetDevSpeed
                0x08008bee       0x4a ./Drivers/STM32F4xx_HAL_Driver/Src/stm32f4xx_ll_usb.o
                0x08008bee                USB_GetDevSpeed
 .text.USB_ActivateEndpoint
                0x08008c38      0x10e ./Drivers/STM32F4xx_HAL_Driver/Src/stm32f4xx_ll_usb.o
                0x08008c38                USB_ActivateEndpoint
 *fill*         0x08008d46        0x2 
 .text.USB_DeactivateEndpoint
                0x08008d48      0x1b8 ./Drivers/STM32F4xx_HAL_Driver/Src/stm32f4xx_ll_usb.o
                0x08008d48                USB_DeactivateEndpoint
 .text.USB_EPStartXfer
                0x08008f00      0x53c ./Drivers/STM32F4xx_HAL_Driver/Src/stm32f4xx_ll_usb.o
                0x08008f00                USB_EPStartXfer
 .text.USB_EPStopXfer
                0x0800943c      0x154 ./Drivers/STM32F4xx_HAL_Driver/Src/stm32f4xx_ll_usb.o
                0x0800943c                USB_EPStopXfer
 .text.USB_WritePacket
                0x08009590       0x7c ./Drivers/STM32F4xx_HAL_Driver/Src/stm32f4xx_ll_usb.o
                0x08009590                USB_WritePacket
 .text.USB_ReadPacket
                0x0800960c       0xb0 ./Drivers/STM32F4xx_HAL_Driver/Src/stm32f4xx_ll_usb.o
                0x0800960c                USB_ReadPacket
 .text.USB_EPSetStall
                0x080096bc       0xdc ./Drivers/STM32F4xx_HAL_Driver/Src/stm32f4xx_ll_usb.o
                0x080096bc                USB_EPSetStall
 .text.USB_EPClearStall
                0x08009798       0xcc ./Drivers/STM32F4xx_HAL_Driver/Src/stm32f4xx_ll_usb.o
                0x08009798                USB_EPClearStall
 .text.USB_SetDevAddress
                0x08009864       0x4c ./Drivers/STM32F4xx_HAL_Driver/Src/stm32f4xx_ll_usb.o
                0x08009864                USB_SetDevAddress
 .text.USB_DevConnect
                0x080098b0       0x42 ./Drivers/STM32F4xx_HAL_Driver/Src/stm32f4xx_ll_usb.o
                0x080098b0                USB_DevConnect
 .text.USB_DevDisconnect
                0x080098f2       0x42 ./Drivers/STM32F4xx_HAL_Driver/Src/stm32f4xx_ll_usb.o
                0x080098f2                USB_DevDisconnect
 .text.USB_ReadInterrupts
                0x08009934       0x26 ./Drivers/STM32F4xx_HAL_Driver/Src/stm32f4xx_ll_usb.o
                0x08009934                USB_ReadInterrupts
 .text.USB_ReadDevAllOutEpInterrupt
                0x0800995a       0x34 ./Drivers/STM32F4xx_HAL_Driver/Src/stm32f4xx_ll_usb.o
                0x0800995a                USB_ReadDevAllOutEpInterrupt
 .text.USB_ReadDevAllInEpInterrupt
                0x0800998e       0x34 ./Drivers/STM32F4xx_HAL_Driver/Src/stm32f4xx_ll_usb.o
                0x0800998e                USB_ReadDevAllInEpInterrupt
 .text.USB_ReadDevOutEPInterrupt
                0x080099c2       0x3c ./Drivers/STM32F4xx_HAL_Driver/Src/stm32f4xx_ll_usb.o
                0x080099c2                USB_ReadDevOutEPInterrupt
 .text.USB_ReadDevInEPInterrupt
                0x080099fe       0x5c ./Drivers/STM32F4xx_HAL_Driver/Src/stm32f4xx_ll_usb.o
                0x080099fe                USB_ReadDevInEPInterrupt
 .text.USB_GetMode
                0x08009a5a       0x1c ./Drivers/STM32F4xx_HAL_Driver/Src/stm32f4xx_ll_usb.o
                0x08009a5a                USB_GetMode
 .text.USB_ActivateSetup
                0x08009a76       0x46 ./Drivers/STM32F4xx_HAL_Driver/Src/stm32f4xx_ll_usb.o
                0x08009a76                USB_ActivateSetup
 .text.USB_EP0_OutStart
                0x08009abc       0xbc ./Drivers/STM32F4xx_HAL_Driver/Src/stm32f4xx_ll_usb.o
                0x08009abc                USB_EP0_OutStart
 .text.USB_CoreReset
                0x08009b78       0x70 ./Drivers/STM32F4xx_HAL_Driver/Src/stm32f4xx_ll_usb.o
 .text.USBD_CDC_Init
                0x08009be8      0x1f0 ./Middlewares/ST/STM32_USB_Device_Library/Class/CDC/Src/usbd_cdc.o
 .text.USBD_CDC_DeInit
                0x08009dd8      0x104 ./Middlewares/ST/STM32_USB_Device_Library/Class/CDC/Src/usbd_cdc.o
 .text.USBD_CDC_Setup
                0x08009edc      0x1b8 ./Middlewares/ST/STM32_USB_Device_Library/Class/CDC/Src/usbd_cdc.o
 .text.USBD_CDC_DataIn
                0x0800a094       0xfe ./Middlewares/ST/STM32_USB_Device_Library/Class/CDC/Src/usbd_cdc.o
 .text.USBD_CDC_DataOut
                0x0800a192       0x70 ./Middlewares/ST/STM32_USB_Device_Library/Class/CDC/Src/usbd_cdc.o
 .text.USBD_CDC_EP0_RxReady
                0x0800a202       0x74 ./Middlewares/ST/STM32_USB_Device_Library/Class/CDC/Src/usbd_cdc.o
 *fill*         0x0800a276        0x2 
 .text.USBD_CDC_GetFSCfgDesc
                0x0800a278       0x70 ./Middlewares/ST/STM32_USB_Device_Library/Class/CDC/Src/usbd_cdc.o
 .text.USBD_CDC_GetHSCfgDesc
                0x0800a2e8       0x70 ./Middlewares/ST/STM32_USB_Device_Library/Class/CDC/Src/usbd_cdc.o
 .text.USBD_CDC_GetOtherSpeedCfgDesc
                0x0800a358       0x70 ./Middlewares/ST/STM32_USB_Device_Library/Class/CDC/Src/usbd_cdc.o
 .text.USBD_CDC_GetDeviceQualifierDescriptor
                0x0800a3c8       0x20 ./Middlewares/ST/STM32_USB_Device_Library/Class/CDC/Src/usbd_cdc.o
                0x0800a3c8                USBD_CDC_GetDeviceQualifierDescriptor
 .text.USBD_CDC_RegisterInterface
                0x0800a3e8       0x34 ./Middlewares/ST/STM32_USB_Device_Library/Class/CDC/Src/usbd_cdc.o
                0x0800a3e8                USBD_CDC_RegisterInterface
 .text.USBD_CDC_SetTxBuffer
                0x0800a41c       0x44 ./Middlewares/ST/STM32_USB_Device_Library/Class/CDC/Src/usbd_cdc.o
                0x0800a41c                USBD_CDC_SetTxBuffer
 .text.USBD_CDC_SetRxBuffer
                0x0800a460       0x3a ./Middlewares/ST/STM32_USB_Device_Library/Class/CDC/Src/usbd_cdc.o
                0x0800a460                USBD_CDC_SetRxBuffer
 *fill*         0x0800a49a        0x2 
 .text.USBD_CDC_TransmitPacket
                0x0800a49c       0x80 ./Middlewares/ST/STM32_USB_Device_Library/Class/CDC/Src/usbd_cdc.o
                0x0800a49c                USBD_CDC_TransmitPacket
 .text.USBD_CDC_ReceivePacket
                0x0800a51c       0x6c ./Middlewares/ST/STM32_USB_Device_Library/Class/CDC/Src/usbd_cdc.o
                0x0800a51c                USBD_CDC_ReceivePacket
 .text.USBD_Init
                0x0800a588       0x60 ./Middlewares/ST/STM32_USB_Device_Library/Core/Src/usbd_core.o
                0x0800a588                USBD_Init
 .text.USBD_RegisterClass
                0x0800a5e8       0x6c ./Middlewares/ST/STM32_USB_Device_Library/Core/Src/usbd_core.o
                0x0800a5e8                USBD_RegisterClass
 .text.USBD_Start
                0x0800a654       0x18 ./Middlewares/ST/STM32_USB_Device_Library/Core/Src/usbd_core.o
                0x0800a654                USBD_Start
 .text.USBD_RunTestMode
                0x0800a66c       0x16 ./Middlewares/ST/STM32_USB_Device_Library/Core/Src/usbd_core.o
                0x0800a66c                USBD_RunTestMode
 .text.USBD_SetClassConfig
                0x0800a682       0x38 ./Middlewares/ST/STM32_USB_Device_Library/Core/Src/usbd_core.o
                0x0800a682                USBD_SetClassConfig
 .text.USBD_ClrClassConfig
                0x0800a6ba       0x34 ./Middlewares/ST/STM32_USB_Device_Library/Core/Src/usbd_core.o
                0x0800a6ba                USBD_ClrClassConfig
 .text.USBD_LL_SetupStage
                0x0800a6ee       0xaa ./Middlewares/ST/STM32_USB_Device_Library/Core/Src/usbd_core.o
                0x0800a6ee                USBD_LL_SetupStage
 .text.USBD_LL_DataOutStage
                0x0800a798      0x178 ./Middlewares/ST/STM32_USB_Device_Library/Core/Src/usbd_core.o
                0x0800a798                USBD_LL_DataOutStage
 .text.USBD_LL_DataInStage
                0x0800a910      0x176 ./Middlewares/ST/STM32_USB_Device_Library/Core/Src/usbd_core.o
                0x0800a910                USBD_LL_DataInStage
 .text.USBD_LL_Reset
                0x0800aa86       0xa6 ./Middlewares/ST/STM32_USB_Device_Library/Core/Src/usbd_core.o
                0x0800aa86                USBD_LL_Reset
 .text.USBD_LL_SetSpeed
                0x0800ab2c       0x20 ./Middlewares/ST/STM32_USB_Device_Library/Core/Src/usbd_core.o
                0x0800ab2c                USBD_LL_SetSpeed
 .text.USBD_LL_Suspend
                0x0800ab4c       0x38 ./Middlewares/ST/STM32_USB_Device_Library/Core/Src/usbd_core.o
                0x0800ab4c                USBD_LL_Suspend
 .text.USBD_LL_Resume
                0x0800ab84       0x30 ./Middlewares/ST/STM32_USB_Device_Library/Core/Src/usbd_core.o
                0x0800ab84                USBD_LL_Resume
 .text.USBD_LL_SOF
                0x0800abb4       0x40 ./Middlewares/ST/STM32_USB_Device_Library/Core/Src/usbd_core.o
                0x0800abb4                USBD_LL_SOF
 .text.USBD_LL_IsoINIncomplete
                0x0800abf4       0x64 ./Middlewares/ST/STM32_USB_Device_Library/Core/Src/usbd_core.o
                0x0800abf4                USBD_LL_IsoINIncomplete
 .text.USBD_LL_IsoOUTIncomplete
                0x0800ac58       0x64 ./Middlewares/ST/STM32_USB_Device_Library/Core/Src/usbd_core.o
                0x0800ac58                USBD_LL_IsoOUTIncomplete
 .text.USBD_LL_DevConnected
                0x0800acbc       0x16 ./Middlewares/ST/STM32_USB_Device_Library/Core/Src/usbd_core.o
                0x0800acbc                USBD_LL_DevConnected
 .text.USBD_LL_DevDisconnected
                0x0800acd2       0x46 ./Middlewares/ST/STM32_USB_Device_Library/Core/Src/usbd_core.o
                0x0800acd2                USBD_LL_DevDisconnected
 .text.USBD_CoreFindIF
                0x0800ad18       0x1a ./Middlewares/ST/STM32_USB_Device_Library/Core/Src/usbd_core.o
                0x0800ad18                USBD_CoreFindIF
 .text.USBD_CoreFindEP
                0x0800ad32       0x1a ./Middlewares/ST/STM32_USB_Device_Library/Core/Src/usbd_core.o
                0x0800ad32                USBD_CoreFindEP
 .text.USBD_GetEpDesc
                0x0800ad4c       0x70 ./Middlewares/ST/STM32_USB_Device_Library/Core/Src/usbd_core.o
                0x0800ad4c                USBD_GetEpDesc
 .text.USBD_GetNextDesc
                0x0800adbc       0x38 ./Middlewares/ST/STM32_USB_Device_Library/Core/Src/usbd_core.o
                0x0800adbc                USBD_GetNextDesc
 .text.SWAPBYTE
                0x0800adf4       0x3e ./Middlewares/ST/STM32_USB_Device_Library/Core/Src/usbd_ctlreq.o
 *fill*         0x0800ae32        0x2 
 .text.USBD_StdDevReq
                0x0800ae34       0xe4 ./Middlewares/ST/STM32_USB_Device_Library/Core/Src/usbd_ctlreq.o
                0x0800ae34                USBD_StdDevReq
 .text.USBD_StdItfReq
                0x0800af18       0xd8 ./Middlewares/ST/STM32_USB_Device_Library/Core/Src/usbd_ctlreq.o
                0x0800af18                USBD_StdItfReq
 .text.USBD_StdEPReq
                0x0800aff0      0x33e ./Middlewares/ST/STM32_USB_Device_Library/Core/Src/usbd_ctlreq.o
                0x0800aff0                USBD_StdEPReq
 *fill*         0x0800b32e        0x2 
 .text.USBD_GetDescriptor
                0x0800b330      0x2d4 ./Middlewares/ST/STM32_USB_Device_Library/Core/Src/usbd_ctlreq.o
 .text.USBD_SetAddress
                0x0800b604       0x88 ./Middlewares/ST/STM32_USB_Device_Library/Core/Src/usbd_ctlreq.o
 .text.USBD_SetConfig
                0x0800b68c      0x154 ./Middlewares/ST/STM32_USB_Device_Library/Core/Src/usbd_ctlreq.o
 .text.USBD_GetConfig
                0x0800b7e0       0x6c ./Middlewares/ST/STM32_USB_Device_Library/Core/Src/usbd_ctlreq.o
 .text.USBD_GetStatus
                0x0800b84c       0x68 ./Middlewares/ST/STM32_USB_Device_Library/Core/Src/usbd_ctlreq.o
 .text.USBD_SetFeature
                0x0800b8b4       0x52 ./Middlewares/ST/STM32_USB_Device_Library/Core/Src/usbd_ctlreq.o
 .text.USBD_ClrFeature
                0x0800b906       0x44 ./Middlewares/ST/STM32_USB_Device_Library/Core/Src/usbd_ctlreq.o
 .text.USBD_ParseSetupRequest
                0x0800b94a       0x74 ./Middlewares/ST/STM32_USB_Device_Library/Core/Src/usbd_ctlreq.o
                0x0800b94a                USBD_ParseSetupRequest
 .text.USBD_CtlError
                0x0800b9be       0x22 ./Middlewares/ST/STM32_USB_Device_Library/Core/Src/usbd_ctlreq.o
                0x0800b9be                USBD_CtlError
 .text.USBD_GetString
                0x0800b9e0       0xa4 ./Middlewares/ST/STM32_USB_Device_Library/Core/Src/usbd_ctlreq.o
                0x0800b9e0                USBD_GetString
 .text.USBD_GetLen
                0x0800ba84       0x34 ./Middlewares/ST/STM32_USB_Device_Library/Core/Src/usbd_ctlreq.o
 .text.USBD_CtlSendData
                0x0800bab8       0x3c ./Middlewares/ST/STM32_USB_Device_Library/Core/Src/usbd_ioreq.o
                0x0800bab8                USBD_CtlSendData
 .text.USBD_CtlContinueSendData
                0x0800baf4       0x22 ./Middlewares/ST/STM32_USB_Device_Library/Core/Src/usbd_ioreq.o
                0x0800baf4                USBD_CtlContinueSendData
 .text.USBD_CtlPrepareRx
                0x0800bb16       0x42 ./Middlewares/ST/STM32_USB_Device_Library/Core/Src/usbd_ioreq.o
                0x0800bb16                USBD_CtlPrepareRx
 .text.USBD_CtlContinueRx
                0x0800bb58       0x22 ./Middlewares/ST/STM32_USB_Device_Library/Core/Src/usbd_ioreq.o
                0x0800bb58                USBD_CtlContinueRx
 .text.USBD_CtlSendStatus
                0x0800bb7a       0x26 ./Middlewares/ST/STM32_USB_Device_Library/Core/Src/usbd_ioreq.o
                0x0800bb7a                USBD_CtlSendStatus
 .text.USBD_CtlReceiveStatus
                0x0800bba0       0x26 ./Middlewares/ST/STM32_USB_Device_Library/Core/Src/usbd_ioreq.o
                0x0800bba0                USBD_CtlReceiveStatus
 *fill*         0x0800bbc6        0x2 
 .text.MX_USB_DEVICE_Init
                0x0800bbc8       0x60 ./USB_DEVICE/App/usb_device.o
                0x0800bbc8                MX_USB_DEVICE_Init
 .text.CDC_Init_FS
                0x0800bc28       0x28 ./USB_DEVICE/App/usbd_cdc_if.o
 .text.CDC_DeInit_FS
                0x0800bc50       0x10 ./USB_DEVICE/App/usbd_cdc_if.o
 .text.CDC_Control_FS
                0x0800bc60       0xbc ./USB_DEVICE/App/usbd_cdc_if.o
 .text.CDC_Receive_FS
                0x0800bd1c       0x28 ./USB_DEVICE/App/usbd_cdc_if.o
 .text.CDC_Transmit_FS
                0x0800bd44       0x4c ./USB_DEVICE/App/usbd_cdc_if.o
                0x0800bd44                CDC_Transmit_FS
 .text.CDC_TransmitCplt_FS
                0x0800bd90       0x22 ./USB_DEVICE/App/usbd_cdc_if.o
 *fill*         0x0800bdb2        0x2 
 .text.USBD_FS_DeviceDescriptor
                0x0800bdb4       0x24 ./USB_DEVICE/App/usbd_desc.o
                0x0800bdb4                USBD_FS_DeviceDescriptor
 .text.USBD_FS_LangIDStrDescriptor
                0x0800bdd8       0x24 ./USB_DEVICE/App/usbd_desc.o
                0x0800bdd8                USBD_FS_LangIDStrDescriptor
 .text.USBD_FS_ProductStrDescriptor
                0x0800bdfc       0x3c ./USB_DEVICE/App/usbd_desc.o
                0x0800bdfc                USBD_FS_ProductStrDescriptor
 .text.USBD_FS_ManufacturerStrDescriptor
                0x0800be38       0x28 ./USB_DEVICE/App/usbd_desc.o
                0x0800be38                USBD_FS_ManufacturerStrDescriptor
 .text.USBD_FS_SerialStrDescriptor
                0x0800be60       0x24 ./USB_DEVICE/App/usbd_desc.o
                0x0800be60                USBD_FS_SerialStrDescriptor
 .text.USBD_FS_ConfigStrDescriptor
                0x0800be84       0x3c ./USB_DEVICE/App/usbd_desc.o
                0x0800be84                USBD_FS_ConfigStrDescriptor
 .text.USBD_FS_InterfaceStrDescriptor
                0x0800bec0       0x3c ./USB_DEVICE/App/usbd_desc.o
                0x0800bec0                USBD_FS_InterfaceStrDescriptor
 .text.Get_SerialNum
                0x0800befc       0x58 ./USB_DEVICE/App/usbd_desc.o
 .text.IntToUnicode
                0x0800bf54       0x7e ./USB_DEVICE/App/usbd_desc.o
 *fill*         0x0800bfd2        0x2 
 .text.HAL_PCD_MspInit
                0x0800bfd4       0xa8 ./USB_DEVICE/Target/usbd_conf.o
                0x0800bfd4                HAL_PCD_MspInit
 .text.HAL_PCD_SetupStageCallback
                0x0800c07c       0x24 ./USB_DEVICE/Target/usbd_conf.o
                0x0800c07c                HAL_PCD_SetupStageCallback
 .text.HAL_PCD_DataOutStageCallback
                0x0800c0a0       0x36 ./USB_DEVICE/Target/usbd_conf.o
                0x0800c0a0                HAL_PCD_DataOutStageCallback
 .text.HAL_PCD_DataInStageCallback
                0x0800c0d6       0x34 ./USB_DEVICE/Target/usbd_conf.o
                0x0800c0d6                HAL_PCD_DataInStageCallback
 .text.HAL_PCD_SOFCallback
                0x0800c10a       0x1c ./USB_DEVICE/Target/usbd_conf.o
                0x0800c10a                HAL_PCD_SOFCallback
 .text.HAL_PCD_ResetCallback
                0x0800c126       0x3c ./USB_DEVICE/Target/usbd_conf.o
                0x0800c126                HAL_PCD_ResetCallback
 *fill*         0x0800c162        0x2 
 .text.HAL_PCD_SuspendCallback
                0x0800c164       0x4c ./USB_DEVICE/Target/usbd_conf.o
                0x0800c164                HAL_PCD_SuspendCallback
 .text.HAL_PCD_ResumeCallback
                0x0800c1b0       0x1c ./USB_DEVICE/Target/usbd_conf.o
                0x0800c1b0                HAL_PCD_ResumeCallback
 .text.HAL_PCD_ISOOUTIncompleteCallback
                0x0800c1cc       0x24 ./USB_DEVICE/Target/usbd_conf.o
                0x0800c1cc                HAL_PCD_ISOOUTIncompleteCallback
 .text.HAL_PCD_ISOINIncompleteCallback
                0x0800c1f0       0x24 ./USB_DEVICE/Target/usbd_conf.o
                0x0800c1f0                HAL_PCD_ISOINIncompleteCallback
 .text.HAL_PCD_ConnectCallback
                0x0800c214       0x1c ./USB_DEVICE/Target/usbd_conf.o
                0x0800c214                HAL_PCD_ConnectCallback
 .text.HAL_PCD_DisconnectCallback
                0x0800c230       0x1c ./USB_DEVICE/Target/usbd_conf.o
                0x0800c230                HAL_PCD_DisconnectCallback
 .text.USBD_LL_Init
                0x0800c24c       0x98 ./USB_DEVICE/Target/usbd_conf.o
                0x0800c24c                USBD_LL_Init
 .text.USBD_LL_Start
                0x0800c2e4       0x36 ./USB_DEVICE/Target/usbd_conf.o
                0x0800c2e4                USBD_LL_Start
 .text.USBD_LL_OpenEP
                0x0800c31a       0x4c ./USB_DEVICE/Target/usbd_conf.o
                0x0800c31a                USBD_LL_OpenEP
 .text.USBD_LL_CloseEP
                0x0800c366       0x3e ./USB_DEVICE/Target/usbd_conf.o
                0x0800c366                USBD_LL_CloseEP
 .text.USBD_LL_StallEP
                0x0800c3a4       0x3e ./USB_DEVICE/Target/usbd_conf.o
                0x0800c3a4                USBD_LL_StallEP
 .text.USBD_LL_ClearStallEP
                0x0800c3e2       0x3e ./USB_DEVICE/Target/usbd_conf.o
                0x0800c3e2                USBD_LL_ClearStallEP
 .text.USBD_LL_IsStallEP
                0x0800c420       0x58 ./USB_DEVICE/Target/usbd_conf.o
                0x0800c420                USBD_LL_IsStallEP
 .text.USBD_LL_SetUSBAddress
                0x0800c478       0x3e ./USB_DEVICE/Target/usbd_conf.o
                0x0800c478                USBD_LL_SetUSBAddress
 .text.USBD_LL_Transmit
                0x0800c4b6       0x42 ./USB_DEVICE/Target/usbd_conf.o
                0x0800c4b6                USBD_LL_Transmit
 .text.USBD_LL_PrepareReceive
                0x0800c4f8       0x42 ./USB_DEVICE/Target/usbd_conf.o
                0x0800c4f8                USBD_LL_PrepareReceive
 .text.USBD_LL_GetRxDataSize
                0x0800c53a       0x26 ./USB_DEVICE/Target/usbd_conf.o
                0x0800c53a                USBD_LL_GetRxDataSize
 .text.USBD_static_malloc
                0x0800c560       0x1c ./USB_DEVICE/Target/usbd_conf.o
                0x0800c560                USBD_static_malloc
 .text.USBD_static_free
                0x0800c57c       0x14 ./USB_DEVICE/Target/usbd_conf.o
                0x0800c57c                USBD_static_free
 .text.USBD_Get_USB_Status
                0x0800c590       0x58 ./USB_DEVICE/Target/usbd_conf.o
                0x0800c590                USBD_Get_USB_Status
 .text.snprintf
                0x0800c5e8       0x6c /opt/st/stm32cubeide_2.1.1/plugins/com.st.stm32cube.ide.mcu.externaltools.gnu-tools-for-stm32.14.3.rel1.linux64_1.0.100.202602081740/tools/bin/../lib/gcc/arm-none-eabi/14.3.1/../../../../arm-none-eabi/lib/thumb/v7e-m+fp/hard/libc_nano.a(libc_a-snprintf.o)
                0x0800c5e8                snprintf
                0x0800c5e8                sniprintf
 .text.memset   0x0800c654       0x10 /opt/st/stm32cubeide_2.1.1/plugins/com.st.stm32cube.ide.mcu.externaltools.gnu-tools-for-stm32.14.3.rel1.linux64_1.0.100.202602081740/tools/bin/../lib/gcc/arm-none-eabi/14.3.1/../../../../arm-none-eabi/lib/thumb/v7e-m+fp/hard/libc_nano.a(libc_a-memset.o)
                0x0800c654                memset
 .text.__errno  0x0800c664        0xc /opt/st/stm32cubeide_2.1.1/plugins/com.st.stm32cube.ide.mcu.externaltools.gnu-tools-for-stm32.14.3.rel1.linux64_1.0.100.202602081740/tools/bin/../lib/gcc/arm-none-eabi/14.3.1/../../../../arm-none-eabi/lib/thumb/v7e-m+fp/hard/libc_nano.a(libc_a-errno.o)
                0x0800c664                __errno
 .text.__libc_init_array
                0x0800c670       0x48 /opt/st/stm32cubeide_2.1.1/plugins/com.st.stm32cube.ide.mcu.externaltools.gnu-tools-for-stm32.14.3.rel1.linux64_1.0.100.202602081740/tools/bin/../lib/gcc/arm-none-eabi/14.3.1/../../../../arm-none-eabi/lib/thumb/v7e-m+fp/hard/libc_nano.a(libc_a-init.o)
                0x0800c670                __libc_init_array
 .text.__retarget_lock_acquire_recursive
                0x0800c6b8        0x2 /opt/st/stm32cubeide_2.1.1/plugins/com.st.stm32cube.ide.mcu.externaltools.gnu-tools-for-stm32.14.3.rel1.linux64_1.0.100.202602081740/tools/bin/../lib/gcc/arm-none-eabi/14.3.1/../../../../arm-none-eabi/lib/thumb/v7e-m+fp/hard/libc_nano.a(libc_a-lock.o)
                0x0800c6b8                __retarget_lock_acquire_recursive
 .text.__retarget_lock_release_recursive
                0x0800c6ba        0x2 /opt/st/stm32cubeide_2.1.1/plugins/com.st.stm32cube.ide.mcu.externaltools.gnu-tools-for-stm32.14.3.rel1.linux64_1.0.100.202602081740/tools/bin/../lib/gcc/arm-none-eabi/14.3.1/../../../../arm-none-eabi/lib/thumb/v7e-m+fp/hard/libc_nano.a(libc_a-lock.o)
                0x0800c6ba                __retarget_lock_release_recursive
 .text.memcpy   0x0800c6bc       0x1c /opt/st/stm32cubeide_2.1.1/plugins/com.st.stm32cube.ide.mcu.externaltools.gnu-tools-for-stm32.14.3.rel1.linux64_1.0.100.202602081740/tools/bin/../lib/gcc/arm-none-eabi/14.3.1/../../../../arm-none-eabi/lib/thumb/v7e-m+fp/hard/libc_nano.a(libc_a-memcpy-stub.o)
                0x0800c6bc                memcpy
 .text._free_r  0x0800c6d8       0x94 /opt/st/stm32cubeide_2.1.1/plugins/com.st.stm32cube.ide.mcu.externaltools.gnu-tools-for-stm32.14.3.rel1.linux64_1.0.100.202602081740/tools/bin/../lib/gcc/arm-none-eabi/14.3.1/../../../../arm-none-eabi/lib/thumb/v7e-m+fp/hard/libc_nano.a(libc_a-freer.o)
                0x0800c6d8                _free_r
 .text.sbrk_aligned
                0x0800c76c       0x44 /opt/st/stm32cubeide_2.1.1/plugins/com.st.stm32cube.ide.mcu.externaltools.gnu-tools-for-stm32.14.3.rel1.linux64_1.0.100.202602081740/tools/bin/../lib/gcc/arm-none-eabi/14.3.1/../../../../arm-none-eabi/lib/thumb/v7e-m+fp/hard/libc_nano.a(libc_a-mallocr.o)
 .text._malloc_r
                0x0800c7b0      0x100 /opt/st/stm32cubeide_2.1.1/plugins/com.st.stm32cube.ide.mcu.externaltools.gnu-tools-for-stm32.14.3.rel1.linux64_1.0.100.202602081740/tools/bin/../lib/gcc/arm-none-eabi/14.3.1/../../../../arm-none-eabi/lib/thumb/v7e-m+fp/hard/libc_nano.a(libc_a-mallocr.o)
                0x0800c7b0                _malloc_r
 .text.__malloc_lock
                0x0800c8b0        0xc /opt/st/stm32cubeide_2.1.1/plugins/com.st.stm32cube.ide.mcu.externaltools.gnu-tools-for-stm32.14.3.rel1.linux64_1.0.100.202602081740/tools/bin/../lib/gcc/arm-none-eabi/14.3.1/../../../../arm-none-eabi/lib/thumb/v7e-m+fp/hard/libc_nano.a(libc_a-mlock.o)
                0x0800c8b0                __malloc_lock
 .text.__malloc_unlock
                0x0800c8bc        0xc /opt/st/stm32cubeide_2.1.1/plugins/com.st.stm32cube.ide.mcu.externaltools.gnu-tools-for-stm32.14.3.rel1.linux64_1.0.100.202602081740/tools/bin/../lib/gcc/arm-none-eabi/14.3.1/../../../../arm-none-eabi/lib/thumb/v7e-m+fp/hard/libc_nano.a(libc_a-mlock.o)
                0x0800c8bc                __malloc_unlock
 .text.__ssputs_r
                0x0800c8c8       0xc0 /opt/st/stm32cubeide_2.1.1/plugins/com.st.stm32cube.ide.mcu.externaltools.gnu-tools-for-stm32.14.3.rel1.linux64_1.0.100.202602081740/tools/bin/../lib/gcc/arm-none-eabi/14.3.1/../../../../arm-none-eabi/lib/thumb/v7e-m+fp/hard/libc_nano.a(libc_a-nano-svfprintf.o)
                0x0800c8c8                __ssputs_r
 .text._svfprintf_r
                0x0800c988      0x1f0 /opt/st/stm32cubeide_2.1.1/plugins/com.st.stm32cube.ide.mcu.externaltools.gnu-tools-for-stm32.14.3.rel1.linux64_1.0.100.202602081740/tools/bin/../lib/gcc/arm-none-eabi/14.3.1/../../../../arm-none-eabi/lib/thumb/v7e-m+fp/hard/libc_nano.a(libc_a-nano-svfprintf.o)
                0x0800c988                _svfprintf_r
                0x0800c988                _svfiprintf_r
 .text._printf_common
                0x0800cb78       0xda /opt/st/stm32cubeide_2.1.1/plugins/com.st.stm32cube.ide.mcu.externaltools.gnu-tools-for-stm32.14.3.rel1.linux64_1.0.100.202602081740/tools/bin/../lib/gcc/arm-none-eabi/14.3.1/../../../../arm-none-eabi/lib/thumb/v7e-m+fp/hard/libc_nano.a(libc_a-nano-vfprintf_i.o)
                0x0800cb78                _printf_common
 *fill*         0x0800cc52        0x2 
 .text._printf_i
                0x0800cc54      0x24c /opt/st/stm32cubeide_2.1.1/plugins/com.st.stm32cube.ide.mcu.externaltools.gnu-tools-for-stm32.14.3.rel1.linux64_1.0.100.202602081740/tools/bin/../lib/gcc/arm-none-eabi/14.3.1/../../../../arm-none-eabi/lib/thumb/v7e-m+fp/hard/libc_nano.a(libc_a-nano-vfprintf_i.o)
                0x0800cc54                _printf_i
 .text.memmove  0x0800cea0       0x32 /opt/st/stm32cubeide_2.1.1/plugins/com.st.stm32cube.ide.mcu.externaltools.gnu-tools-for-stm32.14.3.rel1.linux64_1.0.100.202602081740/tools/bin/../lib/gcc/arm-none-eabi/14.3.1/../../../../arm-none-eabi/lib/thumb/v7e-m+fp/hard/libc_nano.a(libc_a-memmove.o)
                0x0800cea0                memmove
 *fill*         0x0800ced2        0x2 
 .text._sbrk_r  0x0800ced4       0x20 /opt/st/stm32cubeide_2.1.1/plugins/com.st.stm32cube.ide.mcu.externaltools.gnu-tools-for-stm32.14.3.rel1.linux64_1.0.100.202602081740/tools/bin/../lib/gcc/arm-none-eabi/14.3.1/../../../../arm-none-eabi/lib/thumb/v7e-m+fp/hard/libc_nano.a(libc_a-sbrkr.o)
                0x0800ced4                _sbrk_r
 .text._realloc_r
                0x0800cef4       0x5c /opt/st/stm32cubeide_2.1.1/plugins/com.st.stm32cube.ide.mcu.externaltools.gnu-tools-for-stm32.14.3.rel1.linux64_1.0.100.202602081740/tools/bin/../lib/gcc/arm-none-eabi/14.3.1/../../../../arm-none-eabi/lib/thumb/v7e-m+fp/hard/libc_nano.a(libc_a-reallocr.o)
                0x0800cef4                _realloc_r
 .text._malloc_usable_size_r
                0x0800cf50       0x10 /opt/st/stm32cubeide_2.1.1/plugins/com.st.stm32cube.ide.mcu.externaltools.gnu-tools-for-stm32.14.3.rel1.linux64_1.0.100.202602081740/tools/bin/../lib/gcc/arm-none-eabi/14.3.1/../../../../arm-none-eabi/lib/thumb/v7e-m+fp/hard/libc_nano.a(libc_a-msizer.o)
                0x0800cf50                _malloc_usable_size_r
 *(.glue_7)
 .glue_7        0x0800cf60        0x0 linker stubs
 *(.glue_7t)
 .glue_7t       0x0800cf60        0x0 linker stubs
 *(.eh_frame)
 .eh_frame      0x0800cf60        0x0 /opt/st/stm32cubeide_2.1.1/plugins/com.st.stm32cube.ide.mcu.externaltools.gnu-tools-for-stm32.14.3.rel1.linux64_1.0.100.202602081740/tools/bin/../lib/gcc/arm-none-eabi/14.3.1/thumb/v7e-m+fp/hard/crtbegin.o
 *(.init)
 .init          0x0800cf60        0x4 /opt/st/stm32cubeide_2.1.1/plugins/com.st.stm32cube.ide.mcu.externaltools.gnu-tools-for-stm32.14.3.rel1.linux64_1.0.100.202602081740/tools/bin/../lib/gcc/arm-none-eabi/14.3.1/thumb/v7e-m+fp/hard/crti.o
                0x0800cf60                _init
 .init          0x0800cf64        0x8 /opt/st/stm32cubeide_2.1.1/plugins/com.st.stm32cube.ide.mcu.externaltools.gnu-tools-for-stm32.14.3.rel1.linux64_1.0.100.202602081740/tools/bin/../lib/gcc/arm-none-eabi/14.3.1/thumb/v7e-m+fp/hard/crtn.o
 *(.fini)
 .fini          0x0800cf6c        0x4 /opt/st/stm32cubeide_2.1.1/plugins/com.st.stm32cube.ide.mcu.externaltools.gnu-tools-for-stm32.14.3.rel1.linux64_1.0.100.202602081740/tools/bin/../lib/gcc/arm-none-eabi/14.3.1/thumb/v7e-m+fp/hard/crti.o
                0x0800cf6c                _fini
 .fini          0x0800cf70        0x8 /opt/st/stm32cubeide_2.1.1/plugins/com.st.stm32cube.ide.mcu.externaltools.gnu-tools-for-stm32.14.3.rel1.linux64_1.0.100.202602081740/tools/bin/../lib/gcc/arm-none-eabi/14.3.1/thumb/v7e-m+fp/hard/crtn.o
                0x0800cf78                        . = ALIGN (0x4)
                0x0800cf78                        _etext = .

.vfp11_veneer   0x0800cf78        0x0
 .vfp11_veneer  0x0800cf78        0x0 linker stubs

.v4_bx          0x0800cf78        0x0
 .v4_bx         0x0800cf78        0x0 linker stubs

.iplt           0x0800cf78        0x0
 .iplt          0x0800cf78        0x0 /opt/st/stm32cubeide_2.1.1/plugins/com.st.stm32cube.ide.mcu.externaltools.gnu-tools-for-stm32.14.3.rel1.linux64_1.0.100.202602081740/tools/bin/../lib/gcc/arm-none-eabi/14.3.1/thumb/v7e-m+fp/hard/crtbegin.o

.rodata         0x0800cf78      0x1d4
                0x0800cf78                        . = ALIGN (0x4)
 *(.rodata)
 .rodata        0x0800cf78       0xb3 ./Core/Src/adc_ads1256.o
 *fill*         0x0800d02b        0x1 
 .rodata        0x0800d02c       0x92 ./Core/Src/main.o
 *fill*         0x0800d0be        0x2 
 .rodata        0x0800d0c0       0x46 ./USB_DEVICE/App/usbd_desc.o
 *(.rodata*)
 *fill*         0x0800d106        0x2 
 .rodata.AHBPrescTable
                0x0800d108       0x10 ./Core/Src/system_stm32f4xx.o
                0x0800d108                AHBPrescTable
 .rodata._svfprintf_r.str1.1
                0x0800d118       0x33 /opt/st/stm32cubeide_2.1.1/plugins/com.st.stm32cube.ide.mcu.externaltools.gnu-tools-for-stm32.14.3.rel1.linux64_1.0.100.202602081740/tools/bin/../lib/gcc/arm-none-eabi/14.3.1/../../../../arm-none-eabi/lib/thumb/v7e-m+fp/hard/libc_nano.a(libc_a-nano-svfprintf.o)
                                 0x11 (size before relaxing)
 .rodata._printf_i.str1.1
                0x0800d14b       0x22 /opt/st/stm32cubeide_2.1.1/plugins/com.st.stm32cube.ide.mcu.externaltools.gnu-tools-for-stm32.14.3.rel1.linux64_1.0.100.202602081740/tools/bin/../lib/gcc/arm-none-eabi/14.3.1/../../../../arm-none-eabi/lib/thumb/v7e-m+fp/hard/libc_nano.a(libc_a-nano-vfprintf_i.o)
                0x0800d170                        . = ALIGN (0x4)
 *fill*         0x0800d14b        0x1 

.ARM.extab      0x0800d14c        0x0
                0x0800d14c                        . = ALIGN (0x4)
 *(.ARM.extab* .gnu.linkonce.armextab.*)
                0x0800d14c                        . = ALIGN (0x4)

.ARM            0x0800d14c        0x8
                0x0800d14c                        . = ALIGN (0x4)
                0x0800d14c                        __exidx_start = .
 *(.ARM.exidx*)
 .ARM.exidx     0x0800d14c        0x8 /opt/st/stm32cubeide_2.1.1/plugins/com.st.stm32cube.ide.mcu.externaltools.gnu-tools-for-stm32.14.3.rel1.linux64_1.0.100.202602081740/tools/bin/../lib/gcc/arm-none-eabi/14.3.1/../../../../arm-none-eabi/lib/thumb/v7e-m+fp/hard/libc_nano.a(libc_a-strlen.o)
 .ARM.exidx     0x0800d154        0x0 /opt/st/stm32cubeide_2.1.1/plugins/com.st.stm32cube.ide.mcu.externaltools.gnu-tools-for-stm32.14.3.rel1.linux64_1.0.100.202602081740/tools/bin/../lib/gcc/arm-none-eabi/14.3.1/../../../../arm-none-eabi/lib/thumb/v7e-m+fp/hard/libc_nano.a(libc_a-memchr.o)
                                  0x8 (size before relaxing)
 .ARM.exidx     0x0800d154        0x0 /opt/st/stm32cubeide_2.1.1/plugins/com.st.stm32cube.ide.mcu.externaltools.gnu-tools-for-stm32.14.3.rel1.linux64_1.0.100.202602081740/tools/bin/../lib/gcc/arm-none-eabi/14.3.1/thumb/v7e-m+fp/hard/libgcc.a(_udivmoddi4.o)
                                  0x8 (size before relaxing)
                0x0800d154                        __exidx_end = .
                0x0800d154                        . = ALIGN (0x4)

.preinit_array  0x0800d154        0x0
                0x0800d154                        . = ALIGN (0x4)
                0x0800d154                        PROVIDE (__preinit_array_start = .)
 *(.preinit_array*)
                0x0800d154                        PROVIDE (__preinit_array_end = .)
                0x0800d154                        . = ALIGN (0x4)

.init_array     0x0800d154        0x4
                0x0800d154                        . = ALIGN (0x4)
                0x0800d154                        PROVIDE (__init_array_start = .)
 *(SORT_BY_NAME(.init_array.*))
 *(.init_array*)
 .init_array    0x0800d154        0x4 /opt/st/stm32cubeide_2.1.1/plugins/com.st.stm32cube.ide.mcu.externaltools.gnu-tools-for-stm32.14.3.rel1.linux64_1.0.100.202602081740/tools/bin/../lib/gcc/arm-none-eabi/14.3.1/thumb/v7e-m+fp/hard/crtbegin.o
                0x0800d158                        PROVIDE (__init_array_end = .)
                0x0800d158                        . = ALIGN (0x4)

.fini_array     0x0800d158        0x4
                0x0800d158                        . = ALIGN (0x4)
                [!provide]                        PROVIDE (__fini_array_start = .)
 *(SORT_BY_NAME(.fini_array.*))
 *(.fini_array*)
 .fini_array    0x0800d158        0x4 /opt/st/stm32cubeide_2.1.1/plugins/com.st.stm32cube.ide.mcu.externaltools.gnu-tools-for-stm32.14.3.rel1.linux64_1.0.100.202602081740/tools/bin/../lib/gcc/arm-none-eabi/14.3.1/thumb/v7e-m+fp/hard/crtbegin.o
                [!provide]                        PROVIDE (__fini_array_end = .)
                0x0800d15c                        . = ALIGN (0x4)
                0x0800d15c                        _sidata = LOADADDR (.data)

.rel.dyn        0x0800d15c        0x0
 .rel.iplt      0x0800d15c        0x0 /opt/st/stm32cubeide_2.1.1/plugins/com.st.stm32cube.ide.mcu.externaltools.gnu-tools-for-stm32.14.3.rel1.linux64_1.0.100.202602081740/tools/bin/../lib/gcc/arm-none-eabi/14.3.1/thumb/v7e-m+fp/hard/crtbegin.o

.data           0x20000000      0x14c load address 0x0800d15c
                0x20000000                        . = ALIGN (0x4)
                0x20000000                        _sdata = .
 *(.data)
 *(.data*)
 .data.SystemCoreClock
                0x20000000        0x4 ./Core/Src/system_stm32f4xx.o
                0x20000000                SystemCoreClock
 .data.uwTickPrio
                0x20000004        0x4 ./Drivers/STM32F4xx_HAL_Driver/Src/stm32f4xx_hal.o
                0x20000004                uwTickPrio
 .data.uwTickFreq
                0x20000008        0x1 ./Drivers/STM32F4xx_HAL_Driver/Src/stm32f4xx_hal.o
                0x20000008                uwTickFreq
 *fill*         0x20000009        0x3 
 .data.USBD_CDC_DeviceQualifierDesc
                0x2000000c        0xa ./Middlewares/ST/STM32_USB_Device_Library/Class/CDC/Src/usbd_cdc.o
 *fill*         0x20000016        0x2 
 .data.USBD_CDC
                0x20000018       0x38 ./Middlewares/ST/STM32_USB_Device_Library/Class/CDC/Src/usbd_cdc.o
                0x20000018                USBD_CDC
 .data.USBD_CDC_CfgDesc
                0x20000050       0x43 ./Middlewares/ST/STM32_USB_Device_Library/Class/CDC/Src/usbd_cdc.o
 .data.CDCInEpAdd
                0x20000093        0x1 ./Middlewares/ST/STM32_USB_Device_Library/Class/CDC/Src/usbd_cdc.o
 .data.CDCOutEpAdd
                0x20000094        0x1 ./Middlewares/ST/STM32_USB_Device_Library/Class/CDC/Src/usbd_cdc.o
 .data.CDCCmdEpAdd
                0x20000095        0x1 ./Middlewares/ST/STM32_USB_Device_Library/Class/CDC/Src/usbd_cdc.o
 *fill*         0x20000096        0x2 
 .data.USBD_Interface_fops_FS
                0x20000098       0x14 ./USB_DEVICE/App/usbd_cdc_if.o
                0x20000098                USBD_Interface_fops_FS
 .data.FS_Desc  0x200000ac       0x1c ./USB_DEVICE/App/usbd_desc.o
                0x200000ac                FS_Desc
 .data.USBD_FS_DeviceDesc
                0x200000c8       0x12 ./USB_DEVICE/App/usbd_desc.o
                0x200000c8                USBD_FS_DeviceDesc
 *fill*         0x200000da        0x2 
 .data.USBD_LangIDDesc
                0x200000dc        0x4 ./USB_DEVICE/App/usbd_desc.o
                0x200000dc                USBD_LangIDDesc
 .data.USBD_StringSerial
                0x200000e0       0x1a ./USB_DEVICE/App/usbd_desc.o
                0x200000e0                USBD_StringSerial
 *fill*         0x200000fa        0x2 
 .data._impure_ptr
                0x200000fc        0x4 /opt/st/stm32cubeide_2.1.1/plugins/com.st.stm32cube.ide.mcu.externaltools.gnu-tools-for-stm32.14.3.rel1.linux64_1.0.100.202602081740/tools/bin/../lib/gcc/arm-none-eabi/14.3.1/../../../../arm-none-eabi/lib/thumb/v7e-m+fp/hard/libc_nano.a(libc_a-impure.o)
                0x200000fc                _impure_ptr
 .data._impure_data
                0x20000100       0x4c /opt/st/stm32cubeide_2.1.1/plugins/com.st.stm32cube.ide.mcu.externaltools.gnu-tools-for-stm32.14.3.rel1.linux64_1.0.100.202602081740/tools/bin/../lib/gcc/arm-none-eabi/14.3.1/../../../../arm-none-eabi/lib/thumb/v7e-m+fp/hard/libc_nano.a(libc_a-impure.o)
                0x20000100                _impure_data
 *(.RamFunc)
 *(.RamFunc*)
                0x2000014c                        . = ALIGN (0x4)
                0x2000014c                        _edata = .

.igot.plt       0x2000014c        0x0 load address 0x0800d2a8
 .igot.plt      0x2000014c        0x0 /opt/st/stm32cubeide_2.1.1/plugins/com.st.stm32cube.ide.mcu.externaltools.gnu-tools-for-stm32.14.3.rel1.linux64_1.0.100.202602081740/tools/bin/../lib/gcc/arm-none-eabi/14.3.1/thumb/v7e-m+fp/hard/crtbegin.o
                0x2000014c                        . = ALIGN (0x4)

.bss            0x2000014c     0x1e00 load address 0x0800d2a8
                0x2000014c                        _sbss = .
                0x2000014c                        __bss_start__ = _sbss
 *(.bss)
 .bss           0x2000014c       0x1c /opt/st/stm32cubeide_2.1.1/plugins/com.st.stm32cube.ide.mcu.externaltools.gnu-tools-for-stm32.14.3.rel1.linux64_1.0.100.202602081740/tools/bin/../lib/gcc/arm-none-eabi/14.3.1/thumb/v7e-m+fp/hard/crtbegin.o
 *(.bss*)
 .bss.hspi2     0x20000168       0x58 ./Core/Src/spi.o
                0x20000168                hspi2
 .bss.hspi3     0x200001c0       0x58 ./Core/Src/spi.o
                0x200001c0                hspi3
 .bss.__sbrk_heap_end
                0x20000218        0x4 ./Core/Src/sysmem.o
 .bss.uwTick    0x2000021c        0x4 ./Drivers/STM32F4xx_HAL_Driver/Src/stm32f4xx_hal.o
                0x2000021c                uwTick
 .bss.cfgidx.0  0x20000220        0x1 ./Middlewares/ST/STM32_USB_Device_Library/Core/Src/usbd_ctlreq.o
 *fill*         0x20000221        0x3 
 .bss.hUsbDeviceFS
                0x20000224      0x2dc ./USB_DEVICE/App/usb_device.o
                0x20000224                hUsbDeviceFS
 .bss.UserRxBufferFS
                0x20000500      0x800 ./USB_DEVICE/App/usbd_cdc_if.o
                0x20000500                UserRxBufferFS
 .bss.UserTxBufferFS
                0x20000d00      0x800 ./USB_DEVICE/App/usbd_cdc_if.o
                0x20000d00                UserTxBufferFS
 .bss.USBD_StrDesc
                0x20001500      0x200 ./USB_DEVICE/App/usbd_desc.o
                0x20001500                USBD_StrDesc
 .bss.hpcd_USB_OTG_FS
                0x20001700      0x4e4 ./USB_DEVICE/Target/usbd_conf.o
                0x20001700                hpcd_USB_OTG_FS
 .bss.mem.0     0x20001be4      0x220 ./USB_DEVICE/Target/usbd_conf.o
 .bss.__sf      0x20001e04      0x138 /opt/st/stm32cubeide_2.1.1/plugins/com.st.stm32cube.ide.mcu.externaltools.gnu-tools-for-stm32.14.3.rel1.linux64_1.0.100.202602081740/tools/bin/../lib/gcc/arm-none-eabi/14.3.1/../../../../arm-none-eabi/lib/thumb/v7e-m+fp/hard/libc_nano.a(libc_a-findfp.o)
                0x20001e04                __sf
 .bss.errno     0x20001f3c        0x4 /opt/st/stm32cubeide_2.1.1/plugins/com.st.stm32cube.ide.mcu.externaltools.gnu-tools-for-stm32.14.3.rel1.linux64_1.0.100.202602081740/tools/bin/../lib/gcc/arm-none-eabi/14.3.1/../../../../arm-none-eabi/lib/thumb/v7e-m+fp/hard/libc_nano.a(libc_a-reent.o)
                0x20001f3c                errno
 .bss.__lock___malloc_recursive_mutex
                0x20001f40        0x1 /opt/st/stm32cubeide_2.1.1/plugins/com.st.stm32cube.ide.mcu.externaltools.gnu-tools-for-stm32.14.3.rel1.linux64_1.0.100.202602081740/tools/bin/../lib/gcc/arm-none-eabi/14.3.1/../../../../arm-none-eabi/lib/thumb/v7e-m+fp/hard/libc_nano.a(libc_a-lock.o)
                0x20001f40                __lock___malloc_recursive_mutex
 *fill*         0x20001f41        0x3 
 .bss.__malloc_sbrk_start
                0x20001f44        0x4 /opt/st/stm32cubeide_2.1.1/plugins/com.st.stm32cube.ide.mcu.externaltools.gnu-tools-for-stm32.14.3.rel1.linux64_1.0.100.202602081740/tools/bin/../lib/gcc/arm-none-eabi/14.3.1/../../../../arm-none-eabi/lib/thumb/v7e-m+fp/hard/libc_nano.a(libc_a-mallocr.o)
                0x20001f44                __malloc_sbrk_start
 .bss.__malloc_free_list
                0x20001f48        0x4 /opt/st/stm32cubeide_2.1.1/plugins/com.st.stm32cube.ide.mcu.externaltools.gnu-tools-for-stm32.14.3.rel1.linux64_1.0.100.202602081740/tools/bin/../lib/gcc/arm-none-eabi/14.3.1/../../../../arm-none-eabi/lib/thumb/v7e-m+fp/hard/libc_nano.a(libc_a-mallocr.o)
                0x20001f48                __malloc_free_list
 *(COMMON)
                0x20001f4c                        . = ALIGN (0x4)
                0x20001f4c                        _ebss = .
                0x20001f4c                        __bss_end__ = _ebss

._user_heap_stack
                0x20001f4c      0x604 load address 0x0800d2a8
                0x20001f50                        . = ALIGN (0x8)
 *fill*         0x20001f4c        0x4 
                [!provide]                        PROVIDE (end = .)
                0x20001f50                        PROVIDE (_end = .)
                0x20002150                        . = (. + _Min_Heap_Size)
 *fill*         0x20001f50      0x200 
                0x20002550                        . = (. + _Min_Stack_Size)
 *fill*         0x20002150      0x400 
                0x20002550                        . = ALIGN (0x8)

/DISCARD/
 libc.a(*)
 libm.a(*)
 libgcc.a(*)

.ARM.attributes
                0x00000000       0x30
 *(.ARM.attributes)
 .ARM.attributes
                0x00000000       0x22 /opt/st/stm32cubeide_2.1.1/plugins/com.st.stm32cube.ide.mcu.externaltools.gnu-tools-for-stm32.14.3.rel1.linux64_1.0.100.202602081740/tools/bin/../lib/gcc/arm-none-eabi/14.3.1/thumb/v7e-m+fp/hard/crti.o
 .ARM.attributes
                0x00000022       0x34 /opt/st/stm32cubeide_2.1.1/plugins/com.st.stm32cube.ide.mcu.externaltools.gnu-tools-for-stm32.14.3.rel1.linux64_1.0.100.202602081740/tools/bin/../lib/gcc/arm-none-eabi/14.3.1/thumb/v7e-m+fp/hard/crtbegin.o
 .ARM.attributes
                0x00000056       0x34 ./Core/Src/adc_ads1256.o
 .ARM.attributes
                0x0000008a       0x34 ./Core/Src/application_error.o
 .ARM.attributes
                0x000000be       0x34 ./Core/Src/display_st7735.o
 .ARM.attributes
                0x000000f2       0x34 ./Core/Src/gpio.o
 .ARM.attributes
                0x00000126       0x34 ./Core/Src/main.o
 .ARM.attributes
                0x0000015a       0x34 ./Core/Src/microsecond_delay.o
 .ARM.attributes
                0x0000018e       0x34 ./Core/Src/spi.o
 .ARM.attributes
                0x000001c2       0x34 ./Core/Src/stm32f4xx_hal_msp.o
 .ARM.attributes
                0x000001f6       0x34 ./Core/Src/stm32f4xx_it.o
 .ARM.attributes
                0x0000022a       0x34 ./Core/Src/sysmem.o
 .ARM.attributes
                0x0000025e       0x34 ./Core/Src/system_stm32f4xx.o
 .ARM.attributes
                0x00000292       0x34 ./Core/Src/usb_cdc_serial.o
 .ARM.attributes
                0x000002c6       0x21 ./Core/Startup/startup_stm32f411ceux.o
 .ARM.attributes
                0x000002e7       0x34 ./Drivers/STM32F4xx_HAL_Driver/Src/stm32f4xx_hal.o
 .ARM.attributes
                0x0000031b       0x34 ./Drivers/STM32F4xx_HAL_Driver/Src/stm32f4xx_hal_cortex.o
 .ARM.attributes
                0x0000034f       0x34 ./Drivers/STM32F4xx_HAL_Driver/Src/stm32f4xx_hal_gpio.o
 .ARM.attributes
                0x00000383       0x34 ./Drivers/STM32F4xx_HAL_Driver/Src/stm32f4xx_hal_pcd.o
 .ARM.attributes
                0x000003b7       0x34 ./Drivers/STM32F4xx_HAL_Driver/Src/stm32f4xx_hal_pcd_ex.o
 .ARM.attributes
                0x000003eb       0x34 ./Drivers/STM32F4xx_HAL_Driver/Src/stm32f4xx_hal_rcc.o
 .ARM.attributes
                0x0000041f       0x34 ./Drivers/STM32F4xx_HAL_Driver/Src/stm32f4xx_hal_spi.o
 .ARM.attributes
                0x00000453       0x34 ./Drivers/STM32F4xx_HAL_Driver/Src/stm32f4xx_ll_usb.o
 .ARM.attributes
                0x00000487       0x34 ./Middlewares/ST/STM32_USB_Device_Library/Class/CDC/Src/usbd_cdc.o
 .ARM.attributes
                0x000004bb       0x34 ./Middlewares/ST/STM32_USB_Device_Library/Core/Src/usbd_core.o
 .ARM.attributes
                0x000004ef       0x34 ./Middlewares/ST/STM32_USB_Device_Library/Core/Src/usbd_ctlreq.o
 .ARM.attributes
                0x00000523       0x34 ./Middlewares/ST/STM32_USB_Device_Library/Core/Src/usbd_ioreq.o
 .ARM.attributes
                0x00000557       0x34 ./USB_DEVICE/App/usb_device.o
 .ARM.attributes
                0x0000058b       0x34 ./USB_DEVICE/App/usbd_cdc_if.o
 .ARM.attributes
                0x000005bf       0x34 ./USB_DEVICE/App/usbd_desc.o
 .ARM.attributes
                0x000005f3       0x34 ./USB_DEVICE/Target/usbd_conf.o
 .ARM.attributes
                0x00000627       0x34 /opt/st/stm32cubeide_2.1.1/plugins/com.st.stm32cube.ide.mcu.externaltools.gnu-tools-for-stm32.14.3.rel1.linux64_1.0.100.202602081740/tools/bin/../lib/gcc/arm-none-eabi/14.3.1/../../../../arm-none-eabi/lib/thumb/v7e-m+fp/hard/libc_nano.a(libc_a-findfp.o)
 .ARM.attributes
                0x0000065b       0x34 /opt/st/stm32cubeide_2.1.1/plugins/com.st.stm32cube.ide.mcu.externaltools.gnu-tools-for-stm32.14.3.rel1.linux64_1.0.100.202602081740/tools/bin/../lib/gcc/arm-none-eabi/14.3.1/../../../../arm-none-eabi/lib/thumb/v7e-m+fp/hard/libc_nano.a(libc_a-snprintf.o)
 .ARM.attributes
                0x0000068f       0x34 /opt/st/stm32cubeide_2.1.1/plugins/com.st.stm32cube.ide.mcu.externaltools.gnu-tools-for-stm32.14.3.rel1.linux64_1.0.100.202602081740/tools/bin/../lib/gcc/arm-none-eabi/14.3.1/../../../../arm-none-eabi/lib/thumb/v7e-m+fp/hard/libc_nano.a(libc_a-memset.o)
 .ARM.attributes
                0x000006c3       0x34 /opt/st/stm32cubeide_2.1.1/plugins/com.st.stm32cube.ide.mcu.externaltools.gnu-tools-for-stm32.14.3.rel1.linux64_1.0.100.202602081740/tools/bin/../lib/gcc/arm-none-eabi/14.3.1/../../../../arm-none-eabi/lib/thumb/v7e-m+fp/hard/libc_nano.a(libc_a-reent.o)
 .ARM.attributes
                0x000006f7       0x34 /opt/st/stm32cubeide_2.1.1/plugins/com.st.stm32cube.ide.mcu.externaltools.gnu-tools-for-stm32.14.3.rel1.linux64_1.0.100.202602081740/tools/bin/../lib/gcc/arm-none-eabi/14.3.1/../../../../arm-none-eabi/lib/thumb/v7e-m+fp/hard/libc_nano.a(libc_a-impure.o)
 .ARM.attributes
                0x0000072b       0x34 /opt/st/stm32cubeide_2.1.1/plugins/com.st.stm32cube.ide.mcu.externaltools.gnu-tools-for-stm32.14.3.rel1.linux64_1.0.100.202602081740/tools/bin/../lib/gcc/arm-none-eabi/14.3.1/../../../../arm-none-eabi/lib/thumb/v7e-m+fp/hard/libc_nano.a(libc_a-errno.o)
 .ARM.attributes
                0x0000075f       0x34 /opt/st/stm32cubeide_2.1.1/plugins/com.st.stm32cube.ide.mcu.externaltools.gnu-tools-for-stm32.14.3.rel1.linux64_1.0.100.202602081740/tools/bin/../lib/gcc/arm-none-eabi/14.3.1/../../../../arm-none-eabi/lib/thumb/v7e-m+fp/hard/libc_nano.a(libc_a-init.o)
 .ARM.attributes
                0x00000793       0x34 /opt/st/stm32cubeide_2.1.1/plugins/com.st.stm32cube.ide.mcu.externaltools.gnu-tools-for-stm32.14.3.rel1.linux64_1.0.100.202602081740/tools/bin/../lib/gcc/arm-none-eabi/14.3.1/../../../../arm-none-eabi/lib/thumb/v7e-m+fp/hard/libc_nano.a(libc_a-lock.o)
 .ARM.attributes
                0x000007c7       0x34 /opt/st/stm32cubeide_2.1.1/plugins/com.st.stm32cube.ide.mcu.externaltools.gnu-tools-for-stm32.14.3.rel1.linux64_1.0.100.202602081740/tools/bin/../lib/gcc/arm-none-eabi/14.3.1/../../../../arm-none-eabi/lib/thumb/v7e-m+fp/hard/libc_nano.a(libc_a-memcpy-stub.o)
 .ARM.attributes
                0x000007fb       0x17 /opt/st/stm32cubeide_2.1.1/plugins/com.st.stm32cube.ide.mcu.externaltools.gnu-tools-for-stm32.14.3.rel1.linux64_1.0.100.202602081740/tools/bin/../lib/gcc/arm-none-eabi/14.3.1/../../../../arm-none-eabi/lib/thumb/v7e-m+fp/hard/libc_nano.a(libc_a-strlen.o)
 .ARM.attributes
                0x00000812       0x34 /opt/st/stm32cubeide_2.1.1/plugins/com.st.stm32cube.ide.mcu.externaltools.gnu-tools-for-stm32.14.3.rel1.linux64_1.0.100.202602081740/tools/bin/../lib/gcc/arm-none-eabi/14.3.1/../../../../arm-none-eabi/lib/thumb/v7e-m+fp/hard/libc_nano.a(libc_a-freer.o)
 .ARM.attributes
                0x00000846       0x34 /opt/st/stm32cubeide_2.1.1/plugins/com.st.stm32cube.ide.mcu.externaltools.gnu-tools-for-stm32.14.3.rel1.linux64_1.0.100.202602081740/tools/bin/../lib/gcc/arm-none-eabi/14.3.1/../../../../arm-none-eabi/lib/thumb/v7e-m+fp/hard/libc_nano.a(libc_a-mallocr.o)
 .ARM.attributes
                0x0000087a       0x34 /opt/st/stm32cubeide_2.1.1/plugins/com.st.stm32cube.ide.mcu.externaltools.gnu-tools-for-stm32.14.3.rel1.linux64_1.0.100.202602081740/tools/bin/../lib/gcc/arm-none-eabi/14.3.1/../../../../arm-none-eabi/lib/thumb/v7e-m+fp/hard/libc_nano.a(libc_a-mlock.o)
 .ARM.attributes
                0x000008ae       0x34 /opt/st/stm32cubeide_2.1.1/plugins/com.st.stm32cube.ide.mcu.externaltools.gnu-tools-for-stm32.14.3.rel1.linux64_1.0.100.202602081740/tools/bin/../lib/gcc/arm-none-eabi/14.3.1/../../../../arm-none-eabi/lib/thumb/v7e-m+fp/hard/libc_nano.a(libc_a-nano-svfprintf.o)
 .ARM.attributes
                0x000008e2       0x34 /opt/st/stm32cubeide_2.1.1/plugins/com.st.stm32cube.ide.mcu.externaltools.gnu-tools-for-stm32.14.3.rel1.linux64_1.0.100.202602081740/tools/bin/../lib/gcc/arm-none-eabi/14.3.1/../../../../arm-none-eabi/lib/thumb/v7e-m+fp/hard/libc_nano.a(libc_a-nano-vfprintf_i.o)
 .ARM.attributes
                0x00000916       0x34 /opt/st/stm32cubeide_2.1.1/plugins/com.st.stm32cube.ide.mcu.externaltools.gnu-tools-for-stm32.14.3.rel1.linux64_1.0.100.202602081740/tools/bin/../lib/gcc/arm-none-eabi/14.3.1/../../../../arm-none-eabi/lib/thumb/v7e-m+fp/hard/libc_nano.a(libc_a-memmove.o)
 .ARM.attributes
                0x0000094a       0x34 /opt/st/stm32cubeide_2.1.1/plugins/com.st.stm32cube.ide.mcu.externaltools.gnu-tools-for-stm32.14.3.rel1.linux64_1.0.100.202602081740/tools/bin/../lib/gcc/arm-none-eabi/14.3.1/../../../../arm-none-eabi/lib/thumb/v7e-m+fp/hard/libc_nano.a(libc_a-sbrkr.o)
 .ARM.attributes
                0x0000097e       0x1c /opt/st/stm32cubeide_2.1.1/plugins/com.st.stm32cube.ide.mcu.externaltools.gnu-tools-for-stm32.14.3.rel1.linux64_1.0.100.202602081740/tools/bin/../lib/gcc/arm-none-eabi/14.3.1/../../../../arm-none-eabi/lib/thumb/v7e-m+fp/hard/libc_nano.a(libc_a-memchr.o)
 .ARM.attributes
                0x0000099a       0x34 /opt/st/stm32cubeide_2.1.1/plugins/com.st.stm32cube.ide.mcu.externaltools.gnu-tools-for-stm32.14.3.rel1.linux64_1.0.100.202602081740/tools/bin/../lib/gcc/arm-none-eabi/14.3.1/../../../../arm-none-eabi/lib/thumb/v7e-m+fp/hard/libc_nano.a(libc_a-reallocr.o)
 .ARM.attributes
                0x000009ce       0x34 /opt/st/stm32cubeide_2.1.1/plugins/com.st.stm32cube.ide.mcu.externaltools.gnu-tools-for-stm32.14.3.rel1.linux64_1.0.100.202602081740/tools/bin/../lib/gcc/arm-none-eabi/14.3.1/../../../../arm-none-eabi/lib/thumb/v7e-m+fp/hard/libc_nano.a(libc_a-msizer.o)
 .ARM.attributes
                0x00000a02       0x22 /opt/st/stm32cubeide_2.1.1/plugins/com.st.stm32cube.ide.mcu.externaltools.gnu-tools-for-stm32.14.3.rel1.linux64_1.0.100.202602081740/tools/bin/../lib/gcc/arm-none-eabi/14.3.1/thumb/v7e-m+fp/hard/libgcc.a(_aeabi_uldivmod.o)
 .ARM.attributes
                0x00000a24       0x34 /opt/st/stm32cubeide_2.1.1/plugins/com.st.stm32cube.ide.mcu.externaltools.gnu-tools-for-stm32.14.3.rel1.linux64_1.0.100.202602081740/tools/bin/../lib/gcc/arm-none-eabi/14.3.1/thumb/v7e-m+fp/hard/libgcc.a(_udivmoddi4.o)
 .ARM.attributes
                0x00000a58       0x22 /opt/st/stm32cubeide_2.1.1/plugins/com.st.stm32cube.ide.mcu.externaltools.gnu-tools-for-stm32.14.3.rel1.linux64_1.0.100.202602081740/tools/bin/../lib/gcc/arm-none-eabi/14.3.1/thumb/v7e-m+fp/hard/libgcc.a(_dvmd_tls.o)
 .ARM.attributes
                0x00000a7a       0x22 /opt/st/stm32cubeide_2.1.1/plugins/com.st.stm32cube.ide.mcu.externaltools.gnu-tools-for-stm32.14.3.rel1.linux64_1.0.100.202602081740/tools/bin/../lib/gcc/arm-none-eabi/14.3.1/thumb/v7e-m+fp/hard/crtn.o
OUTPUT(blackpill_ads1256+display.elf elf32-littlearm)
LOAD linker stubs
LOAD /opt/st/stm32cubeide_2.1.1/plugins/com.st.stm32cube.ide.mcu.externaltools.gnu-tools-for-stm32.14.3.rel1.linux64_1.0.100.202602081740/tools/bin/../lib/gcc/arm-none-eabi/14.3.1/../../../../arm-none-eabi/lib/thumb/v7e-m+fp/hard/libc.a
LOAD /opt/st/stm32cubeide_2.1.1/plugins/com.st.stm32cube.ide.mcu.externaltools.gnu-tools-for-stm32.14.3.rel1.linux64_1.0.100.202602081740/tools/bin/../lib/gcc/arm-none-eabi/14.3.1/../../../../arm-none-eabi/lib/thumb/v7e-m+fp/hard/libm.a
LOAD /opt/st/stm32cubeide_2.1.1/plugins/com.st.stm32cube.ide.mcu.externaltools.gnu-tools-for-stm32.14.3.rel1.linux64_1.0.100.202602081740/tools/bin/../lib/gcc/arm-none-eabi/14.3.1/thumb/v7e-m+fp/hard/libgcc.a

.debug_info     0x00000000    0x11724
 .debug_info    0x00000000      0xa08 ./Core/Src/adc_ads1256.o
 .debug_info    0x00000a08      0x1e2 ./Core/Src/application_error.o
 .debug_info    0x00000bea      0x9e6 ./Core/Src/display_st7735.o
 .debug_info    0x000015d0      0x433 ./Core/Src/gpio.o
 .debug_info    0x00001a03      0xb04 ./Core/Src/main.o
 .debug_info    0x00002507      0x281 ./Core/Src/microsecond_delay.o
 .debug_info    0x00002788      0x9d8 ./Core/Src/spi.o
 .debug_info    0x00003160      0x291 ./Core/Src/stm32f4xx_hal_msp.o
 .debug_info    0x000033f1      0x627 ./Core/Src/stm32f4xx_it.o
 .debug_info    0x00003a18      0x168 ./Core/Src/sysmem.o
 .debug_info    0x00003b80      0x53e ./Core/Src/system_stm32f4xx.o
 .debug_info    0x000040be      0x1d1 ./Core/Src/usb_cdc_serial.o
 .debug_info    0x0000428f       0x30 ./Core/Startup/startup_stm32f411ceux.o
 .debug_info    0x000042bf      0x8c4 ./Drivers/STM32F4xx_HAL_Driver/Src/stm32f4xx_hal.o
 .debug_info    0x00004b83      0xcfc ./Drivers/STM32F4xx_HAL_Driver/Src/stm32f4xx_hal_cortex.o
 .debug_info    0x0000587f      0x6f9 ./Drivers/STM32F4xx_HAL_Driver/Src/stm32f4xx_hal_gpio.o
 .debug_info    0x00005f78     0x1577 ./Drivers/STM32F4xx_HAL_Driver/Src/stm32f4xx_hal_pcd.o
 .debug_info    0x000074ef      0x6ea ./Drivers/STM32F4xx_HAL_Driver/Src/stm32f4xx_hal_pcd_ex.o
 .debug_info    0x00007bd9      0x904 ./Drivers/STM32F4xx_HAL_Driver/Src/stm32f4xx_hal_rcc.o
 .debug_info    0x000084dd     0x1530 ./Drivers/STM32F4xx_HAL_Driver/Src/stm32f4xx_hal_spi.o
 .debug_info    0x00009a0d     0x1993 ./Drivers/STM32F4xx_HAL_Driver/Src/stm32f4xx_ll_usb.o
 .debug_info    0x0000b3a0     0x12a5 ./Middlewares/ST/STM32_USB_Device_Library/Class/CDC/Src/usbd_cdc.o
 .debug_info    0x0000c645      0xe12 ./Middlewares/ST/STM32_USB_Device_Library/Core/Src/usbd_core.o
 .debug_info    0x0000d457      0xaeb ./Middlewares/ST/STM32_USB_Device_Library/Core/Src/usbd_ctlreq.o
 .debug_info    0x0000df42      0x762 ./Middlewares/ST/STM32_USB_Device_Library/Core/Src/usbd_ioreq.o
 .debug_info    0x0000e6a4      0x70e ./USB_DEVICE/App/usb_device.o
 .debug_info    0x0000edb2      0x907 ./USB_DEVICE/App/usbd_cdc_if.o
 .debug_info    0x0000f6b9      0x458 ./USB_DEVICE/App/usbd_desc.o
 .debug_info    0x0000fb11     0x1c13 ./USB_DEVICE/Target/usbd_conf.o

.debug_abbrev   0x00000000     0x3858
 .debug_abbrev  0x00000000      0x273 ./Core/Src/adc_ads1256.o
 .debug_abbrev  0x00000273      0x130 ./Core/Src/application_error.o
 .debug_abbrev  0x000003a3      0x224 ./Core/Src/display_st7735.o
 .debug_abbrev  0x000005c7      0x151 ./Core/Src/gpio.o
 .debug_abbrev  0x00000718      0x28a ./Core/Src/main.o
 .debug_abbrev  0x000009a2       0xfb ./Core/Src/microsecond_delay.o
 .debug_abbrev  0x00000a9d      0x1fe ./Core/Src/spi.o
 .debug_abbrev  0x00000c9b       0xd8 ./Core/Src/stm32f4xx_hal_msp.o
 .debug_abbrev  0x00000d73      0x1a4 ./Core/Src/stm32f4xx_it.o
 .debug_abbrev  0x00000f17       0xbc ./Core/Src/sysmem.o
 .debug_abbrev  0x00000fd3      0x11a ./Core/Src/system_stm32f4xx.o
 .debug_abbrev  0x000010ed       0xf4 ./Core/Src/usb_cdc_serial.o
 .debug_abbrev  0x000011e1       0x24 ./Core/Startup/startup_stm32f411ceux.o
 .debug_abbrev  0x00001205      0x24b ./Drivers/STM32F4xx_HAL_Driver/Src/stm32f4xx_hal.o
 .debug_abbrev  0x00001450      0x31d ./Drivers/STM32F4xx_HAL_Driver/Src/stm32f4xx_hal_cortex.o
 .debug_abbrev  0x0000176d      0x1d3 ./Drivers/STM32F4xx_HAL_Driver/Src/stm32f4xx_hal_gpio.o
 .debug_abbrev  0x00001940      0x2b6 ./Drivers/STM32F4xx_HAL_Driver/Src/stm32f4xx_hal_pcd.o
 .debug_abbrev  0x00001bf6      0x1da ./Drivers/STM32F4xx_HAL_Driver/Src/stm32f4xx_hal_pcd_ex.o
 .debug_abbrev  0x00001dd0      0x2b6 ./Drivers/STM32F4xx_HAL_Driver/Src/stm32f4xx_hal_rcc.o
 .debug_abbrev  0x00002086      0x276 ./Drivers/STM32F4xx_HAL_Driver/Src/stm32f4xx_hal_spi.o
 .debug_abbrev  0x000022fc      0x2b3 ./Drivers/STM32F4xx_HAL_Driver/Src/stm32f4xx_ll_usb.o
 .debug_abbrev  0x000025af      0x2d2 ./Middlewares/ST/STM32_USB_Device_Library/Class/CDC/Src/usbd_cdc.o
 .debug_abbrev  0x00002881      0x27c ./Middlewares/ST/STM32_USB_Device_Library/Core/Src/usbd_core.o
 .debug_abbrev  0x00002afd      0x26f ./Middlewares/ST/STM32_USB_Device_Library/Core/Src/usbd_ctlreq.o
 .debug_abbrev  0x00002d6c      0x19a ./Middlewares/ST/STM32_USB_Device_Library/Core/Src/usbd_ioreq.o
 .debug_abbrev  0x00002f06      0x195 ./USB_DEVICE/App/usb_device.o
 .debug_abbrev  0x0000309b      0x29d ./USB_DEVICE/App/usbd_cdc_if.o
 .debug_abbrev  0x00003338      0x1e1 ./USB_DEVICE/App/usbd_desc.o
 .debug_abbrev  0x00003519      0x33f ./USB_DEVICE/Target/usbd_conf.o

.debug_aranges  0x00000000      0xf30
 .debug_aranges
                0x00000000       0x68 ./Core/Src/adc_ads1256.o
 .debug_aranges
                0x00000068       0x28 ./Core/Src/application_error.o
 .debug_aranges
                0x00000090       0x88 ./Core/Src/display_st7735.o
 .debug_aranges
                0x00000118       0x20 ./Core/Src/gpio.o
 .debug_aranges
                0x00000138       0x68 ./Core/Src/main.o
 .debug_aranges
                0x000001a0       0x28 ./Core/Src/microsecond_delay.o
 .debug_aranges
                0x000001c8       0x38 ./Core/Src/spi.o
 .debug_aranges
                0x00000200       0x20 ./Core/Src/stm32f4xx_hal_msp.o
 .debug_aranges
                0x00000220       0x68 ./Core/Src/stm32f4xx_it.o
 .debug_aranges
                0x00000288       0x20 ./Core/Src/sysmem.o
 .debug_aranges
                0x000002a8       0x28 ./Core/Src/system_stm32f4xx.o
 .debug_aranges
                0x000002d0       0x28 ./Core/Src/usb_cdc_serial.o
 .debug_aranges
                0x000002f8       0x28 ./Core/Startup/startup_stm32f411ceux.o
 .debug_aranges
                0x00000320       0xf0 ./Drivers/STM32F4xx_HAL_Driver/Src/stm32f4xx_hal.o
 .debug_aranges
                0x00000410      0x130 ./Drivers/STM32F4xx_HAL_Driver/Src/stm32f4xx_hal_cortex.o
 .debug_aranges
                0x00000540       0x58 ./Drivers/STM32F4xx_HAL_Driver/Src/stm32f4xx_hal_gpio.o
 .debug_aranges
                0x00000598      0x148 ./Drivers/STM32F4xx_HAL_Driver/Src/stm32f4xx_hal_pcd.o
 .debug_aranges
                0x000006e0       0x38 ./Drivers/STM32F4xx_HAL_Driver/Src/stm32f4xx_hal_pcd_ex.o
 .debug_aranges
                0x00000718       0x88 ./Drivers/STM32F4xx_HAL_Driver/Src/stm32f4xx_hal_rcc.o
 .debug_aranges
                0x000007a0      0x1d0 ./Drivers/STM32F4xx_HAL_Driver/Src/stm32f4xx_hal_spi.o
 .debug_aranges
                0x00000970      0x1a0 ./Drivers/STM32F4xx_HAL_Driver/Src/stm32f4xx_ll_usb.o
 .debug_aranges
                0x00000b10       0x90 ./Middlewares/ST/STM32_USB_Device_Library/Class/CDC/Src/usbd_cdc.o
 .debug_aranges
                0x00000ba0       0xd8 ./Middlewares/ST/STM32_USB_Device_Library/Core/Src/usbd_core.o
 .debug_aranges
                0x00000c78       0x90 ./Middlewares/ST/STM32_USB_Device_Library/Core/Src/usbd_ctlreq.o
 .debug_aranges
                0x00000d08       0x50 ./Middlewares/ST/STM32_USB_Device_Library/Core/Src/usbd_ioreq.o
 .debug_aranges
                0x00000d58       0x20 ./USB_DEVICE/App/usb_device.o
 .debug_aranges
                0x00000d78       0x48 ./USB_DEVICE/App/usbd_cdc_if.o
 .debug_aranges
                0x00000dc0       0x60 ./USB_DEVICE/App/usbd_desc.o
 .debug_aranges
                0x00000e20      0x110 ./USB_DEVICE/Target/usbd_conf.o

.debug_rnglists
                0x00000000      0xb2e
 .debug_rnglists
                0x00000000       0x4c ./Core/Src/adc_ads1256.o
 .debug_rnglists
                0x0000004c       0x19 ./Core/Src/application_error.o
 .debug_rnglists
                0x00000065       0x63 ./Core/Src/display_st7735.o
 .debug_rnglists
                0x000000c8       0x14 ./Core/Src/gpio.o
 .debug_rnglists
                0x000000dc       0x4b ./Core/Src/main.o
 .debug_rnglists
                0x00000127       0x19 ./Core/Src/microsecond_delay.o
 .debug_rnglists
                0x00000140       0x26 ./Core/Src/spi.o
 .debug_rnglists
                0x00000166       0x13 ./Core/Src/stm32f4xx_hal_msp.o
 .debug_rnglists
                0x00000179       0x49 ./Core/Src/stm32f4xx_it.o
 .debug_rnglists
                0x000001c2       0x13 ./Core/Src/sysmem.o
 .debug_rnglists
                0x000001d5       0x1a ./Core/Src/system_stm32f4xx.o
 .debug_rnglists
                0x000001ef       0x19 ./Core/Src/usb_cdc_serial.o
 .debug_rnglists
                0x00000208       0x19 ./Core/Startup/startup_stm32f411ceux.o
 .debug_rnglists
                0x00000221       0xaf ./Drivers/STM32F4xx_HAL_Driver/Src/stm32f4xx_hal.o
 .debug_rnglists
                0x000002d0       0xe0 ./Drivers/STM32F4xx_HAL_Driver/Src/stm32f4xx_hal_cortex.o
 .debug_rnglists
                0x000003b0       0x3f ./Drivers/STM32F4xx_HAL_Driver/Src/stm32f4xx_hal_gpio.o
 .debug_rnglists
                0x000003ef       0xfa ./Drivers/STM32F4xx_HAL_Driver/Src/stm32f4xx_hal_pcd.o
 .debug_rnglists
                0x000004e9       0x26 ./Drivers/STM32F4xx_HAL_Driver/Src/stm32f4xx_hal_pcd_ex.o
 .debug_rnglists
                0x0000050f       0x66 ./Drivers/STM32F4xx_HAL_Driver/Src/stm32f4xx_hal_rcc.o
 .debug_rnglists
                0x00000575      0x16f ./Drivers/STM32F4xx_HAL_Driver/Src/stm32f4xx_hal_spi.o
 .debug_rnglists
                0x000006e4      0x147 ./Drivers/STM32F4xx_HAL_Driver/Src/stm32f4xx_ll_usb.o
 .debug_rnglists
                0x0000082b       0x6c ./Middlewares/ST/STM32_USB_Device_Library/Class/CDC/Src/usbd_cdc.o
 .debug_rnglists
                0x00000897       0xa1 ./Middlewares/ST/STM32_USB_Device_Library/Core/Src/usbd_core.o
 .debug_rnglists
                0x00000938       0x6e ./Middlewares/ST/STM32_USB_Device_Library/Core/Src/usbd_ctlreq.o
 .debug_rnglists
                0x000009a6       0x37 ./Middlewares/ST/STM32_USB_Device_Library/Core/Src/usbd_ioreq.o
 .debug_rnglists
                0x000009dd       0x13 ./USB_DEVICE/App/usb_device.o
 .debug_rnglists
                0x000009f0       0x32 ./USB_DEVICE/App/usbd_cdc_if.o
 .debug_rnglists
                0x00000a22       0x43 ./USB_DEVICE/App/usbd_desc.o
 .debug_rnglists
                0x00000a65       0xc9 ./USB_DEVICE/Target/usbd_conf.o

.debug_macro    0x00000000    0x198c3
 .debug_macro   0x00000000      0x2f2 ./Core/Src/adc_ads1256.o
 .debug_macro   0x000002f2      0xad8 ./Core/Src/adc_ads1256.o
 .debug_macro   0x00000dca      0x29b ./Core/Src/adc_ads1256.o
 .debug_macro   0x00001065       0x2e ./Core/Src/adc_ads1256.o
 .debug_macro   0x00001093       0x28 ./Core/Src/adc_ads1256.o
 .debug_macro   0x000010bb       0x22 ./Core/Src/adc_ads1256.o
 .debug_macro   0x000010dd       0x8e ./Core/Src/adc_ads1256.o
 .debug_macro   0x0000116b       0x51 ./Core/Src/adc_ads1256.o
 .debug_macro   0x000011bc      0x103 ./Core/Src/adc_ads1256.o
 .debug_macro   0x000012bf       0x6a ./Core/Src/adc_ads1256.o
 .debug_macro   0x00001329      0x1df ./Core/Src/adc_ads1256.o
 .debug_macro   0x00001508       0x1c ./Core/Src/adc_ads1256.o
 .debug_macro   0x00001524       0x22 ./Core/Src/adc_ads1256.o
 .debug_macro   0x00001546       0xfb ./Core/Src/adc_ads1256.o