../Core/Src/adc_ads1256.c:29:6:AdcADS1256_SetPinsToSafeState	8	static
../Core/Src/adc_ads1256.c:40:13:AdcADS1256_SelectAdcOnSpiBus	8	static
../Core/Src/adc_ads1256.c:47:13:AdcADS1256_ReleaseAdcFromSpiBus	8	static
../Core/Src/adc_ads1256.c:54:13:AdcADS1256_SendCommand	16	static
../Core/Src/adc_ads1256.c:68:13:AdcADS1256_WriteSingleRegister	24	static
../Core/Src/adc_ads1256.c:94:9:AdcADS1256_ReadSingleRegister	24	static
../Core/Src/adc_ads1256.c:130:16:AdcADS1256_WaitUntilDataIsReadyWithTimeout	24	static
../Core/Src/adc_ads1256.c:146:6:AdcADS1256_WaitUntilDataIsReady	8	static,ignoring_inline_asm
../Core/Src/adc_ads1256.c:155:6:AdcADS1256_Initialize	120	static
../Core/Src/adc_ads1256.c:242:13:AdcADS1256_DrawOperatingStatusOnDisplay	80	static
../Core/Src/adc_ads1256.c:292:13:AdcADS1256_FormatFixedPointCenti	32	static
../Core/Src/adc_ads1256.c:303:16:AdcADS1256_ConvertThreeBytesToSigned24BitValue	24	static
../Core/Src/adc_ads1256.c:322:16:AdcADS1256_ReadRawSigned24BitValueSingleMode	24	static
../Core/Src/adc_ads1256.c:353:9:AdcADS1256_ReadRawSigned24BitValueFromChannel	16	static
../Core/Src/adc_ads1256.c:363:9:AdcADS1256_ReadRawSigned24BitValueContinuousMode	24	static
