../Core/Src/adc_ads1256.c:16:6:AdcADS1256_SetPinsToSafeState	8	static
../Core/Src/adc_ads1256.c:27:13:AdcADS1256_SelectAdcOnSpiBus	8	static
../Core/Src/adc_ads1256.c:34:13:AdcADS1256_ReleaseAdcFromSpiBus	8	static
../Core/Src/adc_ads1256.c:41:13:AdcADS1256_SendCommand	16	static
../Core/Src/adc_ads1256.c:55:13:AdcADS1256_WriteSingleRegister	24	static
../Core/Src/adc_ads1256.c:81:9:AdcADS1256_ReadSingleRegister	24	static
../Core/Src/adc_ads1256.c:117:16:AdcADS1256_WaitUntilDataIsReadyWithTimeout	24	static
../Core/Src/adc_ads1256.c:133:6:AdcADS1256_WaitUntilDataIsReady	8	static,ignoring_inline_asm
../Core/Src/adc_ads1256.c:142:6:AdcADS1256_Initialize	120	static
../Core/Src/adc_ads1256.c:231:9:AdcADS1256_ReadRawSigned24BitValueContinuousMode	32	static
