../Core/Src/main.c:41:5:main	8	static
../Core/Src/main.c:67:13:Application_SetVectorTableToStartAfterWeActBootloader	4	static,ignoring_inline_asm
../Core/Src/main.c:78:13:Application_InitializeCubeGeneratedPeripherals	8	static
../Core/Src/main.c:86:13:Application_SetInitialPinStates	8	static
../Core/Src/main.c:96:13:Application_DrawDisplaySelfTest	16	static
../Core/Src/main.c:105:13:Application_RunContinuousAdcReadingLoop	4216	static
../Core/Src/main.c:177:13:Application_AddTextToUsbBufferAndFlushIfNeeded	32	static
../Core/Src/main.c:204:13:Application_FlushUsbBufferIfNotEmpty	16	static
../Core/Src/main.c:221:6:SystemClock_Config	88	static
