../Core/Src/main.c:42:5:main	1
../Core/Src/main.c:69:13:Application_SetVectorTableToStartAfterWeActBootloader	1
../Core/Src/main.c:80:13:Application_InitializeCubeGeneratedPeripherals	1
../Core/Src/main.c:88:13:Application_SetInitialPinStates	1
../Core/Src/main.c:98:13:Application_SendStartupMessages	1
../Core/Src/main.c:105:13:Application_DrawDisplaySelfTest	1
../Core/Src/main.c:114:13:Application_RunContinuousAdcReadingLoop	4
../Core/Src/main.c:157:13:Application_AddTextToUsbBufferAndFlushIfNeeded	3
../Core/Src/main.c:184:13:Application_FlushUsbBufferIfNotEmpty	2
../Core/Src/main.c:201:6:SystemClock_Config	3
