../Core/Src/main.c:41:5:main	1
../Core/Src/main.c:67:13:Application_SetVectorTableToStartAfterWeActBootloader	1
../Core/Src/main.c:78:13:Application_InitializeCubeGeneratedPeripherals	1
../Core/Src/main.c:86:13:Application_SetInitialPinStates	1
../Core/Src/main.c:96:13:Application_DrawDisplaySelfTest	1
../Core/Src/main.c:105:13:Application_RunContinuousAdcReadingLoop	5
../Core/Src/main.c:177:13:Application_AddTextToUsbBufferAndFlushIfNeeded	3
../Core/Src/main.c:204:13:Application_FlushUsbBufferIfNotEmpty	2
../Core/Src/main.c:221:6:SystemClock_Config	3
