../Core/Src/main.c:42:5:main	8	static
../Core/Src/main.c:69:13:Application_SetVectorTableToStartAfterWeActBootloader	4	static,ignoring_inline_asm
../Core/Src/main.c:80:13:Application_InitializeCubeGeneratedPeripherals	8	static
../Core/Src/main.c:88:13:Application_SetInitialPinStates	8	static
../Core/Src/main.c:98:13:Application_SendStartupMessages	8	static
../Core/Src/main.c:105:13:Application_DrawDisplaySelfTest	16	static
../Core/Src/main.c:114:13:Application_RunContinuousAdcReadingLoop	2144	static
../Core/Src/main.c:157:13:Application_AddTextToUsbBufferAndFlushIfNeeded	32	static
../Core/Src/main.c:184:13:Application_FlushUsbBufferIfNotEmpty	16	static
../Core/Src/main.c:201:6:SystemClock_Config	88	static
